Archive member included because of file (symbol)

f:/altera/nios2eds/bin/gnu/h-i686-mingw32/bin/../lib/gcc/nios2-elf/4.7.3/mno-hw-mul\libgcc.a(lib2-mul.o)
                              obj/default/huffman.o (__mulsi3)
f:/altera/nios2eds/bin/gnu/h-i686-mingw32/bin/../lib/gcc/nios2-elf/4.7.3/../../../../../H-i686-mingw32/nios2-elf/lib/mno-hw-mul\libc.a(lib_a-puts.o)
                              obj/default/huffman.o (puts)
f:/altera/nios2eds/bin/gnu/h-i686-mingw32/bin/../lib/gcc/nios2-elf/4.7.3/../../../../../H-i686-mingw32/nios2-elf/lib/mno-hw-mul\libc.a(lib_a-strlen.o)
                              f:/altera/nios2eds/bin/gnu/h-i686-mingw32/bin/../lib/gcc/nios2-elf/4.7.3/../../../../../H-i686-mingw32/nios2-elf/lib/mno-hw-mul\libc.a(lib_a-puts.o) (strlen)
f:/altera/nios2eds/bin/gnu/h-i686-mingw32/bin/../lib/gcc/nios2-elf/4.7.3/../../../../../H-i686-mingw32/nios2-elf/lib/mno-hw-mul\libc.a(lib_a-fvwrite.o)
                              f:/altera/nios2eds/bin/gnu/h-i686-mingw32/bin/../lib/gcc/nios2-elf/4.7.3/../../../../../H-i686-mingw32/nios2-elf/lib/mno-hw-mul\libc.a(lib_a-puts.o) (__sfvwrite_r)
f:/altera/nios2eds/bin/gnu/h-i686-mingw32/bin/../lib/gcc/nios2-elf/4.7.3/../../../../../H-i686-mingw32/nios2-elf/lib/mno-hw-mul\libc.a(lib_a-impure.o)
                              f:/altera/nios2eds/bin/gnu/h-i686-mingw32/bin/../lib/gcc/nios2-elf/4.7.3/../../../../../H-i686-mingw32/nios2-elf/lib/mno-hw-mul\libc.a(lib_a-puts.o) (_impure_ptr)
f:/altera/nios2eds/bin/gnu/h-i686-mingw32/bin/../lib/gcc/nios2-elf/4.7.3/../../../../../H-i686-mingw32/nios2-elf/lib/mno-hw-mul\libc.a(lib_a-mallocr.o)
                              f:/altera/nios2eds/bin/gnu/h-i686-mingw32/bin/../lib/gcc/nios2-elf/4.7.3/../../../../../H-i686-mingw32/nios2-elf/lib/mno-hw-mul\libc.a(lib_a-fvwrite.o) (_malloc_r)
f:/altera/nios2eds/bin/gnu/h-i686-mingw32/bin/../lib/gcc/nios2-elf/4.7.3/../../../../../H-i686-mingw32/nios2-elf/lib/mno-hw-mul\libc.a(lib_a-memchr.o)
                              f:/altera/nios2eds/bin/gnu/h-i686-mingw32/bin/../lib/gcc/nios2-elf/4.7.3/../../../../../H-i686-mingw32/nios2-elf/lib/mno-hw-mul\libc.a(lib_a-fvwrite.o) (memchr)
f:/altera/nios2eds/bin/gnu/h-i686-mingw32/bin/../lib/gcc/nios2-elf/4.7.3/../../../../../H-i686-mingw32/nios2-elf/lib/mno-hw-mul\libc.a(lib_a-memcpy.o)
                              f:/altera/nios2eds/bin/gnu/h-i686-mingw32/bin/../lib/gcc/nios2-elf/4.7.3/../../../../../H-i686-mingw32/nios2-elf/lib/mno-hw-mul\libc.a(lib_a-fvwrite.o) (memcpy)
f:/altera/nios2eds/bin/gnu/h-i686-mingw32/bin/../lib/gcc/nios2-elf/4.7.3/../../../../../H-i686-mingw32/nios2-elf/lib/mno-hw-mul\libc.a(lib_a-memmove.o)
                              f:/altera/nios2eds/bin/gnu/h-i686-mingw32/bin/../lib/gcc/nios2-elf/4.7.3/../../../../../H-i686-mingw32/nios2-elf/lib/mno-hw-mul\libc.a(lib_a-fvwrite.o) (memmove)
f:/altera/nios2eds/bin/gnu/h-i686-mingw32/bin/../lib/gcc/nios2-elf/4.7.3/../../../../../H-i686-mingw32/nios2-elf/lib/mno-hw-mul\libc.a(lib_a-reallocr.o)
                              f:/altera/nios2eds/bin/gnu/h-i686-mingw32/bin/../lib/gcc/nios2-elf/4.7.3/../../../../../H-i686-mingw32/nios2-elf/lib/mno-hw-mul\libc.a(lib_a-fvwrite.o) (_realloc_r)
f:/altera/nios2eds/bin/gnu/h-i686-mingw32/bin/../lib/gcc/nios2-elf/4.7.3/../../../../../H-i686-mingw32/nios2-elf/lib/mno-hw-mul\libc.a(lib_a-sbrkr.o)
                              f:/altera/nios2eds/bin/gnu/h-i686-mingw32/bin/../lib/gcc/nios2-elf/4.7.3/../../../../../H-i686-mingw32/nios2-elf/lib/mno-hw-mul\libc.a(lib_a-mallocr.o) (_sbrk_r)
f:/altera/nios2eds/bin/gnu/h-i686-mingw32/bin/../lib/gcc/nios2-elf/4.7.3/../../../../../H-i686-mingw32/nios2-elf/lib/mno-hw-mul\libc.a(lib_a-wsetup.o)
                              f:/altera/nios2eds/bin/gnu/h-i686-mingw32/bin/../lib/gcc/nios2-elf/4.7.3/../../../../../H-i686-mingw32/nios2-elf/lib/mno-hw-mul\libc.a(lib_a-fvwrite.o) (__swsetup_r)
f:/altera/nios2eds/bin/gnu/h-i686-mingw32/bin/../lib/gcc/nios2-elf/4.7.3/../../../../../H-i686-mingw32/nios2-elf/lib/mno-hw-mul\libc.a(lib_a-fflush.o)
                              f:/altera/nios2eds/bin/gnu/h-i686-mingw32/bin/../lib/gcc/nios2-elf/4.7.3/../../../../../H-i686-mingw32/nios2-elf/lib/mno-hw-mul\libc.a(lib_a-fvwrite.o) (_fflush_r)
f:/altera/nios2eds/bin/gnu/h-i686-mingw32/bin/../lib/gcc/nios2-elf/4.7.3/../../../../../H-i686-mingw32/nios2-elf/lib/mno-hw-mul\libc.a(lib_a-findfp.o)
                              f:/altera/nios2eds/bin/gnu/h-i686-mingw32/bin/../lib/gcc/nios2-elf/4.7.3/../../../../../H-i686-mingw32/nios2-elf/lib/mno-hw-mul\libc.a(lib_a-wsetup.o) (__sinit)
f:/altera/nios2eds/bin/gnu/h-i686-mingw32/bin/../lib/gcc/nios2-elf/4.7.3/../../../../../H-i686-mingw32/nios2-elf/lib/mno-hw-mul\libc.a(lib_a-freer.o)
                              f:/altera/nios2eds/bin/gnu/h-i686-mingw32/bin/../lib/gcc/nios2-elf/4.7.3/../../../../../H-i686-mingw32/nios2-elf/lib/mno-hw-mul\libc.a(lib_a-fvwrite.o) (_free_r)
[...]
Memory Configuration

Name             Origin             Length             Attributes
reset            0x00010000         0x00000020
mem5             0x00010020         0x0000ffe0
*default*        0x00000000         0xffffffff

Linker script and memory map

LOAD ../cpu5_bsp//obj/HAL/src/crt0.o
LOAD obj/default/FIFO.o
LOAD obj/default/huffman.o
LOAD f:/altera/nios2eds/bin/gnu/h-i686-mingw32/bin/../lib/gcc/nios2-elf/4.7.3/../../../../../H-i686-mingw32/nios2-elf/lib/mno-hw-mul\libstdc++.a
LOAD f:/altera/nios2eds/bin/gnu/h-i686-mingw32/bin/../lib/gcc/nios2-elf/4.7.3/../../../../../H-i686-mingw32/nios2-elf/lib/mno-hw-mul\libm.a
LOAD f:/altera/nios2eds/bin/gnu/h-i686-mingw32/bin/../lib/gcc/nios2-elf/4.7.3/mno-hw-mul\libgcc.a
START GROUP
LOAD f:/altera/nios2eds/bin/gnu/h-i686-mingw32/bin/../lib/gcc/nios2-elf/4.7.3/../../../../../H-i686-mingw32/nios2-elf/lib/mno-hw-mul\libc.a
LOAD f:/altera/nios2eds/bin/gnu/h-i686-mingw32/bin/../lib/gcc/nios2-elf/4.7.3/mno-hw-mul\libgcc.a
LOAD ../cpu5_bsp/\libhal_bsp.a
END GROUP
LOAD f:/altera/nios2eds/bin/gnu/h-i686-mingw32/bin/../lib/gcc/nios2-elf/4.7.3/mno-hw-mul\libgcc.a
                0x00010000                __alt_mem_mem5 = 0x10000

.entry          0x00010000       0x20
 *(.entry)
 .entry         0x00010000       0x20 ../cpu5_bsp//obj/HAL/src/crt0.o
                0x00010000                __reset

.exceptions     0x00010020      0x198
                0x00010020                PROVIDE (__ram_exceptions_start, ABSOLUTE (.))
                0x00010020                . = ALIGN (0x20)
 *(.irq)
 *(.exceptions.entry.label)
 .exceptions.entry.label
                0x00010020        0x0 ../cpu5_bsp/\libhal_bsp.a(alt_irq_entry.o)
                0x00010020                alt_irq_entry
 .exceptions.entry.label
                0x00010020        0x0 ../cpu5_bsp/\libhal_bsp.a(alt_exception_entry.o)
                0x00010020                alt_exception
 *(.exceptions.entry.user)
 *(.exceptions.entry.ecc_fatal)
 *(.exceptions.entry)
 .exceptions.entry
                0x00010020       0x54 ../cpu5_bsp/\libhal_bsp.a(alt_exception_entry.o)
 *(.exceptions.irqtest.user)
 *(.exceptions.irqtest)
 .exceptions.irqtest
                0x00010074       0x10 ../cpu5_bsp/\libhal_bsp.a(alt_irq_entry.o)
 *(.exceptions.irqhandler.user)
 *(.exceptions.irqhandler)
 .exceptions.irqhandler
                0x00010084        0x4 ../cpu5_bsp/\libhal_bsp.a(alt_irq_entry.o)
 *(.exceptions.irqreturn.user)
 *(.exceptions.irqreturn)
 .exceptions.irqreturn
                0x00010088        0x4 ../cpu5_bsp/\libhal_bsp.a(alt_irq_entry.o)
 *(.exceptions.notirq.label)
 .exceptions.notirq.label
                0x0001008c        0x0 ../cpu5_bsp/\libhal_bsp.a(alt_irq_entry.o)
 *(.exceptions.notirq.user)
 *(.exceptions.notirq)
 .exceptions.notirq
                0x0001008c        0x8 ../cpu5_bsp/\libhal_bsp.a(alt_exception_entry.o)
 *(.exceptions.soft.user)
 *(.exceptions.soft)
 *(.exceptions.unknown.user)
 *(.exceptions.unknown)
 .exceptions.unknown
                0x00010094        0x4 ../cpu5_bsp/\libhal_bsp.a(alt_exception_entry.o)
 *(.exceptions.exit.label)
 .exceptions.exit.label
                0x00010098        0x0 ../cpu5_bsp/\libhal_bsp.a(alt_irq_entry.o)
 .exceptions.exit.label
                0x00010098        0x0 ../cpu5_bsp/\libhal_bsp.a(alt_exception_entry.o)
 *(.exceptions.exit.user)
 *(.exceptions.exit)
 .exceptions.exit
                0x00010098       0x54 ../cpu5_bsp/\libhal_bsp.a(alt_exception_entry.o)
 *(.exceptions)
 .exceptions    0x000100ec       0xcc ../cpu5_bsp/\libhal_bsp.a(alt_irq_handler.o)
                0x000100ec                alt_irq_handler
                0x000101b8                PROVIDE (__ram_exceptions_end, ABSOLUTE (.))
                0x00010020                PROVIDE (__flash_exceptions_start, LOADADDR (.exceptions))

.text           0x000101b8     0x6b9c
                0x000101b8                PROVIDE (stext, ABSOLUTE (.))
 *(.interp)
 *(.hash)
 *(.dynsym)
 *(.dynstr)
 *(.gnu.version)
 *(.gnu.version_d)
 *(.gnu.version_r)
 *(.rel.init)
 *(.rela.init)
 *(.rel.text .rel.text.* .rel.gnu.linkonce.t.*)
 *(.rela.text .rela.text.* .rela.gnu.linkonce.t.*)
 *(.rel.fini)
 *(.rela.fini)
 *(.rel.rodata .rel.rodata.* .rel.gnu.linkonce.r.*)
 *(.rela.rodata .rela.rodata.* .rela.gnu.linkonce.r.*)
 *(.rel.data .rel.data.* .rel.gnu.linkonce.d.*)
 *(.rela.data .rela.data.* .rela.gnu.linkonce.d.*)
 *(.rel.tdata .rel.tdata.* .rel.gnu.linkonce.td.*)
 *(.rela.tdata .rela.tdata.* .rela.gnu.linkonce.td.*)
 *(.rel.tbss .rel.tbss.* .rel.gnu.linkonce.tb.*)
 *(.rela.tbss .rela.tbss.* .rela.gnu.linkonce.tb.*)
 *(.rel.ctors)
 *(.rela.ctors)
 *(.rel.dtors)
 *(.rela.dtors)
 *(.rel.got)
 *(.rela.got)
 *(.rel.sdata .rel.sdata.* .rel.gnu.linkonce.s.*)
 *(.rela.sdata .rela.sdata.* .rela.gnu.linkonce.s.*)
 *(.rel.sbss .rel.sbss.* .rel.gnu.linkonce.sb.*)
 *(.rela.sbss .rela.sbss.* .rela.gnu.linkonce.sb.*)
 *(.rel.sdata2 .rel.sdata2.* .rel.gnu.linkonce.s2.*)
 *(.rela.sdata2 .rela.sdata2.* .rela.gnu.linkonce.s2.*)
 *(.rel.sbss2 .rel.sbss2.* .rel.gnu.linkonce.sb2.*)
 *(.rela.sbss2 .rela.sbss2.* .rela.gnu.linkonce.sb2.*)
 *(.rel.bss .rel.bss.* .rel.gnu.linkonce.b.*)
 *(.rela.bss .rela.bss.* .rela.gnu.linkonce.b.*)
 *(.rel.plt)
 *(.rela.plt)
 *(.rel.dyn)
 *(.init)
 *(.plt)
 *(.text .stub .text.* .gnu.linkonce.t.*)
 .text          0x000101b8       0x3c ../cpu5_bsp//obj/HAL/src/crt0.o
                0x000101b8                _start
 .text          0x000101f4       0xf4 obj/default/FIFO.o
                0x000101f4                WRITE_FIFO
                0x00010254                READ_FIFO
                0x000102a8                FIFO_INIT
 .text          0x000102e8     0x1268 obj/default/huffman.o
                0x000102e8                delay
                0x00010328                write_markers
                0x000108dc                huffman
                0x00011338                close_bitstream
                0x0001144c                main
 .text          0x00011550       0x28 f:/altera/nios2eds/bin/gnu/h-i686-mingw32/bin/../lib/gcc/nios2-elf/4.7.3/mno-hw-mul\libgcc.a(lib2-mul.o)
                0x00011550                __mulsi3
 .text          0x00011578       0x98 f:/altera/nios2eds/bin/gnu/h-i686-mingw32/bin/../lib/gcc/nios2-elf/4.7.3/../../../../../H-i686-mingw32/nios2-elf/lib/mno-hw-mul\libc.a(lib_a-puts.o)
                0x00011578                _puts_r
                0x000115fc                puts
 .text          0x00011610       0x8c f:/altera/nios2eds/bin/gnu/h-i686-mingw32/bin/../lib/gcc/nios2-elf/4.7.3/../../../../../H-i686-mingw32/nios2-elf/lib/mno-hw-mul\libc.a(lib_a-strlen.o)
                0x00011610                strlen
 .text          0x0001169c      0x4e4 f:/altera/nios2eds/bin/gnu/h-i686-mingw32/bin/../lib/gcc/nios2-elf/4.7.3/../../../../../H-i686-mingw32/nios2-elf/lib/mno-hw-mul\libc.a(lib_a-fvwrite.o)
                0x0001169c                __sfvwrite_r
 .text          0x00011b80        0x0 f:/altera/nios2eds/bin/gnu/h-i686-mingw32/bin/../lib/gcc/nios2-elf/4.7.3/../../../../../H-i686-mingw32/nios2-elf/lib/mno-hw-mul\libc.a(lib_a-impure.o)
 .text          0x00011b80      0x784 f:/altera/nios2eds/bin/gnu/h-i686-mingw32/bin/../lib/gcc/nios2-elf/4.7.3/../../../../../H-i686-mingw32/nios2-elf/lib/mno-hw-mul\libc.a(lib_a-mallocr.o)
                0x00011b80                _malloc_r
 .text          0x00012304       0xf8 f:/altera/nios2eds/bin/gnu/h-i686-mingw32/bin/../lib/gcc/nios2-elf/4.7.3/../../../../../H-i686-mingw32/nios2-elf/lib/mno-hw-mul\libc.a(lib_a-memchr.o)
                0x00012304                memchr
 .text          0x000123fc      0x140 f:/altera/nios2eds/bin/gnu/h-i686-mingw32/bin/../lib/gcc/nios2-elf/4.7.3/../../../../../H-i686-mingw32/nios2-elf/lib/mno-hw-mul\libc.a(lib_a-memcpy.o)
                0x000123fc                memcpy
 .text          0x0001253c      0x18c f:/altera/nios2eds/bin/gnu/h-i686-mingw32/bin/../lib/gcc/nios2-elf/4.7.3/../../../../../H-i686-mingw32/nios2-elf/lib/mno-hw-mul\libc.a(lib_a-memmove.o)
                0x0001253c                memmove
 .text          0x000126c8      0x5fc f:/altera/nios2eds/bin/gnu/h-i686-mingw32/bin/../lib/gcc/nios2-elf/4.7.3/../../../../../H-i686-mingw32/nios2-elf/lib/mno-hw-mul\libc.a(lib_a-reallocr.o)
                0x000126c8                _realloc_r
 .text          0x00012cc4       0x64 f:/altera/nios2eds/bin/gnu/h-i686-mingw32/bin/../lib/gcc/nios2-elf/4.7.3/../../../../../H-i686-mingw32/nios2-elf/lib/mno-hw-mul\libc.a(lib_a-sbrkr.o)
                0x00012cc4                _sbrk_r
 .text          0x00012d28      0x174 f:/altera/nios2eds/bin/gnu/h-i686-mingw32/bin/../lib/gcc/nios2-elf/4.7.3/../../../../../H-i686-mingw32/nios2-elf/lib/mno-hw-mul\libc.a(lib_a-wsetup.o)
                0x00012d28                __swsetup_r
 .text          0x00012e9c      0x218 f:/altera/nios2eds/bin/gnu/h-i686-mingw32/bin/../lib/gcc/nios2-elf/4.7.3/../../../../../H-i686-mingw32/nios2-elf/lib/mno-hw-mul\libc.a(lib_a-fflush.o)
                0x00012e9c                _fflush_r
                0x00013084                fflush
 .text          0x000130b4      0x2ec f:/altera/nios2eds/bin/gnu/h-i686-mingw32/bin/../lib/gcc/nios2-elf/4.7.3/../../../../../H-i686-mingw32/nios2-elf/lib/mno-hw-mul\libc.a(lib_a-findfp.o)
                0x000130c4                _cleanup_r
                0x000130d0                __sfmoreglue
                0x00013148                _cleanup
                0x00013158                __sinit
                0x00013264                __sfp
                0x00013360                __sfp_lock_acquire
                0x00013364                __sfp_lock_release
                0x00013368                __sinit_lock_acquire
                0x0001336c                __sinit_lock_release
                0x00013370                __fp_lock_all
                0x00013388                __fp_unlock_all
 .text          0x000133a0      0x40c f:/altera/nios2eds/bin/gnu/h-i686-mingw32/bin/../lib/gcc/nios2-elf/4.7.3/../../../../../H-i686-mingw32/nios2-elf/lib/mno-hw-mul\libc.a(lib_a-freer.o)
                0x000133a0                _malloc_trim_r
                0x000134dc                _free_r
 .text          0x000137ac      0x160 f:/altera/nios2eds/bin/gnu/h-i686-mingw32/bin/../lib/gcc/nios2-elf/4.7.3/../../../../../H-i686-mingw32/nios2-elf/lib/mno-hw-mul\libc.a(lib_a-fwalk.o)
                0x000137ac                _fwalk
                0x00013854                _fwalk_reent
 .text          0x0001390c        0x0 f:/altera/nios2eds/bin/gnu/h-i686-mingw32/bin/../lib/gcc/nios2-elf/4.7.3/../../../../../H-i686-mingw32/nios2-elf/lib/mno-hw-mul\libc.a(lib_a-int_errno.o)
 .text          0x0001390c      0x1a8 f:/altera/nios2eds/bin/gnu/h-i686-mingw32/bin/../lib/gcc/nios2-elf/4.7.3/../../../../../H-i686-mingw32/nios2-elf/lib/mno-hw-mul\libc.a(lib_a-makebuf.o)
                0x0001390c                __smakebuf_r
 .text          0x00013ab4       0xdc f:/altera/nios2eds/bin/gnu/h-i686-mingw32/bin/../lib/gcc/nios2-elf/4.7.3/../../../../../H-i686-mingw32/nios2-elf/lib/mno-hw-mul\libc.a(lib_a-memset.o)
                0x00013ab4                memset
 .text          0x00013b90      0x140 f:/altera/nios2eds/bin/gnu/h-i686-mingw32/bin/../lib/gcc/nios2-elf/4.7.3/../../../../../H-i686-mingw32/nios2-elf/lib/mno-hw-mul\libc.a(lib_a-stdio.o)
                0x00013b90                __sread
                0x00013be4                __swrite
                0x00013c6c                __sseek
                0x00013cc8                __sclose
 .text          0x00013cd0       0x6c f:/altera/nios2eds/bin/gnu/h-i686-mingw32/bin/../lib/gcc/nios2-elf/4.7.3/../../../../../H-i686-mingw32/nios2-elf/lib/mno-hw-mul\libc.a(lib_a-writer.o)
                0x00013cd0                _write_r
 .text          0x00013d3c       0x64 f:/altera/nios2eds/bin/gnu/h-i686-mingw32/bin/../lib/gcc/nios2-elf/4.7.3/../../../../../H-i686-mingw32/nios2-elf/lib/mno-hw-mul\libc.a(lib_a-closer.o)
                0x00013d3c                _close_r
 .text          0x00013da0      0x150 f:/altera/nios2eds/bin/gnu/h-i686-mingw32/bin/../lib/gcc/nios2-elf/4.7.3/../../../../../H-i686-mingw32/nios2-elf/lib/mno-hw-mul\libc.a(lib_a-fclose.o)
                0x00013da0                _fclose_r
                0x00013edc                fclose
 .text          0x00013ef0       0x68 f:/altera/nios2eds/bin/gnu/h-i686-mingw32/bin/../lib/gcc/nios2-elf/4.7.3/../../../../../H-i686-mingw32/nios2-elf/lib/mno-hw-mul\libc.a(lib_a-fstatr.o)
                0x00013ef0                _fstat_r
 .text          0x00013f58       0x64 f:/altera/nios2eds/bin/gnu/h-i686-mingw32/bin/../lib/gcc/nios2-elf/4.7.3/../../../../../H-i686-mingw32/nios2-elf/lib/mno-hw-mul\libc.a(lib_a-isattyr.o)
                0x00013f58                _isatty_r
 .text          0x00013fbc       0x6c f:/altera/nios2eds/bin/gnu/h-i686-mingw32/bin/../lib/gcc/nios2-elf/4.7.3/../../../../../H-i686-mingw32/nios2-elf/lib/mno-hw-mul\libc.a(lib_a-lseekr.o)
                0x00013fbc                _lseek_r
 .text          0x00014028       0x6c f:/altera/nios2eds/bin/gnu/h-i686-mingw32/bin/../lib/gcc/nios2-elf/4.7.3/../../../../../H-i686-mingw32/nios2-elf/lib/mno-hw-mul\libc.a(lib_a-readr.o)
                0x00014028                _read_r
 .text          0x00014094      0x11c ../cpu5_bsp/\libhal_bsp.a(alt_close.o)
                0x000140e4                close
 .text          0x000141b0       0x2c ../cpu5_bsp/\libhal_bsp.a(alt_dev.o)
 .text          0x000141dc        0x0 ../cpu5_bsp/\libhal_bsp.a(alt_errno.o)
 .text          0x000141dc      0x100 ../cpu5_bsp/\libhal_bsp.a(alt_fstat.o)
                0x0001422c                fstat
 .text          0x000142dc       0xf4 ../cpu5_bsp/\libhal_bsp.a(alt_isatty.o)
                0x0001432c                isatty
 .text          0x000143d0       0xec ../cpu5_bsp/\libhal_bsp.a(alt_load.o)
                0x0001443c                alt_load
 .text          0x000144bc      0x124 ../cpu5_bsp/\libhal_bsp.a(alt_lseek.o)
                0x0001450c                lseek
 .text          0x000145e0       0x78 ../cpu5_bsp/\libhal_bsp.a(alt_main.o)
                0x000145e0                alt_main
 .text          0x00014658       0x40 ../cpu5_bsp/\libhal_bsp.a(alt_malloc_lock.o)
                0x00014658                __malloc_lock
                0x00014678                __malloc_unlock
 .text          0x00014698      0x144 ../cpu5_bsp/\libhal_bsp.a(alt_read.o)
                0x000146e8                read
 .text          0x000147dc       0x80 ../cpu5_bsp/\libhal_bsp.a(alt_release_fd.o)
                0x000147dc                alt_release_fd
 .text          0x0001485c       0xb0 ../cpu5_bsp/\libhal_bsp.a(alt_sbrk.o)
                0x0001485c                sbrk
 .text          0x0001490c      0x140 ../cpu5_bsp/\libhal_bsp.a(alt_write.o)
                0x0001495c                write
 .text          0x00014a4c       0xd8 ../cpu5_bsp/\libhal_bsp.a(alt_sys_init.o)
                0x00014a84                alt_irq_init
                0x00014ab8                alt_sys_init
 .text          0x00014b24      0x4f0 ../cpu5_bsp/\libhal_bsp.a(altera_avalon_fifo_util.o)
                0x00014b24                altera_avalon_fifo_init
                0x00014bbc                altera_avalon_fifo_read_status
                0x00014bf8                altera_avalon_fifo_read_ienable
                0x00014c34                altera_avalon_fifo_read_almostfull
                0x00014c60                altera_avalon_fifo_read_almostempty
                0x00014c8c                altera_avalon_fifo_read_event
                0x00014cc8                altera_avalon_fifo_read_level
                0x00014cf0                altera_avalon_fifo_clear_event
                0x00014d4c                altera_avalon_fifo_write_ienable
                0x00014da4                altera_avalon_fifo_write_almostfull
                0x00014dfc                altera_avalon_fifo_write_almostempty
                0x00014e54                altera_avalon_fifo_write_fifo
                0x00014eac                altera_avalon_read_fifo
                0x00014f18                altera_avalon_fifo_read_fifo
                0x00014f64                altera_avalon_fifo_write_other_info
                0x00014fc0                altera_avalon_fifo_read_other_info
                0x00014fec                altera_avalon_fifo_read_backpressure
 .text          0x00015014      0x164 ../cpu5_bsp/\libhal_bsp.a(altera_avalon_jtag_uart_fd.o)
                0x00015014                altera_avalon_jtag_uart_read_fd
                0x00015074                altera_avalon_jtag_uart_write_fd
                0x000150d4                altera_avalon_jtag_uart_close_fd
                0x00015124                altera_avalon_jtag_uart_ioctl_fd
 .text          0x00015178      0x3d0 ../cpu5_bsp/\libhal_bsp.a(altera_avalon_jtag_uart_init.o)
                0x00015178                altera_avalon_jtag_uart_init
                0x000154e0                altera_avalon_jtag_uart_close
 .text          0x00015548       0xf4 ../cpu5_bsp/\libhal_bsp.a(altera_avalon_jtag_uart_ioctl.o)
                0x00015548                altera_avalon_jtag_uart_ioctl
 .text          0x0001563c      0x218 ../cpu5_bsp/\libhal_bsp.a(altera_avalon_jtag_uart_read.o)
                0x0001563c                altera_avalon_jtag_uart_read
 .text          0x00015854      0x224 ../cpu5_bsp/\libhal_bsp.a(altera_avalon_jtag_uart_write.o)
                0x00015854                altera_avalon_jtag_uart_write
 .text          0x00015a78       0xfc ../cpu5_bsp/\libhal_bsp.a(altera_avalon_timer_sc.o)
                0x00015aec                alt_avalon_timer_sc_init
 .text          0x00015b74      0x140 ../cpu5_bsp/\libhal_bsp.a(alt_alarm_start.o)
                0x00015b74                alt_alarm_start
 .text          0x00015cb4       0x1c ../cpu5_bsp/\libhal_bsp.a(alt_dcache_flush_all.o)
                0x00015cb4                alt_dcache_flush_all
 .text          0x00015cd0       0xf0 ../cpu5_bsp/\libhal_bsp.a(alt_dev_llist_insert.o)
                0x00015d20                alt_dev_llist_insert
 .text          0x00015dc0       0x5c ../cpu5_bsp/\libhal_bsp.a(alt_do_ctors.o)
                0x00015dc0                _do_ctors
 .text          0x00015e1c       0x5c ../cpu5_bsp/\libhal_bsp.a(alt_do_dtors.o)
                0x00015e1c                _do_dtors
 .text          0x00015e78       0x1c ../cpu5_bsp/\libhal_bsp.a(alt_icache_flush_all.o)
                0x00015e78                alt_icache_flush_all
 .text          0x00015e94      0x1d8 ../cpu5_bsp/\libhal_bsp.a(alt_iic.o)
                0x00015e94                alt_ic_isr_register
                0x00015ee4                alt_ic_irq_enable
                0x00015f80                alt_ic_irq_disable
                0x00016020                alt_ic_irq_enabled
 .text          0x0001606c       0xf0 ../cpu5_bsp/\libhal_bsp.a(alt_iic_isr_register.o)
                0x0001606c                alt_iic_isr_register
 .text          0x0001615c      0x158 ../cpu5_bsp/\libhal_bsp.a(alt_io_redirect.o)
                0x0001623c                alt_io_redirect
 .text          0x000162b4        0x0 ../cpu5_bsp/\libhal_bsp.a(alt_irq_entry.o)
 .text          0x000162b4        0x0 ../cpu5_bsp/\libhal_bsp.a(alt_irq_handler.o)
 .text          0x000162b4        0x0 ../cpu5_bsp/\libhal_bsp.a(alt_irq_vars.o)
 .text          0x000162b4      0x298 ../cpu5_bsp/\libhal_bsp.a(alt_open.o)
                0x000163f4                open
 .text          0x0001654c      0x19c ../cpu5_bsp/\libhal_bsp.a(alt_tick.o)
                0x0001654c                alt_alarm_stop
                0x000165e4                alt_tick
 .text          0x000166e8       0x20 ../cpu5_bsp/\libhal_bsp.a(altera_nios2_qsys_irq.o)
                0x000166e8                altera_nios2_qsys_irq_init
 .text          0x00016708        0x0 ../cpu5_bsp/\libhal_bsp.a(alt_exception_entry.o)
 .text          0x00016708       0x90 ../cpu5_bsp/\libhal_bsp.a(alt_find_dev.o)
                0x00016708                alt_find_dev
 .text          0x00016798      0x114 ../cpu5_bsp/\libhal_bsp.a(alt_find_file.o)
                0x00016798                alt_find_file
 .text          0x000168ac       0xd4 ../cpu5_bsp/\libhal_bsp.a(alt_get_fd.o)
                0x000168ac                alt_get_fd
 .text          0x00016980       0x14 f:/altera/nios2eds/bin/gnu/h-i686-mingw32/bin/../lib/gcc/nios2-elf/4.7.3/../../../../../H-i686-mingw32/nios2-elf/lib/mno-hw-mul\libc.a(lib_a-atexit.o)
                0x00016980                atexit
 .text          0x00016994       0x38 f:/altera/nios2eds/bin/gnu/h-i686-mingw32/bin/../lib/gcc/nios2-elf/4.7.3/../../../../../H-i686-mingw32/nios2-elf/lib/mno-hw-mul\libc.a(lib_a-exit.o)
                0x00016994                exit
 .text          0x000169cc       0x7c f:/altera/nios2eds/bin/gnu/h-i686-mingw32/bin/../lib/gcc/nios2-elf/4.7.3/../../../../../H-i686-mingw32/nios2-elf/lib/mno-hw-mul\libc.a(lib_a-memcmp.o)
                0x000169cc                memcmp
 .text          0x00016a48      0x130 f:/altera/nios2eds/bin/gnu/h-i686-mingw32/bin/../lib/gcc/nios2-elf/4.7.3/../../../../../H-i686-mingw32/nios2-elf/lib/mno-hw-mul\libc.a(lib_a-__atexit.o)
                0x00016a48                __register_exitproc
 .text          0x00016b78      0x1a0 f:/altera/nios2eds/bin/gnu/h-i686-mingw32/bin/../lib/gcc/nios2-elf/4.7.3/../../../../../H-i686-mingw32/nios2-elf/lib/mno-hw-mul\libc.a(lib_a-__call_atexit.o)
                0x00016b78                __call_exitprocs
 .text          0x00016d18       0x3c ../cpu5_bsp/\libhal_bsp.a(alt_exit.o)
                0x00016d18                _exit
 *(.gnu.warning.*)
 *(.fini)
                0x00016d54                PROVIDE (__etext, ABSOLUTE (.))
                0x00016d54                PROVIDE (_etext, ABSOLUTE (.))
                0x00016d54                PROVIDE (etext, ABSOLUTE (.))
 *(.eh_frame_hdr)
                0x00016d54                . = ALIGN (0x4)
                0x00016d54                PROVIDE (__preinit_array_start, ABSOLUTE (.))
 *(.preinit_array)
                0x00016d54                PROVIDE (__preinit_array_end, ABSOLUTE (.))
                0x00016d54                PROVIDE (__init_array_start, ABSOLUTE (.))
 *(.init_array)
                0x00016d54                PROVIDE (__init_array_end, ABSOLUTE (.))
                0x00016d54                PROVIDE (__fini_array_start, ABSOLUTE (.))
 *(.fini_array)
                0x00016d54                PROVIDE (__fini_array_end, ABSOLUTE (.))
 *(.eh_frame)
 *(.gcc_except_table .gcc_except_table.*)
 *(.dynamic)
                0x00016d54                PROVIDE (__CTOR_LIST__, ABSOLUTE (.))
 *(.ctors)
 *(SORT(.ctors.*))
                0x00016d54                PROVIDE (__CTOR_END__, ABSOLUTE (.))
                0x00016d54                PROVIDE (__DTOR_LIST__, ABSOLUTE (.))
 *(.dtors)
 *(SORT(.dtors.*))
                0x00016d54                PROVIDE (__DTOR_END__, ABSOLUTE (.))
 *(.jcr)
                0x00016d54                . = ALIGN (0x4)

.rodata         0x00016d54       0x74
                0x00016d54                PROVIDE (__ram_rodata_start, ABSOLUTE (.))
                0x00016d54                . = ALIGN (0x4)
 *(.rodata .rodata.* .gnu.linkonce.r.*)
 .rodata        0x00016d54       0x40 obj/default/huffman.o
 .rodata.str1.4
                0x00016d94        0x2 f:/altera/nios2eds/bin/gnu/h-i686-mingw32/bin/../lib/gcc/nios2-elf/4.7.3/../../../../../H-i686-mingw32/nios2-elf/lib/mno-hw-mul\libc.a(lib_a-puts.o)
                                  0x4 (size before relaxing)
 *fill*         0x00016d96        0x2 
 .rodata.str1.4
                0x00016d98        0x4 f:/altera/nios2eds/bin/gnu/h-i686-mingw32/bin/../lib/gcc/nios2-elf/4.7.3/../../../../../H-i686-mingw32/nios2-elf/lib/mno-hw-mul\libc.a(lib_a-impure.o)
 .rodata        0x00016d9c        0xc ../cpu5_bsp/\libhal_bsp.a(alt_dev.o)
 .rodata        0x00016da8       0x10 ../cpu5_bsp/\libhal_bsp.a(alt_main.o)
 .rodata        0x00016db8       0x10 ../cpu5_bsp/\libhal_bsp.a(alt_sys_init.o)
 *(.rodata1)
                0x00016dc8                . = ALIGN (0x4)
                0x00016dc8                PROVIDE (__ram_rodata_end, ABSOLUTE (.))
                0x00016d54                PROVIDE (__flash_rodata_start, LOADADDR (.rodata))

.rwdata         0x00016dc8     0x225c load address 0x00019024
                0x00016dc8                PROVIDE (__ram_rwdata_start, ABSOLUTE (.))
                0x00016dc8                . = ALIGN (0x4)
 *(.got.plt)
 *(.got)
 *(.data1)
 *(.data .data.* .gnu.linkonce.d.*)
 .data          0x00016dc8        0x0 ../cpu5_bsp//obj/HAL/src/crt0.o
 .data          0x00016dc8        0x0 obj/default/FIFO.o
 .data          0x00016dc8      0x814 obj/default/huffman.o
                0x00016dc8                luminance_dc_code_table
                0x00016de0                luminance_dc_size_table
                0x00016df8                chrominance_dc_code_table
                0x00016e10                chrominance_dc_size_table
                0x00016e28                luminance_ac_code_table
                0x00016f6c                luminance_ac_size_table
                0x000170b0                chrominance_ac_code_table
                0x000171f4                chrominance_ac_size_table
                0x00017338                bitsize
                0x00017438                markerdata
 .data          0x000175dc        0x0 f:/altera/nios2eds/bin/gnu/h-i686-mingw32/bin/../lib/gcc/nios2-elf/4.7.3/mno-hw-mul\libgcc.a(lib2-mul.o)
 .data          0x000175dc        0x0 f:/altera/nios2eds/bin/gnu/h-i686-mingw32/bin/../lib/gcc/nios2-elf/4.7.3/../../../../../H-i686-mingw32/nios2-elf/lib/mno-hw-mul\libc.a(lib_a-puts.o)
 .data          0x000175dc        0x0 f:/altera/nios2eds/bin/gnu/h-i686-mingw32/bin/../lib/gcc/nios2-elf/4.7.3/../../../../../H-i686-mingw32/nios2-elf/lib/mno-hw-mul\libc.a(lib_a-strlen.o)
 .data          0x000175dc        0x0 f:/altera/nios2eds/bin/gnu/h-i686-mingw32/bin/../lib/gcc/nios2-elf/4.7.3/../../../../../H-i686-mingw32/nios2-elf/lib/mno-hw-mul\libc.a(lib_a-fvwrite.o)
 .data          0x000175dc      0x400 f:/altera/nios2eds/bin/gnu/h-i686-mingw32/bin/../lib/gcc/nios2-elf/4.7.3/../../../../../H-i686-mingw32/nios2-elf/lib/mno-hw-mul\libc.a(lib_a-impure.o)
 .data          0x000179dc      0x408 f:/altera/nios2eds/bin/gnu/h-i686-mingw32/bin/../lib/gcc/nios2-elf/4.7.3/../../../../../H-i686-mingw32/nios2-elf/lib/mno-hw-mul\libc.a(lib_a-mallocr.o)
                0x000179dc                __malloc_av_
 .data          0x00017de4        0x0 f:/altera/nios2eds/bin/gnu/h-i686-mingw32/bin/../lib/gcc/nios2-elf/4.7.3/../../../../../H-i686-mingw32/nios2-elf/lib/mno-hw-mul\libc.a(lib_a-memchr.o)
 .data          0x00017de4        0x0 f:/altera/nios2eds/bin/gnu/h-i686-mingw32/bin/../lib/gcc/nios2-elf/4.7.3/../../../../../H-i686-mingw32/nios2-elf/lib/mno-hw-mul\libc.a(lib_a-memcpy.o)
 .data          0x00017de4        0x0 f:/altera/nios2eds/bin/gnu/h-i686-mingw32/bin/../lib/gcc/nios2-elf/4.7.3/../../../../../H-i686-mingw32/nios2-elf/lib/mno-hw-mul\libc.a(lib_a-memmove.o)
 .data          0x00017de4        0x0 f:/altera/nios2eds/bin/gnu/h-i686-mingw32/bin/../lib/gcc/nios2-elf/4.7.3/../../../../../H-i686-mingw32/nios2-elf/lib/mno-hw-mul\libc.a(lib_a-reallocr.o)
 .data          0x00017de4        0x0 f:/altera/nios2eds/bin/gnu/h-i686-mingw32/bin/../lib/gcc/nios2-elf/4.7.3/../../../../../H-i686-mingw32/nios2-elf/lib/mno-hw-mul\libc.a(lib_a-sbrkr.o)
 .data          0x00017de4        0x0 f:/altera/nios2eds/bin/gnu/h-i686-mingw32/bin/../lib/gcc/nios2-elf/4.7.3/../../../../../H-i686-mingw32/nios2-elf/lib/mno-hw-mul\libc.a(lib_a-wsetup.o)
 .data          0x00017de4        0x0 f:/altera/nios2eds/bin/gnu/h-i686-mingw32/bin/../lib/gcc/nios2-elf/4.7.3/../../../../../H-i686-mingw32/nios2-elf/lib/mno-hw-mul\libc.a(lib_a-fflush.o)
 .data          0x00017de4        0x0 f:/altera/nios2eds/bin/gnu/h-i686-mingw32/bin/../lib/gcc/nios2-elf/4.7.3/../../../../../H-i686-mingw32/nios2-elf/lib/mno-hw-mul\libc.a(lib_a-findfp.o)
 .data          0x00017de4        0x0 f:/altera/nios2eds/bin/gnu/h-i686-mingw32/bin/../lib/gcc/nios2-elf/4.7.3/../../../../../H-i686-mingw32/nios2-elf/lib/mno-hw-mul\libc.a(lib_a-freer.o)
 .data          0x00017de4        0x0 f:/altera/nios2eds/bin/gnu/h-i686-mingw32/bin/../lib/gcc/nios2-elf/4.7.3/../../../../../H-i686-mingw32/nios2-elf/lib/mno-hw-mul\libc.a(lib_a-fwalk.o)
 .data          0x00017de4        0x0 f:/altera/nios2eds/bin/gnu/h-i686-mingw32/bin/../lib/gcc/nios2-elf/4.7.3/../../../../../H-i686-mingw32/nios2-elf/lib/mno-hw-mul\libc.a(lib_a-int_errno.o)
 .data          0x00017de4        0x0 f:/altera/nios2eds/bin/gnu/h-i686-mingw32/bin/../lib/gcc/nios2-elf/4.7.3/../../../../../H-i686-mingw32/nios2-elf/lib/mno-hw-mul\libc.a(lib_a-makebuf.o)
 .data          0x00017de4        0x0 f:/altera/nios2eds/bin/gnu/h-i686-mingw32/bin/../lib/gcc/nios2-elf/4.7.3/../../../../../H-i686-mingw32/nios2-elf/lib/mno-hw-mul\libc.a(lib_a-memset.o)
 .data          0x00017de4        0x0 f:/altera/nios2eds/bin/gnu/h-i686-mingw32/bin/../lib/gcc/nios2-elf/4.7.3/../../../../../H-i686-mingw32/nios2-elf/lib/mno-hw-mul\libc.a(lib_a-stdio.o)
 .data          0x00017de4        0x0 f:/altera/nios2eds/bin/gnu/h-i686-mingw32/bin/../lib/gcc/nios2-elf/4.7.3/../../../../../H-i686-mingw32/nios2-elf/lib/mno-hw-mul\libc.a(lib_a-writer.o)
 .data          0x00017de4        0x0 f:/altera/nios2eds/bin/gnu/h-i686-mingw32/bin/../lib/gcc/nios2-elf/4.7.3/../../../../../H-i686-mingw32/nios2-elf/lib/mno-hw-mul\libc.a(lib_a-closer.o)
 .data          0x00017de4        0x0 f:/altera/nios2eds/bin/gnu/h-i686-mingw32/bin/../lib/gcc/nios2-elf/4.7.3/../../../../../H-i686-mingw32/nios2-elf/lib/mno-hw-mul\libc.a(lib_a-fclose.o)
 .data          0x00017de4        0x0 f:/altera/nios2eds/bin/gnu/h-i686-mingw32/bin/../lib/gcc/nios2-elf/4.7.3/../../../../../H-i686-mingw32/nios2-elf/lib/mno-hw-mul\libc.a(lib_a-fstatr.o)
 .data          0x00017de4        0x0 f:/altera/nios2eds/bin/gnu/h-i686-mingw32/bin/../lib/gcc/nios2-elf/4.7.3/../../../../../H-i686-mingw32/nios2-elf/lib/mno-hw-mul\libc.a(lib_a-isattyr.o)
 .data          0x00017de4        0x0 f:/altera/nios2eds/bin/gnu/h-i686-mingw32/bin/../lib/gcc/nios2-elf/4.7.3/../../../../../H-i686-mingw32/nios2-elf/lib/mno-hw-mul\libc.a(lib_a-lseekr.o)
 .data          0x00017de4        0x0 f:/altera/nios2eds/bin/gnu/h-i686-mingw32/bin/../lib/gcc/nios2-elf/4.7.3/../../../../../H-i686-mingw32/nios2-elf/lib/mno-hw-mul\libc.a(lib_a-readr.o)
 .data          0x00017de4        0x0 ../cpu5_bsp/\libhal_bsp.a(alt_close.o)
 .data          0x00017de4      0x1a8 ../cpu5_bsp/\libhal_bsp.a(alt_dev.o)
                0x00017de4                alt_dev_null
                0x00017e0c                alt_fd_list
 .data          0x00017f8c        0x0 ../cpu5_bsp/\libhal_bsp.a(alt_errno.o)
 .data          0x00017f8c        0x0 ../cpu5_bsp/\libhal_bsp.a(alt_fstat.o)
 .data          0x00017f8c        0x0 ../cpu5_bsp/\libhal_bsp.a(alt_isatty.o)
 .data          0x00017f8c        0x0 ../cpu5_bsp/\libhal_bsp.a(alt_load.o)
 .data          0x00017f8c        0x0 ../cpu5_bsp/\libhal_bsp.a(alt_lseek.o)
 .data          0x00017f8c        0x0 ../cpu5_bsp/\libhal_bsp.a(alt_main.o)
 .data          0x00017f8c        0x0 ../cpu5_bsp/\libhal_bsp.a(alt_malloc_lock.o)
 .data          0x00017f8c        0x0 ../cpu5_bsp/\libhal_bsp.a(alt_read.o)
 .data          0x00017f8c        0x0 ../cpu5_bsp/\libhal_bsp.a(alt_release_fd.o)
 .data          0x00017f8c        0x0 ../cpu5_bsp/\libhal_bsp.a(alt_sbrk.o)
 .data          0x00017f8c        0x0 ../cpu5_bsp/\libhal_bsp.a(alt_write.o)
 .data          0x00017f8c     0x1060 ../cpu5_bsp/\libhal_bsp.a(alt_sys_init.o)
 .data          0x00018fec        0x0 ../cpu5_bsp/\libhal_bsp.a(altera_avalon_fifo_util.o)
 .data          0x00018fec        0x0 ../cpu5_bsp/\libhal_bsp.a(altera_avalon_jtag_uart_fd.o)
 .data          0x00018fec        0x0 ../cpu5_bsp/\libhal_bsp.a(altera_avalon_jtag_uart_init.o)
 .data          0x00018fec        0x0 ../cpu5_bsp/\libhal_bsp.a(altera_avalon_jtag_uart_ioctl.o)
 .data          0x00018fec        0x0 ../cpu5_bsp/\libhal_bsp.a(altera_avalon_jtag_uart_read.o)
 .data          0x00018fec        0x0 ../cpu5_bsp/\libhal_bsp.a(altera_avalon_jtag_uart_write.o)
 .data          0x00018fec        0x0 ../cpu5_bsp/\libhal_bsp.a(altera_avalon_timer_sc.o)
 .data          0x00018fec        0x0 ../cpu5_bsp/\libhal_bsp.a(alt_alarm_start.o)
 .data          0x00018fec        0x0 ../cpu5_bsp/\libhal_bsp.a(alt_dcache_flush_all.o)
 .data          0x00018fec        0x0 ../cpu5_bsp/\libhal_bsp.a(alt_dev_llist_insert.o)
 .data          0x00018fec        0x0 ../cpu5_bsp/\libhal_bsp.a(alt_do_ctors.o)
 .data          0x00018fec        0x0 ../cpu5_bsp/\libhal_bsp.a(alt_do_dtors.o)
 .data          0x00018fec        0x0 ../cpu5_bsp/\libhal_bsp.a(alt_icache_flush_all.o)
 .data          0x00018fec        0x0 ../cpu5_bsp/\libhal_bsp.a(alt_iic.o)
 .data          0x00018fec        0x0 ../cpu5_bsp/\libhal_bsp.a(alt_iic_isr_register.o)
 .data          0x00018fec        0x0 ../cpu5_bsp/\libhal_bsp.a(alt_io_redirect.o)
 .data          0x00018fec        0x0 ../cpu5_bsp/\libhal_bsp.a(alt_irq_entry.o)
 .data          0x00018fec        0x0 ../cpu5_bsp/\libhal_bsp.a(alt_irq_handler.o)
 .data          0x00018fec        0x0 ../cpu5_bsp/\libhal_bsp.a(alt_irq_vars.o)
 .data          0x00018fec        0x0 ../cpu5_bsp/\libhal_bsp.a(alt_open.o)
 .data          0x00018fec        0x0 ../cpu5_bsp/\libhal_bsp.a(alt_tick.o)
 .data          0x00018fec        0x0 ../cpu5_bsp/\libhal_bsp.a(altera_nios2_qsys_irq.o)
 .data          0x00018fec        0x0 ../cpu5_bsp/\libhal_bsp.a(alt_exception_entry.o)
 .data          0x00018fec        0x0 ../cpu5_bsp/\libhal_bsp.a(alt_find_dev.o)
 .data          0x00018fec        0x0 ../cpu5_bsp/\libhal_bsp.a(alt_find_file.o)
 .data          0x00018fec        0x0 ../cpu5_bsp/\libhal_bsp.a(alt_get_fd.o)
 .data          0x00018fec        0x0 f:/altera/nios2eds/bin/gnu/h-i686-mingw32/bin/../lib/gcc/nios2-elf/4.7.3/../../../../../H-i686-mingw32/nios2-elf/lib/mno-hw-mul\libc.a(lib_a-atexit.o)
 .data          0x00018fec        0x0 f:/altera/nios2eds/bin/gnu/h-i686-mingw32/bin/../lib/gcc/nios2-elf/4.7.3/../../../../../H-i686-mingw32/nios2-elf/lib/mno-hw-mul\libc.a(lib_a-exit.o)
 .data          0x00018fec        0x0 f:/altera/nios2eds/bin/gnu/h-i686-mingw32/bin/../lib/gcc/nios2-elf/4.7.3/../../../../../H-i686-mingw32/nios2-elf/lib/mno-hw-mul\libc.a(lib_a-memcmp.o)
 .data          0x00018fec        0x0 f:/altera/nios2eds/bin/gnu/h-i686-mingw32/bin/../lib/gcc/nios2-elf/4.7.3/../../../../../H-i686-mingw32/nios2-elf/lib/mno-hw-mul\libc.a(lib_a-__atexit.o)
 .data          0x00018fec        0x0 f:/altera/nios2eds/bin/gnu/h-i686-mingw32/bin/../lib/gcc/nios2-elf/4.7.3/../../../../../H-i686-mingw32/nios2-elf/lib/mno-hw-mul\libc.a(lib_a-__call_atexit.o)
 .data          0x00018fec        0x0 ../cpu5_bsp/\libhal_bsp.a(alt_exit.o)
                0x00020fec                _gp = ABSOLUTE ((. + 0x8000))
                0x00020fec                PROVIDE (gp, _gp)
 *(.rwdata .rwdata.*)
 *(.sdata .sdata.* .gnu.linkonce.s.*)
 .sdata         0x00018fec        0x8 f:/altera/nios2eds/bin/gnu/h-i686-mingw32/bin/../lib/gcc/nios2-elf/4.7.3/../../../../../H-i686-mingw32/nios2-elf/lib/mno-hw-mul\libc.a(lib_a-impure.o)
                0x00018fec                _global_impure_ptr
                0x00018ff0                _impure_ptr
 .sdata         0x00018ff4        0x8 f:/altera/nios2eds/bin/gnu/h-i686-mingw32/bin/../lib/gcc/nios2-elf/4.7.3/../../../../../H-i686-mingw32/nios2-elf/lib/mno-hw-mul\libc.a(lib_a-mallocr.o)
                0x00018ff4                __malloc_sbrk_base
                0x00018ff8                __malloc_trim_threshold
 .sdata         0x00018ffc       0x14 ../cpu5_bsp/\libhal_bsp.a(alt_dev.o)
                0x00018ffc                alt_fs_list
                0x00019004                alt_dev_list
                0x0001900c                alt_max_fd
 .sdata         0x00019010        0x4 ../cpu5_bsp/\libhal_bsp.a(alt_errno.o)
                0x00019010                alt_errno
 .sdata         0x00019014        0x4 ../cpu5_bsp/\libhal_bsp.a(alt_sbrk.o)
 .sdata         0x00019018        0x4 ../cpu5_bsp/\libhal_bsp.a(alt_irq_vars.o)
                0x00019018                alt_priority_mask
 .sdata         0x0001901c        0x8 ../cpu5_bsp/\libhal_bsp.a(alt_tick.o)
                0x0001901c                alt_alarm_list
 *(.sdata2 .sdata2.* .gnu.linkonce.s2.*)
                0x00019024                . = ALIGN (0x4)
                0x00019024                _edata = ABSOLUTE (.)
                0x00019024                PROVIDE (edata, ABSOLUTE (.))
                0x00019024                PROVIDE (__ram_rwdata_end, ABSOLUTE (.))
                0x00019024                PROVIDE (__flash_rwdata_start, LOADADDR (.rwdata))

.bss            0x0001b280      0x2f0
                0x0001b280                __bss_start = ABSOLUTE (.)
                0x0001b280                PROVIDE (__sbss_start, ABSOLUTE (.))
                0x0001b280                PROVIDE (___sbss_start, ABSOLUTE (.))
 *(.dynsbss)
 *(.sbss .sbss.* .gnu.linkonce.sb.*)
 .sbss          0x0001b280        0xc obj/default/huffman.o
                0x0001b280                lcode
                0x0001b284                bitindex
                0x0001b286                ldc1
                0x0001b288                ldc2
                0x0001b28a                ldc3
 .sbss          0x0001b28c        0x4 obj/default/huffman.o
                0x0001b28c                temp
 .sbss          0x0001b290        0xc f:/altera/nios2eds/bin/gnu/h-i686-mingw32/bin/../lib/gcc/nios2-elf/4.7.3/../../../../../H-i686-mingw32/nios2-elf/lib/mno-hw-mul\libc.a(lib_a-mallocr.o)
                0x0001b290                __malloc_max_total_mem
                0x0001b294                __malloc_max_sbrked_mem
                0x0001b298                __malloc_top_pad
 .sbss          0x0001b29c        0x4 f:/altera/nios2eds/bin/gnu/h-i686-mingw32/bin/../lib/gcc/nios2-elf/4.7.3/../../../../../H-i686-mingw32/nios2-elf/lib/mno-hw-mul\libc.a(lib_a-int_errno.o)
                0x0001b29c                errno
 .sbss          0x0001b2a0        0xc ../cpu5_bsp/\libhal_bsp.a(alt_main.o)
                0x0001b2a0                alt_argc
                0x0001b2a4                alt_argv
                0x0001b2a8                alt_envp
 .sbss          0x0001b2ac        0x4 ../cpu5_bsp/\libhal_bsp.a(alt_irq_vars.o)
                0x0001b2ac                alt_irq_active
 .sbss          0x0001b2b0        0x8 ../cpu5_bsp/\libhal_bsp.a(alt_tick.o)
                0x0001b2b0                _alt_tick_rate
                0x0001b2b4                _alt_nticks
 *(.sbss2 .sbss2.* .gnu.linkonce.sb2.*)
 *(.scommon)
                0x0001b2b8                PROVIDE (__sbss_end, ABSOLUTE (.))
                0x0001b2b8                PROVIDE (___sbss_end, ABSOLUTE (.))
 *(.dynbss)
 *(.bss .bss.* .gnu.linkonce.b.*)
 .bss           0x0001b2b8        0x0 ../cpu5_bsp//obj/HAL/src/crt0.o
 .bss           0x0001b2b8        0x0 obj/default/FIFO.o
 .bss           0x0001b2b8        0x0 obj/default/huffman.o
 .bss           0x0001b2b8        0x0 f:/altera/nios2eds/bin/gnu/h-i686-mingw32/bin/../lib/gcc/nios2-elf/4.7.3/mno-hw-mul\libgcc.a(lib2-mul.o)
 .bss           0x0001b2b8        0x0 f:/altera/nios2eds/bin/gnu/h-i686-mingw32/bin/../lib/gcc/nios2-elf/4.7.3/../../../../../H-i686-mingw32/nios2-elf/lib/mno-hw-mul\libc.a(lib_a-puts.o)
 .bss           0x0001b2b8        0x0 f:/altera/nios2eds/bin/gnu/h-i686-mingw32/bin/../lib/gcc/nios2-elf/4.7.3/../../../../../H-i686-mingw32/nios2-elf/lib/mno-hw-mul\libc.a(lib_a-strlen.o)
 .bss           0x0001b2b8        0x0 f:/altera/nios2eds/bin/gnu/h-i686-mingw32/bin/../lib/gcc/nios2-elf/4.7.3/../../../../../H-i686-mingw32/nios2-elf/lib/mno-hw-mul\libc.a(lib_a-fvwrite.o)
 .bss           0x0001b2b8        0x0 f:/altera/nios2eds/bin/gnu/h-i686-mingw32/bin/../lib/gcc/nios2-elf/4.7.3/../../../../../H-i686-mingw32/nios2-elf/lib/mno-hw-mul\libc.a(lib_a-impure.o)
 .bss           0x0001b2b8       0x28 f:/altera/nios2eds/bin/gnu/h-i686-mingw32/bin/../lib/gcc/nios2-elf/4.7.3/../../../../../H-i686-mingw32/nios2-elf/lib/mno-hw-mul\libc.a(lib_a-mallocr.o)
                0x0001b2b8                __malloc_current_mallinfo
 .bss           0x0001b2e0        0x0 f:/altera/nios2eds/bin/gnu/h-i686-mingw32/bin/../lib/gcc/nios2-elf/4.7.3/../../../../../H-i686-mingw32/nios2-elf/lib/mno-hw-mul\libc.a(lib_a-memchr.o)
 .bss           0x0001b2e0        0x0 f:/altera/nios2eds/bin/gnu/h-i686-mingw32/bin/../lib/gcc/nios2-elf/4.7.3/../../../../../H-i686-mingw32/nios2-elf/lib/mno-hw-mul\libc.a(lib_a-memcpy.o)
 .bss           0x0001b2e0        0x0 f:/altera/nios2eds/bin/gnu/h-i686-mingw32/bin/../lib/gcc/nios2-elf/4.7.3/../../../../../H-i686-mingw32/nios2-elf/lib/mno-hw-mul\libc.a(lib_a-memmove.o)
 .bss           0x0001b2e0        0x0 f:/altera/nios2eds/bin/gnu/h-i686-mingw32/bin/../lib/gcc/nios2-elf/4.7.3/../../../../../H-i686-mingw32/nios2-elf/lib/mno-hw-mul\libc.a(lib_a-reallocr.o)
 .bss           0x0001b2e0        0x0 f:/altera/nios2eds/bin/gnu/h-i686-mingw32/bin/../lib/gcc/nios2-elf/4.7.3/../../../../../H-i686-mingw32/nios2-elf/lib/mno-hw-mul\libc.a(lib_a-sbrkr.o)
 .bss           0x0001b2e0        0x0 f:/altera/nios2eds/bin/gnu/h-i686-mingw32/bin/../lib/gcc/nios2-elf/4.7.3/../../../../../H-i686-mingw32/nios2-elf/lib/mno-hw-mul\libc.a(lib_a-wsetup.o)
 .bss           0x0001b2e0        0x0 f:/altera/nios2eds/bin/gnu/h-i686-mingw32/bin/../lib/gcc/nios2-elf/4.7.3/../../../../../H-i686-mingw32/nios2-elf/lib/mno-hw-mul\libc.a(lib_a-fflush.o)
 .bss           0x0001b2e0        0x0 f:/altera/nios2eds/bin/gnu/h-i686-mingw32/bin/../lib/gcc/nios2-elf/4.7.3/../../../../../H-i686-mingw32/nios2-elf/lib/mno-hw-mul\libc.a(lib_a-findfp.o)
 .bss           0x0001b2e0        0x0 f:/altera/nios2eds/bin/gnu/h-i686-mingw32/bin/../lib/gcc/nios2-elf/4.7.3/../../../../../H-i686-mingw32/nios2-elf/lib/mno-hw-mul\libc.a(lib_a-freer.o)
 .bss           0x0001b2e0        0x0 f:/altera/nios2eds/bin/gnu/h-i686-mingw32/bin/../lib/gcc/nios2-elf/4.7.3/../../../../../H-i686-mingw32/nios2-elf/lib/mno-hw-mul\libc.a(lib_a-fwalk.o)
 .bss           0x0001b2e0        0x0 f:/altera/nios2eds/bin/gnu/h-i686-mingw32/bin/../lib/gcc/nios2-elf/4.7.3/../../../../../H-i686-mingw32/nios2-elf/lib/mno-hw-mul\libc.a(lib_a-int_errno.o)
 .bss           0x0001b2e0        0x0 f:/altera/nios2eds/bin/gnu/h-i686-mingw32/bin/../lib/gcc/nios2-elf/4.7.3/../../../../../H-i686-mingw32/nios2-elf/lib/mno-hw-mul\libc.a(lib_a-makebuf.o)
 .bss           0x0001b2e0        0x0 f:/altera/nios2eds/bin/gnu/h-i686-mingw32/bin/../lib/gcc/nios2-elf/4.7.3/../../../../../H-i686-mingw32/nios2-elf/lib/mno-hw-mul\libc.a(lib_a-memset.o)
 .bss           0x0001b2e0        0x0 f:/altera/nios2eds/bin/gnu/h-i686-mingw32/bin/../lib/gcc/nios2-elf/4.7.3/../../../../../H-i686-mingw32/nios2-elf/lib/mno-hw-mul\libc.a(lib_a-stdio.o)
 .bss           0x0001b2e0        0x0 f:/altera/nios2eds/bin/gnu/h-i686-mingw32/bin/../lib/gcc/nios2-elf/4.7.3/../../../../../H-i686-mingw32/nios2-elf/lib/mno-hw-mul\libc.a(lib_a-writer.o)
 .bss           0x0001b2e0        0x0 f:/altera/nios2eds/bin/gnu/h-i686-mingw32/bin/../lib/gcc/nios2-elf/4.7.3/../../../../../H-i686-mingw32/nios2-elf/lib/mno-hw-mul\libc.a(lib_a-closer.o)
 .bss           0x0001b2e0        0x0 f:/altera/nios2eds/bin/gnu/h-i686-mingw32/bin/../lib/gcc/nios2-elf/4.7.3/../../../../../H-i686-mingw32/nios2-elf/lib/mno-hw-mul\libc.a(lib_a-fclose.o)
 .bss           0x0001b2e0        0x0 f:/altera/nios2eds/bin/gnu/h-i686-mingw32/bin/../lib/gcc/nios2-elf/4.7.3/../../../../../H-i686-mingw32/nios2-elf/lib/mno-hw-mul\libc.a(lib_a-fstatr.o)
 .bss           0x0001b2e0        0x0 f:/altera/nios2eds/bin/gnu/h-i686-mingw32/bin/../lib/gcc/nios2-elf/4.7.3/../../../../../H-i686-mingw32/nios2-elf/lib/mno-hw-mul\libc.a(lib_a-isattyr.o)
 .bss           0x0001b2e0        0x0 f:/altera/nios2eds/bin/gnu/h-i686-mingw32/bin/../lib/gcc/nios2-elf/4.7.3/../../../../../H-i686-mingw32/nios2-elf/lib/mno-hw-mul\libc.a(lib_a-lseekr.o)
 .bss           0x0001b2e0        0x0 f:/altera/nios2eds/bin/gnu/h-i686-mingw32/bin/../lib/gcc/nios2-elf/4.7.3/../../../../../H-i686-mingw32/nios2-elf/lib/mno-hw-mul\libc.a(lib_a-readr.o)
 .bss           0x0001b2e0        0x0 ../cpu5_bsp/\libhal_bsp.a(alt_close.o)
 .bss           0x0001b2e0        0x0 ../cpu5_bsp/\libhal_bsp.a(alt_dev.o)
 .bss           0x0001b2e0        0x0 ../cpu5_bsp/\libhal_bsp.a(alt_errno.o)
 .bss           0x0001b2e0        0x0 ../cpu5_bsp/\libhal_bsp.a(alt_fstat.o)
 .bss           0x0001b2e0        0x0 ../cpu5_bsp/\libhal_bsp.a(alt_isatty.o)
 .bss           0x0001b2e0        0x0 ../cpu5_bsp/\libhal_bsp.a(alt_load.o)
 .bss           0x0001b2e0        0x0 ../cpu5_bsp/\libhal_bsp.a(alt_lseek.o)
 .bss           0x0001b2e0        0x0 ../cpu5_bsp/\libhal_bsp.a(alt_main.o)
 .bss           0x0001b2e0        0x0 ../cpu5_bsp/\libhal_bsp.a(alt_malloc_lock.o)
 .bss           0x0001b2e0        0x0 ../cpu5_bsp/\libhal_bsp.a(alt_read.o)
 .bss           0x0001b2e0        0x0 ../cpu5_bsp/\libhal_bsp.a(alt_release_fd.o)
 .bss           0x0001b2e0        0x0 ../cpu5_bsp/\libhal_bsp.a(alt_sbrk.o)
 .bss           0x0001b2e0        0x0 ../cpu5_bsp/\libhal_bsp.a(alt_write.o)
 .bss           0x0001b2e0        0x0 ../cpu5_bsp/\libhal_bsp.a(alt_sys_init.o)
 .bss           0x0001b2e0        0x0 ../cpu5_bsp/\libhal_bsp.a(altera_avalon_fifo_util.o)
 .bss           0x0001b2e0        0x0 ../cpu5_bsp/\libhal_bsp.a(altera_avalon_jtag_uart_fd.o)
 .bss           0x0001b2e0        0x0 ../cpu5_bsp/\libhal_bsp.a(altera_avalon_jtag_uart_init.o)
 .bss           0x0001b2e0        0x0 ../cpu5_bsp/\libhal_bsp.a(altera_avalon_jtag_uart_ioctl.o)
 .bss           0x0001b2e0        0x0 ../cpu5_bsp/\libhal_bsp.a(altera_avalon_jtag_uart_read.o)
 .bss           0x0001b2e0        0x0 ../cpu5_bsp/\libhal_bsp.a(altera_avalon_jtag_uart_write.o)
 .bss           0x0001b2e0        0x0 ../cpu5_bsp/\libhal_bsp.a(altera_avalon_timer_sc.o)
 .bss           0x0001b2e0        0x0 ../cpu5_bsp/\libhal_bsp.a(alt_alarm_start.o)
 .bss           0x0001b2e0        0x0 ../cpu5_bsp/\libhal_bsp.a(alt_dcache_flush_all.o)
 .bss           0x0001b2e0        0x0 ../cpu5_bsp/\libhal_bsp.a(alt_dev_llist_insert.o)
 .bss           0x0001b2e0        0x0 ../cpu5_bsp/\libhal_bsp.a(alt_do_ctors.o)
 .bss           0x0001b2e0        0x0 ../cpu5_bsp/\libhal_bsp.a(alt_do_dtors.o)
 .bss           0x0001b2e0        0x0 ../cpu5_bsp/\libhal_bsp.a(alt_icache_flush_all.o)
 .bss           0x0001b2e0        0x0 ../cpu5_bsp/\libhal_bsp.a(alt_iic.o)
 .bss           0x0001b2e0        0x0 ../cpu5_bsp/\libhal_bsp.a(alt_iic_isr_register.o)
 .bss           0x0001b2e0        0x0 ../cpu5_bsp/\libhal_bsp.a(alt_io_redirect.o)
 .bss           0x0001b2e0        0x0 ../cpu5_bsp/\libhal_bsp.a(alt_irq_entry.o)
 .bss           0x0001b2e0        0x0 ../cpu5_bsp/\libhal_bsp.a(alt_irq_handler.o)
 .bss           0x0001b2e0        0x0 ../cpu5_bsp/\libhal_bsp.a(alt_irq_vars.o)
 .bss           0x0001b2e0        0x0 ../cpu5_bsp/\libhal_bsp.a(alt_open.o)
 .bss           0x0001b2e0        0x0 ../cpu5_bsp/\libhal_bsp.a(alt_tick.o)
 .bss           0x0001b2e0        0x0 ../cpu5_bsp/\libhal_bsp.a(altera_nios2_qsys_irq.o)
 .bss           0x0001b2e0        0x0 ../cpu5_bsp/\libhal_bsp.a(alt_exception_entry.o)
 .bss           0x0001b2e0        0x0 ../cpu5_bsp/\libhal_bsp.a(alt_find_dev.o)
 .bss           0x0001b2e0        0x0 ../cpu5_bsp/\libhal_bsp.a(alt_find_file.o)
 .bss           0x0001b2e0        0x0 ../cpu5_bsp/\libhal_bsp.a(alt_get_fd.o)
 .bss           0x0001b2e0        0x0 f:/altera/nios2eds/bin/gnu/h-i686-mingw32/bin/../lib/gcc/nios2-elf/4.7.3/../../../../../H-i686-mingw32/nios2-elf/lib/mno-hw-mul\libc.a(lib_a-atexit.o)
 .bss           0x0001b2e0        0x0 f:/altera/nios2eds/bin/gnu/h-i686-mingw32/bin/../lib/gcc/nios2-elf/4.7.3/../../../../../H-i686-mingw32/nios2-elf/lib/mno-hw-mul\libc.a(lib_a-exit.o)
 .bss           0x0001b2e0        0x0 f:/altera/nios2eds/bin/gnu/h-i686-mingw32/bin/../lib/gcc/nios2-elf/4.7.3/../../../../../H-i686-mingw32/nios2-elf/lib/mno-hw-mul\libc.a(lib_a-memcmp.o)
 .bss           0x0001b2e0        0x0 f:/altera/nios2eds/bin/gnu/h-i686-mingw32/bin/../lib/gcc/nios2-elf/4.7.3/../../../../../H-i686-mingw32/nios2-elf/lib/mno-hw-mul\libc.a(lib_a-__atexit.o)
 .bss           0x0001b2e0        0x0 f:/altera/nios2eds/bin/gnu/h-i686-mingw32/bin/../lib/gcc/nios2-elf/4.7.3/../../../../../H-i686-mingw32/nios2-elf/lib/mno-hw-mul\libc.a(lib_a-__call_atexit.o)
 .bss           0x0001b2e0        0x0 ../cpu5_bsp/\libhal_bsp.a(alt_exit.o)
 *(COMMON)
 COMMON         0x0001b2e0      0x100 ../cpu5_bsp/\libhal_bsp.a(alt_irq_handler.o)
                0x0001b2e0                alt_irq
 COMMON         0x0001b3e0      0x190 f:/altera/nios2eds/bin/gnu/h-i686-mingw32/bin/../lib/gcc/nios2-elf/4.7.3/../../../../../H-i686-mingw32/nios2-elf/lib/mno-hw-mul\libc.a(lib_a-atexit.o)
                0x0001b3e0                _atexit0
                0x0001b570                . = ALIGN (0x4)
                0x0001b570                __bss_end = ABSOLUTE (.)

.mem5           0x0001b570        0x0
                0x0001b570                PROVIDE (_alt_partition_mem5_start, ABSOLUTE (.))
 *(.mem5 .mem5. mem5.*)
                0x0001b570                . = ALIGN (0x4)
                0x0001b570                PROVIDE (_alt_partition_mem5_end, ABSOLUTE (.))
                0x0001b570                _end = ABSOLUTE (.)
                0x0001b570                end = ABSOLUTE (.)
                0x0001b570                __alt_stack_base = ABSOLUTE (.)
                0x0001b570                PROVIDE (_alt_partition_mem5_load_addr, LOADADDR (.mem5))

.stab
 *(.stab)

.stabstr
 *(.stabstr)

.stab.excl
 *(.stab.excl)

.stab.exclstr
 *(.stab.exclstr)

.stab.index
 *(.stab.index)

.stab.indexstr
 *(.stab.indexstr)

.comment        0x00000000       0x23
 *(.comment)
 .comment       0x00000000       0x23 obj/default/FIFO.o
                                 0x24 (size before relaxing)
 .comment       0x00000000       0x24 obj/default/huffman.o
 .comment       0x00000000       0x24 f:/altera/nios2eds/bin/gnu/h-i686-mingw32/bin/../lib/gcc/nios2-elf/4.7.3/mno-hw-mul\libgcc.a(lib2-mul.o)
 .comment       0x00000000       0x24 f:/altera/nios2eds/bin/gnu/h-i686-mingw32/bin/../lib/gcc/nios2-elf/4.7.3/../../../../../H-i686-mingw32/nios2-elf/lib/mno-hw-mul\libc.a(lib_a-puts.o)
 .comment       0x00000000       0x24 f:/altera/nios2eds/bin/gnu/h-i686-mingw32/bin/../lib/gcc/nios2-elf/4.7.3/../../../../../H-i686-mingw32/nios2-elf/lib/mno-hw-mul\libc.a(lib_a-strlen.o)
 .comment       0x00000000       0x24 f:/altera/nios2eds/bin/gnu/h-i686-mingw32/bin/../lib/gcc/nios2-elf/4.7.3/../../../../../H-i686-mingw32/nios2-elf/lib/mno-hw-mul\libc.a(lib_a-fvwrite.o)
 .comment       0x00000000       0x24 f:/altera/nios2eds/bin/gnu/h-i686-mingw32/bin/../lib/gcc/nios2-elf/4.7.3/../../../../../H-i686-mingw32/nios2-elf/lib/mno-hw-mul\libc.a(lib_a-impure.o)
 .comment       0x00000000       0x24 f:/altera/nios2eds/bin/gnu/h-i686-mingw32/bin/../lib/gcc/nios2-elf/4.7.3/../../../../../H-i686-mingw32/nios2-elf/lib/mno-hw-mul\libc.a(lib_a-mallocr.o)
 .comment       0x00000000       0x24 f:/altera/nios2eds/bin/gnu/h-i686-mingw32/bin/../lib/gcc/nios2-elf/4.7.3/../../../../../H-i686-mingw32/nios2-elf/lib/mno-hw-mul\libc.a(lib_a-memchr.o)
 .comment       0x00000000       0x24 f:/altera/nios2eds/bin/gnu/h-i686-mingw32/bin/../lib/gcc/nios2-elf/4.7.3/../../../../../H-i686-mingw32/nios2-elf/lib/mno-hw-mul\libc.a(lib_a-memcpy.o)
 .comment       0x00000000       0x24 f:/altera/nios2eds/bin/gnu/h-i686-mingw32/bin/../lib/gcc/nios2-elf/4.7.3/../../../../../H-i686-mingw32/nios2-elf/lib/mno-hw-mul\libc.a(lib_a-memmove.o)
 .comment       0x00000000       0x24 f:/altera/nios2eds/bin/gnu/h-i686-mingw32/bin/../lib/gcc/nios2-elf/4.7.3/../../../../../H-i686-mingw32/nios2-elf/lib/mno-hw-mul\libc.a(lib_a-reallocr.o)
 .comment       0x00000000       0x24 f:/altera/nios2eds/bin/gnu/h-i686-mingw32/bin/../lib/gcc/nios2-elf/4.7.3/../../../../../H-i686-mingw32/nios2-elf/lib/mno-hw-mul\libc.a(lib_a-sbrkr.o)
 .comment       0x00000000       0x24 f:/altera/nios2eds/bin/gnu/h-i686-mingw32/bin/../lib/gcc/nios2-elf/4.7.3/../../../../../H-i686-mingw32/nios2-elf/lib/mno-hw-mul\libc.a(lib_a-wsetup.o)
 .comment       0x00000000       0x24 f:/altera/nios2eds/bin/gnu/h-i686-mingw32/bin/../lib/gcc/nios2-elf/4.7.3/../../../../../H-i686-mingw32/nios2-elf/lib/mno-hw-mul\libc.a(lib_a-fflush.o)
 .comment       0x00000000       0x24 f:/altera/nios2eds/bin/gnu/h-i686-mingw32/bin/../lib/gcc/nios2-elf/4.7.3/../../../../../H-i686-mingw32/nios2-elf/lib/mno-hw-mul\libc.a(lib_a-findfp.o)
 .comment       0x00000000       0x24 f:/altera/nios2eds/bin/gnu/h-i686-mingw32/bin/../lib/gcc/nios2-elf/4.7.3/../../../../../H-i686-mingw32/nios2-elf/lib/mno-hw-mul\libc.a(lib_a-freer.o)
 .comment       0x00000000       0x24 f:/altera/nios2eds/bin/gnu/h-i686-mingw32/bin/../lib/gcc/nios2-elf/4.7.3/../../../../../H-i686-mingw32/nios2-elf/lib/mno-hw-mul\libc.a(lib_a-fwalk.o)
 .comment       0x00000000       0x24 f:/altera/nios2eds/bin/gnu/h-i686-mingw32/bin/../lib/gcc/nios2-elf/4.7.3/../../../../../H-i686-mingw32/nios2-elf/lib/mno-hw-mul\libc.a(lib_a-int_errno.o)
 .comment       0x00000000       0x24 f:/altera/nios2eds/bin/gnu/h-i686-mingw32/bin/../lib/gcc/nios2-elf/4.7.3/../../../../../H-i686-mingw32/nios2-elf/lib/mno-hw-mul\libc.a(lib_a-makebuf.o)
 .comment       0x00000000       0x24 f:/altera/nios2eds/bin/gnu/h-i686-mingw32/bin/../lib/gcc/nios2-elf/4.7.3/../../../../../H-i686-mingw32/nios2-elf/lib/mno-hw-mul\libc.a(lib_a-memset.o)
 .comment       0x00000000       0x24 f:/altera/nios2eds/bin/gnu/h-i686-mingw32/bin/../lib/gcc/nios2-elf/4.7.3/../../../../../H-i686-mingw32/nios2-elf/lib/mno-hw-mul\libc.a(lib_a-stdio.o)
 .comment       0x00000000       0x24 f:/altera/nios2eds/bin/gnu/h-i686-mingw32/bin/../lib/gcc/nios2-elf/4.7.3/../../../../../H-i686-mingw32/nios2-elf/lib/mno-hw-mul\libc.a(lib_a-writer.o)
 .comment       0x00000000       0x24 f:/altera/nios2eds/bin/gnu/h-i686-mingw32/bin/../lib/gcc/nios2-elf/4.7.3/../../../../../H-i686-mingw32/nios2-elf/lib/mno-hw-mul\libc.a(lib_a-closer.o)
 .comment       0x00000000       0x24 f:/altera/nios2eds/bin/gnu/h-i686-mingw32/bin/../lib/gcc/nios2-elf/4.7.3/../../../../../H-i686-mingw32/nios2-elf/lib/mno-hw-mul\libc.a(lib_a-fclose.o)
 .comment       0x00000000       0x24 f:/altera/nios2eds/bin/gnu/h-i686-mingw32/bin/../lib/gcc/nios2-elf/4.7.3/../../../../../H-i686-mingw32/nios2-elf/lib/mno-hw-mul\libc.a(lib_a-fstatr.o)
 .comment       0x00000000       0x24 f:/altera/nios2eds/bin/gnu/h-i686-mingw32/bin/../lib/gcc/nios2-elf/4.7.3/../../../../../H-i686-mingw32/nios2-elf/lib/mno-hw-mul\libc.a(lib_a-isattyr.o)
 .comment       0x00000000       0x24 f:/altera/nios2eds/bin/gnu/h-i686-mingw32/bin/../lib/gcc/nios2-elf/4.7.3/../../../../../H-i686-mingw32/nios2-elf/lib/mno-hw-mul\libc.a(lib_a-lseekr.o)
 .comment       0x00000000       0x24 f:/altera/nios2eds/bin/gnu/h-i686-mingw32/bin/../lib/gcc/nios2-elf/4.7.3/../../../../../H-i686-mingw32/nios2-elf/lib/mno-hw-mul\libc.a(lib_a-readr.o)
 .comment       0x00000000       0x24 ../cpu5_bsp/\libhal_bsp.a(alt_close.o)
 .comment       0x00000000       0x24 ../cpu5_bsp/\libhal_bsp.a(alt_dev.o)
 .comment       0x00000000       0x24 ../cpu5_bsp/\libhal_bsp.a(alt_errno.o)
 .comment       0x00000000       0x24 ../cpu5_bsp/\libhal_bsp.a(alt_fstat.o)
 .comment       0x00000000       0x24 ../cpu5_bsp/\libhal_bsp.a(alt_isatty.o)
 .comment       0x00000000       0x24 ../cpu5_bsp/\libhal_bsp.a(alt_load.o)
 .comment       0x00000000       0x24 ../cpu5_bsp/\libhal_bsp.a(alt_lseek.o)
 .comment       0x00000000       0x24 ../cpu5_bsp/\libhal_bsp.a(alt_main.o)
 .comment       0x00000000       0x24 ../cpu5_bsp/\libhal_bsp.a(alt_malloc_lock.o)
 .comment       0x00000000       0x24 ../cpu5_bsp/\libhal_bsp.a(alt_read.o)
 .comment       0x00000000       0x24 ../cpu5_bsp/\libhal_bsp.a(alt_release_fd.o)
 .comment       0x00000000       0x24 ../cpu5_bsp/\libhal_bsp.a(alt_sbrk.o)
 .comment       0x00000000       0x24 ../cpu5_bsp/\libhal_bsp.a(alt_write.o)
 .comment       0x00000000       0x24 ../cpu5_bsp/\libhal_bsp.a(alt_sys_init.o)
 .comment       0x00000000       0x24 ../cpu5_bsp/\libhal_bsp.a(altera_avalon_fifo_util.o)
 .comment       0x00000000       0x24 ../cpu5_bsp/\libhal_bsp.a(altera_avalon_jtag_uart_fd.o)
 .comment       0x00000000       0x24 ../cpu5_bsp/\libhal_bsp.a(altera_avalon_jtag_uart_init.o)
 .comment       0x00000000       0x24 ../cpu5_bsp/\libhal_bsp.a(altera_avalon_jtag_uart_ioctl.o)
 .comment       0x00000000       0x24 ../cpu5_bsp/\libhal_bsp.a(altera_avalon_jtag_uart_read.o)
 .comment       0x00000000       0x24 ../cpu5_bsp/\libhal_bsp.a(altera_avalon_jtag_uart_write.o)
 .comment       0x00000000       0x24 ../cpu5_bsp/\libhal_bsp.a(altera_avalon_timer_sc.o)
 .comment       0x00000000       0x24 ../cpu5_bsp/\libhal_bsp.a(alt_alarm_start.o)
 .comment       0x00000000       0x24 ../cpu5_bsp/\libhal_bsp.a(alt_dcache_flush_all.o)
 .comment       0x00000000       0x24 ../cpu5_bsp/\libhal_bsp.a(alt_dev_llist_insert.o)
 .comment       0x00000000       0x24 ../cpu5_bsp/\libhal_bsp.a(alt_do_ctors.o)
 .comment       0x00000000       0x24 ../cpu5_bsp/\libhal_bsp.a(alt_do_dtors.o)
 .comment       0x00000000       0x24 ../cpu5_bsp/\libhal_bsp.a(alt_icache_flush_all.o)
 .comment       0x00000000       0x24 ../cpu5_bsp/\libhal_bsp.a(alt_iic.o)
 .comment       0x00000000       0x24 ../cpu5_bsp/\libhal_bsp.a(alt_iic_isr_register.o)
 .comment       0x00000000       0x24 ../cpu5_bsp/\libhal_bsp.a(alt_io_redirect.o)
 .comment       0x00000000       0x24 ../cpu5_bsp/\libhal_bsp.a(alt_irq_handler.o)
 .comment       0x00000000       0x24 ../cpu5_bsp/\libhal_bsp.a(alt_irq_vars.o)
 .comment       0x00000000       0x24 ../cpu5_bsp/\libhal_bsp.a(alt_open.o)
 .comment       0x00000000       0x24 ../cpu5_bsp/\libhal_bsp.a(alt_tick.o)
 .comment       0x00000000       0x24 ../cpu5_bsp/\libhal_bsp.a(altera_nios2_qsys_irq.o)
 .comment       0x00000000       0x24 ../cpu5_bsp/\libhal_bsp.a(alt_find_dev.o)
 .comment       0x00000000       0x24 ../cpu5_bsp/\libhal_bsp.a(alt_find_file.o)
 .comment       0x00000000       0x24 ../cpu5_bsp/\libhal_bsp.a(alt_get_fd.o)
 .comment       0x00000000       0x24 f:/altera/nios2eds/bin/gnu/h-i686-mingw32/bin/../lib/gcc/nios2-elf/4.7.3/../../../../../H-i686-mingw32/nios2-elf/lib/mno-hw-mul\libc.a(lib_a-atexit.o)
 .comment       0x00000000       0x24 f:/altera/nios2eds/bin/gnu/h-i686-mingw32/bin/../lib/gcc/nios2-elf/4.7.3/../../../../../H-i686-mingw32/nios2-elf/lib/mno-hw-mul\libc.a(lib_a-exit.o)
 .comment       0x00000000       0x24 f:/altera/nios2eds/bin/gnu/h-i686-mingw32/bin/../lib/gcc/nios2-elf/4.7.3/../../../../../H-i686-mingw32/nios2-elf/lib/mno-hw-mul\libc.a(lib_a-memcmp.o)
 .comment       0x00000000       0x24 f:/altera/nios2eds/bin/gnu/h-i686-mingw32/bin/../lib/gcc/nios2-elf/4.7.3/../../../../../H-i686-mingw32/nios2-elf/lib/mno-hw-mul\libc.a(lib_a-__atexit.o)
 .comment       0x00000000       0x24 f:/altera/nios2eds/bin/gnu/h-i686-mingw32/bin/../lib/gcc/nios2-elf/4.7.3/../../../../../H-i686-mingw32/nios2-elf/lib/mno-hw-mul\libc.a(lib_a-__call_atexit.o)
 .comment       0x00000000       0x24 ../cpu5_bsp/\libhal_bsp.a(alt_exit.o)

.debug
 *(.debug)

.line
 *(.line)

.debug_srcinfo
 *(.debug_srcinfo)

.debug_sfnames
 *(.debug_sfnames)

.debug_aranges  0x00000000      0x990
 *(.debug_aranges)
 .debug_aranges
                0x00000000       0x28 ../cpu5_bsp//obj/HAL/src/crt0.o
 .debug_aranges
                0x00000028       0x20 obj/default/FIFO.o
 .debug_aranges
                0x00000048       0x20 obj/default/huffman.o
 .debug_aranges
                0x00000068       0x20 f:/altera/nios2eds/bin/gnu/h-i686-mingw32/bin/../lib/gcc/nios2-elf/4.7.3/mno-hw-mul\libgcc.a(lib2-mul.o)
 .debug_aranges
                0x00000088       0x20 f:/altera/nios2eds/bin/gnu/h-i686-mingw32/bin/../lib/gcc/nios2-elf/4.7.3/../../../../../H-i686-mingw32/nios2-elf/lib/mno-hw-mul\libc.a(lib_a-puts.o)
 .debug_aranges
                0x000000a8       0x20 f:/altera/nios2eds/bin/gnu/h-i686-mingw32/bin/../lib/gcc/nios2-elf/4.7.3/../../../../../H-i686-mingw32/nios2-elf/lib/mno-hw-mul\libc.a(lib_a-strlen.o)
 .debug_aranges
                0x000000c8       0x20 f:/altera/nios2eds/bin/gnu/h-i686-mingw32/bin/../lib/gcc/nios2-elf/4.7.3/../../../../../H-i686-mingw32/nios2-elf/lib/mno-hw-mul\libc.a(lib_a-fvwrite.o)
 .debug_aranges
                0x000000e8       0x18 f:/altera/nios2eds/bin/gnu/h-i686-mingw32/bin/../lib/gcc/nios2-elf/4.7.3/../../../../../H-i686-mingw32/nios2-elf/lib/mno-hw-mul\libc.a(lib_a-impure.o)
 .debug_aranges
                0x00000100       0x20 f:/altera/nios2eds/bin/gnu/h-i686-mingw32/bin/../lib/gcc/nios2-elf/4.7.3/../../../../../H-i686-mingw32/nios2-elf/lib/mno-hw-mul\libc.a(lib_a-mallocr.o)
 .debug_aranges
                0x00000120       0x20 f:/altera/nios2eds/bin/gnu/h-i686-mingw32/bin/../lib/gcc/nios2-elf/4.7.3/../../../../../H-i686-mingw32/nios2-elf/lib/mno-hw-mul\libc.a(lib_a-memchr.o)
 .debug_aranges
                0x00000140       0x20 f:/altera/nios2eds/bin/gnu/h-i686-mingw32/bin/../lib/gcc/nios2-elf/4.7.3/../../../../../H-i686-mingw32/nios2-elf/lib/mno-hw-mul\libc.a(lib_a-memcpy.o)
 .debug_aranges
                0x00000160       0x20 f:/altera/nios2eds/bin/gnu/h-i686-mingw32/bin/../lib/gcc/nios2-elf/4.7.3/../../../../../H-i686-mingw32/nios2-elf/lib/mno-hw-mul\libc.a(lib_a-memmove.o)
 .debug_aranges
                0x00000180       0x20 f:/altera/nios2eds/bin/gnu/h-i686-mingw32/bin/../lib/gcc/nios2-elf/4.7.3/../../../../../H-i686-mingw32/nios2-elf/lib/mno-hw-mul\libc.a(lib_a-reallocr.o)
 .debug_aranges
                0x000001a0       0x20 f:/altera/nios2eds/bin/gnu/h-i686-mingw32/bin/../lib/gcc/nios2-elf/4.7.3/../../../../../H-i686-mingw32/nios2-elf/lib/mno-hw-mul\libc.a(lib_a-sbrkr.o)
 .debug_aranges
                0x000001c0       0x20 f:/altera/nios2eds/bin/gnu/h-i686-mingw32/bin/../lib/gcc/nios2-elf/4.7.3/../../../../../H-i686-mingw32/nios2-elf/lib/mno-hw-mul\libc.a(lib_a-wsetup.o)
 .debug_aranges
                0x000001e0       0x20 f:/altera/nios2eds/bin/gnu/h-i686-mingw32/bin/../lib/gcc/nios2-elf/4.7.3/../../../../../H-i686-mingw32/nios2-elf/lib/mno-hw-mul\libc.a(lib_a-fflush.o)
 .debug_aranges
                0x00000200       0x20 f:/altera/nios2eds/bin/gnu/h-i686-mingw32/bin/../lib/gcc/nios2-elf/4.7.3/../../../../../H-i686-mingw32/nios2-elf/lib/mno-hw-mul\libc.a(lib_a-findfp.o)
 .debug_aranges
                0x00000220       0x20 f:/altera/nios2eds/bin/gnu/h-i686-mingw32/bin/../lib/gcc/nios2-elf/4.7.3/../../../../../H-i686-mingw32/nios2-elf/lib/mno-hw-mul\libc.a(lib_a-freer.o)
 .debug_aranges
                0x00000240       0x20 f:/altera/nios2eds/bin/gnu/h-i686-mingw32/bin/../lib/gcc/nios2-elf/4.7.3/../../../../../H-i686-mingw32/nios2-elf/lib/mno-hw-mul\libc.a(lib_a-fwalk.o)
 .debug_aranges
                0x00000260       0x18 f:/altera/nios2eds/bin/gnu/h-i686-mingw32/bin/../lib/gcc/nios2-elf/4.7.3/../../../../../H-i686-mingw32/nios2-elf/lib/mno-hw-mul\libc.a(lib_a-int_errno.o)
 .debug_aranges
                0x00000278       0x20 f:/altera/nios2eds/bin/gnu/h-i686-mingw32/bin/../lib/gcc/nios2-elf/4.7.3/../../../../../H-i686-mingw32/nios2-elf/lib/mno-hw-mul\libc.a(lib_a-makebuf.o)
 .debug_aranges
                0x00000298       0x20 f:/altera/nios2eds/bin/gnu/h-i686-mingw32/bin/../lib/gcc/nios2-elf/4.7.3/../../../../../H-i686-mingw32/nios2-elf/lib/mno-hw-mul\libc.a(lib_a-memset.o)
 .debug_aranges
                0x000002b8       0x20 f:/altera/nios2eds/bin/gnu/h-i686-mingw32/bin/../lib/gcc/nios2-elf/4.7.3/../../../../../H-i686-mingw32/nios2-elf/lib/mno-hw-mul\libc.a(lib_a-stdio.o)
 .debug_aranges
                0x000002d8       0x20 f:/altera/nios2eds/bin/gnu/h-i686-mingw32/bin/../lib/gcc/nios2-elf/4.7.3/../../../../../H-i686-mingw32/nios2-elf/lib/mno-hw-mul\libc.a(lib_a-writer.o)
 .debug_aranges
                0x000002f8       0x20 f:/altera/nios2eds/bin/gnu/h-i686-mingw32/bin/../lib/gcc/nios2-elf/4.7.3/../../../../../H-i686-mingw32/nios2-elf/lib/mno-hw-mul\libc.a(lib_a-closer.o)
 .debug_aranges
                0x00000318       0x20 f:/altera/nios2eds/bin/gnu/h-i686-mingw32/bin/../lib/gcc/nios2-elf/4.7.3/../../../../../H-i686-mingw32/nios2-elf/lib/mno-hw-mul\libc.a(lib_a-fclose.o)
 .debug_aranges
                0x00000338       0x20 f:/altera/nios2eds/bin/gnu/h-i686-mingw32/bin/../lib/gcc/nios2-elf/4.7.3/../../../../../H-i686-mingw32/nios2-elf/lib/mno-hw-mul\libc.a(lib_a-fstatr.o)
 .debug_aranges
                0x00000358       0x20 f:/altera/nios2eds/bin/gnu/h-i686-mingw32/bin/../lib/gcc/nios2-elf/4.7.3/../../../../../H-i686-mingw32/nios2-elf/lib/mno-hw-mul\libc.a(lib_a-isattyr.o)
 .debug_aranges
                0x00000378       0x20 f:/altera/nios2eds/bin/gnu/h-i686-mingw32/bin/../lib/gcc/nios2-elf/4.7.3/../../../../../H-i686-mingw32/nios2-elf/lib/mno-hw-mul\libc.a(lib_a-lseekr.o)
 .debug_aranges
                0x00000398       0x20 f:/altera/nios2eds/bin/gnu/h-i686-mingw32/bin/../lib/gcc/nios2-elf/4.7.3/../../../../../H-i686-mingw32/nios2-elf/lib/mno-hw-mul\libc.a(lib_a-readr.o)
 .debug_aranges
                0x000003b8       0x20 ../cpu5_bsp/\libhal_bsp.a(alt_close.o)
 .debug_aranges
                0x000003d8       0x20 ../cpu5_bsp/\libhal_bsp.a(alt_dev.o)
 .debug_aranges
                0x000003f8       0x18 ../cpu5_bsp/\libhal_bsp.a(alt_errno.o)
 .debug_aranges
                0x00000410       0x20 ../cpu5_bsp/\libhal_bsp.a(alt_fstat.o)
 .debug_aranges
                0x00000430       0x20 ../cpu5_bsp/\libhal_bsp.a(alt_isatty.o)
 .debug_aranges
                0x00000450       0x20 ../cpu5_bsp/\libhal_bsp.a(alt_load.o)
 .debug_aranges
                0x00000470       0x20 ../cpu5_bsp/\libhal_bsp.a(alt_lseek.o)
 .debug_aranges
                0x00000490       0x20 ../cpu5_bsp/\libhal_bsp.a(alt_main.o)
 .debug_aranges
                0x000004b0       0x20 ../cpu5_bsp/\libhal_bsp.a(alt_malloc_lock.o)
 .debug_aranges
                0x000004d0       0x20 ../cpu5_bsp/\libhal_bsp.a(alt_read.o)
 .debug_aranges
                0x000004f0       0x20 ../cpu5_bsp/\libhal_bsp.a(alt_release_fd.o)
 .debug_aranges
                0x00000510       0x20 ../cpu5_bsp/\libhal_bsp.a(alt_sbrk.o)
 .debug_aranges
                0x00000530       0x20 ../cpu5_bsp/\libhal_bsp.a(alt_write.o)
 .debug_aranges
                0x00000550       0x20 ../cpu5_bsp/\libhal_bsp.a(alt_sys_init.o)
 .debug_aranges
                0x00000570       0x20 ../cpu5_bsp/\libhal_bsp.a(altera_avalon_fifo_util.o)
 .debug_aranges
                0x00000590       0x20 ../cpu5_bsp/\libhal_bsp.a(altera_avalon_jtag_uart_fd.o)
 .debug_aranges
                0x000005b0       0x20 ../cpu5_bsp/\libhal_bsp.a(altera_avalon_jtag_uart_init.o)
 .debug_aranges
                0x000005d0       0x20 ../cpu5_bsp/\libhal_bsp.a(altera_avalon_jtag_uart_ioctl.o)
 .debug_aranges
                0x000005f0       0x20 ../cpu5_bsp/\libhal_bsp.a(altera_avalon_jtag_uart_read.o)
 .debug_aranges
                0x00000610       0x20 ../cpu5_bsp/\libhal_bsp.a(altera_avalon_jtag_uart_write.o)
 .debug_aranges
                0x00000630       0x20 ../cpu5_bsp/\libhal_bsp.a(altera_avalon_timer_sc.o)
 .debug_aranges
                0x00000650       0x20 ../cpu5_bsp/\libhal_bsp.a(alt_alarm_start.o)
 .debug_aranges
                0x00000670       0x20 ../cpu5_bsp/\libhal_bsp.a(alt_dcache_flush_all.o)
 .debug_aranges
                0x00000690       0x20 ../cpu5_bsp/\libhal_bsp.a(alt_dev_llist_insert.o)
 .debug_aranges
                0x000006b0       0x20 ../cpu5_bsp/\libhal_bsp.a(alt_do_ctors.o)
 .debug_aranges
                0x000006d0       0x20 ../cpu5_bsp/\libhal_bsp.a(alt_do_dtors.o)
 .debug_aranges
                0x000006f0       0x20 ../cpu5_bsp/\libhal_bsp.a(alt_icache_flush_all.o)
 .debug_aranges
                0x00000710       0x20 ../cpu5_bsp/\libhal_bsp.a(alt_iic.o)
 .debug_aranges
                0x00000730       0x20 ../cpu5_bsp/\libhal_bsp.a(alt_iic_isr_register.o)
 .debug_aranges
                0x00000750       0x20 ../cpu5_bsp/\libhal_bsp.a(alt_io_redirect.o)
 .debug_aranges
                0x00000770       0x30 ../cpu5_bsp/\libhal_bsp.a(alt_irq_entry.o)
 .debug_aranges
                0x000007a0       0x20 ../cpu5_bsp/\libhal_bsp.a(alt_irq_handler.o)
 .debug_aranges
                0x000007c0       0x18 ../cpu5_bsp/\libhal_bsp.a(alt_irq_vars.o)
 .debug_aranges
                0x000007d8       0x20 ../cpu5_bsp/\libhal_bsp.a(alt_open.o)
 .debug_aranges
                0x000007f8       0x20 ../cpu5_bsp/\libhal_bsp.a(alt_tick.o)
 .debug_aranges
                0x00000818       0x20 ../cpu5_bsp/\libhal_bsp.a(altera_nios2_qsys_irq.o)
 .debug_aranges
                0x00000838       0x38 ../cpu5_bsp/\libhal_bsp.a(alt_exception_entry.o)
 .debug_aranges
                0x00000870       0x20 ../cpu5_bsp/\libhal_bsp.a(alt_find_dev.o)
 .debug_aranges
                0x00000890       0x20 ../cpu5_bsp/\libhal_bsp.a(alt_find_file.o)
 .debug_aranges
                0x000008b0       0x20 ../cpu5_bsp/\libhal_bsp.a(alt_get_fd.o)
 .debug_aranges
                0x000008d0       0x20 f:/altera/nios2eds/bin/gnu/h-i686-mingw32/bin/../lib/gcc/nios2-elf/4.7.3/../../../../../H-i686-mingw32/nios2-elf/lib/mno-hw-mul\libc.a(lib_a-atexit.o)
 .debug_aranges
                0x000008f0       0x20 f:/altera/nios2eds/bin/gnu/h-i686-mingw32/bin/../lib/gcc/nios2-elf/4.7.3/../../../../../H-i686-mingw32/nios2-elf/lib/mno-hw-mul\libc.a(lib_a-exit.o)
 .debug_aranges
                0x00000910       0x20 f:/altera/nios2eds/bin/gnu/h-i686-mingw32/bin/../lib/gcc/nios2-elf/4.7.3/../../../../../H-i686-mingw32/nios2-elf/lib/mno-hw-mul\libc.a(lib_a-memcmp.o)
 .debug_aranges
                0x00000930       0x20 f:/altera/nios2eds/bin/gnu/h-i686-mingw32/bin/../lib/gcc/nios2-elf/4.7.3/../../../../../H-i686-mingw32/nios2-elf/lib/mno-hw-mul\libc.a(lib_a-__atexit.o)
 .debug_aranges
                0x00000950       0x20 f:/altera/nios2eds/bin/gnu/h-i686-mingw32/bin/../lib/gcc/nios2-elf/4.7.3/../../../../../H-i686-mingw32/nios2-elf/lib/mno-hw-mul\libc.a(lib_a-__call_atexit.o)
 .debug_aranges
                0x00000970       0x20 ../cpu5_bsp/\libhal_bsp.a(alt_exit.o)

.debug_pubnames
 *(.debug_pubnames)

.debug_info     0x00000000    0x181b3
 *(.debug_info .gnu.linkonce.wi.*)
 .debug_info    0x00000000       0x99 ../cpu5_bsp//obj/HAL/src/crt0.o
 .debug_info    0x00000099      0x11f obj/default/FIFO.o
 .debug_info    0x000001b8      0x477 obj/default/huffman.o
 .debug_info    0x0000062f       0xb8 f:/altera/nios2eds/bin/gnu/h-i686-mingw32/bin/../lib/gcc/nios2-elf/4.7.3/mno-hw-mul\libgcc.a(lib2-mul.o)
 .debug_info    0x000006e7      0xab7 f:/altera/nios2eds/bin/gnu/h-i686-mingw32/bin/../lib/gcc/nios2-elf/4.7.3/../../../../../H-i686-mingw32/nios2-elf/lib/mno-hw-mul\libc.a(lib_a-puts.o)
 .debug_info    0x0000119e       0xdf f:/altera/nios2eds/bin/gnu/h-i686-mingw32/bin/../lib/gcc/nios2-elf/4.7.3/../../../../../H-i686-mingw32/nios2-elf/lib/mno-hw-mul\libc.a(lib_a-strlen.o)
 .debug_info    0x0000127d      0xd05 f:/altera/nios2eds/bin/gnu/h-i686-mingw32/bin/../lib/gcc/nios2-elf/4.7.3/../../../../../H-i686-mingw32/nios2-elf/lib/mno-hw-mul\libc.a(lib_a-fvwrite.o)
 .debug_info    0x00001f82      0x938 f:/altera/nios2eds/bin/gnu/h-i686-mingw32/bin/../lib/gcc/nios2-elf/4.7.3/../../../../../H-i686-mingw32/nios2-elf/lib/mno-hw-mul\libc.a(lib_a-impure.o)
 .debug_info    0x000028ba      0xe44 f:/altera/nios2eds/bin/gnu/h-i686-mingw32/bin/../lib/gcc/nios2-elf/4.7.3/../../../../../H-i686-mingw32/nios2-elf/lib/mno-hw-mul\libc.a(lib_a-mallocr.o)
 .debug_info    0x000036fe      0x13e f:/altera/nios2eds/bin/gnu/h-i686-mingw32/bin/../lib/gcc/nios2-elf/4.7.3/../../../../../H-i686-mingw32/nios2-elf/lib/mno-hw-mul\libc.a(lib_a-memchr.o)
 .debug_info    0x0000383c      0x10f f:/altera/nios2eds/bin/gnu/h-i686-mingw32/bin/../lib/gcc/nios2-elf/4.7.3/../../../../../H-i686-mingw32/nios2-elf/lib/mno-hw-mul\libc.a(lib_a-memcpy.o)
 .debug_info    0x0000394b      0x147 f:/altera/nios2eds/bin/gnu/h-i686-mingw32/bin/../lib/gcc/nios2-elf/4.7.3/../../../../../H-i686-mingw32/nios2-elf/lib/mno-hw-mul\libc.a(lib_a-memmove.o)
 .debug_info    0x00003a92      0xd8e f:/altera/nios2eds/bin/gnu/h-i686-mingw32/bin/../lib/gcc/nios2-elf/4.7.3/../../../../../H-i686-mingw32/nios2-elf/lib/mno-hw-mul\libc.a(lib_a-reallocr.o)
 .debug_info    0x00004820      0x9a3 f:/altera/nios2eds/bin/gnu/h-i686-mingw32/bin/../lib/gcc/nios2-elf/4.7.3/../../../../../H-i686-mingw32/nios2-elf/lib/mno-hw-mul\libc.a(lib_a-sbrkr.o)
 .debug_info    0x000051c3      0x9d4 f:/altera/nios2eds/bin/gnu/h-i686-mingw32/bin/../lib/gcc/nios2-elf/4.7.3/../../../../../H-i686-mingw32/nios2-elf/lib/mno-hw-mul\libc.a(lib_a-wsetup.o)
 .debug_info    0x00005b97      0xad0 f:/altera/nios2eds/bin/gnu/h-i686-mingw32/bin/../lib/gcc/nios2-elf/4.7.3/../../../../../H-i686-mingw32/nios2-elf/lib/mno-hw-mul\libc.a(lib_a-fflush.o)
 .debug_info    0x00006667      0xd6e f:/altera/nios2eds/bin/gnu/h-i686-mingw32/bin/../lib/gcc/nios2-elf/4.7.3/../../../../../H-i686-mingw32/nios2-elf/lib/mno-hw-mul\libc.a(lib_a-findfp.o)
 .debug_info    0x000073d5      0xcf9 f:/altera/nios2eds/bin/gnu/h-i686-mingw32/bin/../lib/gcc/nios2-elf/4.7.3/../../../../../H-i686-mingw32/nios2-elf/lib/mno-hw-mul\libc.a(lib_a-freer.o)
 .debug_info    0x000080ce      0xb72 f:/altera/nios2eds/bin/gnu/h-i686-mingw32/bin/../lib/gcc/nios2-elf/4.7.3/../../../../../H-i686-mingw32/nios2-elf/lib/mno-hw-mul\libc.a(lib_a-fwalk.o)
 .debug_info    0x00008c40       0x84 f:/altera/nios2eds/bin/gnu/h-i686-mingw32/bin/../lib/gcc/nios2-elf/4.7.3/../../../../../H-i686-mingw32/nios2-elf/lib/mno-hw-mul\libc.a(lib_a-int_errno.o)
 .debug_info    0x00008cc4      0xbc2 f:/altera/nios2eds/bin/gnu/h-i686-mingw32/bin/../lib/gcc/nios2-elf/4.7.3/../../../../../H-i686-mingw32/nios2-elf/lib/mno-hw-mul\libc.a(lib_a-makebuf.o)
 .debug_info    0x00009886      0x117 f:/altera/nios2eds/bin/gnu/h-i686-mingw32/bin/../lib/gcc/nios2-elf/4.7.3/../../../../../H-i686-mingw32/nios2-elf/lib/mno-hw-mul\libc.a(lib_a-memset.o)
 .debug_info    0x0000999d      0xbfd f:/altera/nios2eds/bin/gnu/h-i686-mingw32/bin/../lib/gcc/nios2-elf/4.7.3/../../../../../H-i686-mingw32/nios2-elf/lib/mno-hw-mul\libc.a(lib_a-stdio.o)
 .debug_info    0x0000a59a      0x9d2 f:/altera/nios2eds/bin/gnu/h-i686-mingw32/bin/../lib/gcc/nios2-elf/4.7.3/../../../../../H-i686-mingw32/nios2-elf/lib/mno-hw-mul\libc.a(lib_a-writer.o)
 .debug_info    0x0000af6c      0x97f f:/altera/nios2eds/bin/gnu/h-i686-mingw32/bin/../lib/gcc/nios2-elf/4.7.3/../../../../../H-i686-mingw32/nios2-elf/lib/mno-hw-mul\libc.a(lib_a-closer.o)
 .debug_info    0x0000b8eb      0xa97 f:/altera/nios2eds/bin/gnu/h-i686-mingw32/bin/../lib/gcc/nios2-elf/4.7.3/../../../../../H-i686-mingw32/nios2-elf/lib/mno-hw-mul\libc.a(lib_a-fclose.o)
 .debug_info    0x0000c382      0xb2f f:/altera/nios2eds/bin/gnu/h-i686-mingw32/bin/../lib/gcc/nios2-elf/4.7.3/../../../../../H-i686-mingw32/nios2-elf/lib/mno-hw-mul\libc.a(lib_a-fstatr.o)
 .debug_info    0x0000ceb1      0x97f f:/altera/nios2eds/bin/gnu/h-i686-mingw32/bin/../lib/gcc/nios2-elf/4.7.3/../../../../../H-i686-mingw32/nios2-elf/lib/mno-hw-mul\libc.a(lib_a-isattyr.o)
 .debug_info    0x0000d830      0x9cb f:/altera/nios2eds/bin/gnu/h-i686-mingw32/bin/../lib/gcc/nios2-elf/4.7.3/../../../../../H-i686-mingw32/nios2-elf/lib/mno-hw-mul\libc.a(lib_a-lseekr.o)
 .debug_info    0x0000e1fb      0x9cb f:/altera/nios2eds/bin/gnu/h-i686-mingw32/bin/../lib/gcc/nios2-elf/4.7.3/../../../../../H-i686-mingw32/nios2-elf/lib/mno-hw-mul\libc.a(lib_a-readr.o)
 .debug_info    0x0000ebc6      0x350 ../cpu5_bsp/\libhal_bsp.a(alt_close.o)
 .debug_info    0x0000ef16      0x4e3 ../cpu5_bsp/\libhal_bsp.a(alt_dev.o)
 .debug_info    0x0000f3f9       0xa3 ../cpu5_bsp/\libhal_bsp.a(alt_errno.o)
 .debug_info    0x0000f49c      0x4d8 ../cpu5_bsp/\libhal_bsp.a(alt_fstat.o)
 .debug_info    0x0000f974      0x4db ../cpu5_bsp/\libhal_bsp.a(alt_isatty.o)
 .debug_info    0x0000fe4f      0x135 ../cpu5_bsp/\libhal_bsp.a(alt_load.o)
 .debug_info    0x0000ff84      0x381 ../cpu5_bsp/\libhal_bsp.a(alt_lseek.o)
 .debug_info    0x00010305      0x139 ../cpu5_bsp/\libhal_bsp.a(alt_main.o)
 .debug_info    0x0001043e      0x950 ../cpu5_bsp/\libhal_bsp.a(alt_malloc_lock.o)
 .debug_info    0x00010d8e      0x500 ../cpu5_bsp/\libhal_bsp.a(alt_read.o)
 .debug_info    0x0001128e      0x2dd ../cpu5_bsp/\libhal_bsp.a(alt_release_fd.o)
 .debug_info    0x0001156b      0x1b2 ../cpu5_bsp/\libhal_bsp.a(alt_sbrk.o)
 .debug_info    0x0001171d      0x507 ../cpu5_bsp/\libhal_bsp.a(alt_write.o)
 .debug_info    0x00011c24      0x539 ../cpu5_bsp/\libhal_bsp.a(alt_sys_init.o)
 .debug_info    0x0001215d      0x4b5 ../cpu5_bsp/\libhal_bsp.a(altera_avalon_fifo_util.o)
 .debug_info    0x00012612      0x58a ../cpu5_bsp/\libhal_bsp.a(altera_avalon_jtag_uart_fd.o)
 .debug_info    0x00012b9c      0x3d8 ../cpu5_bsp/\libhal_bsp.a(altera_avalon_jtag_uart_init.o)
 .debug_info    0x00012f74      0x2a9 ../cpu5_bsp/\libhal_bsp.a(altera_avalon_jtag_uart_ioctl.o)
 .debug_info    0x0001321d      0x371 ../cpu5_bsp/\libhal_bsp.a(altera_avalon_jtag_uart_read.o)
 .debug_info    0x0001358e      0x36c ../cpu5_bsp/\libhal_bsp.a(altera_avalon_jtag_uart_write.o)
 .debug_info    0x000138fa      0x235 ../cpu5_bsp/\libhal_bsp.a(altera_avalon_timer_sc.o)
 .debug_info    0x00013b2f      0x2e4 ../cpu5_bsp/\libhal_bsp.a(alt_alarm_start.o)
 .debug_info    0x00013e13       0x90 ../cpu5_bsp/\libhal_bsp.a(alt_dcache_flush_all.o)
 .debug_info    0x00013ea3      0x1b9 ../cpu5_bsp/\libhal_bsp.a(alt_dev_llist_insert.o)
 .debug_info    0x0001405c       0x8d ../cpu5_bsp/\libhal_bsp.a(alt_do_ctors.o)
 .debug_info    0x000140e9       0x8d ../cpu5_bsp/\libhal_bsp.a(alt_do_dtors.o)
 .debug_info    0x00014176       0x90 ../cpu5_bsp/\libhal_bsp.a(alt_icache_flush_all.o)
 .debug_info    0x00014206      0x364 ../cpu5_bsp/\libhal_bsp.a(alt_iic.o)
 .debug_info    0x0001456a      0x1f6 ../cpu5_bsp/\libhal_bsp.a(alt_iic_isr_register.o)
 .debug_info    0x00014760      0x4f0 ../cpu5_bsp/\libhal_bsp.a(alt_io_redirect.o)
 .debug_info    0x00014c50       0xa2 ../cpu5_bsp/\libhal_bsp.a(alt_irq_entry.o)
 .debug_info    0x00014cf2      0x190 ../cpu5_bsp/\libhal_bsp.a(alt_irq_handler.o)
 .debug_info    0x00014e82       0x8a ../cpu5_bsp/\libhal_bsp.a(alt_irq_vars.o)
 .debug_info    0x00014f0c      0x3f0 ../cpu5_bsp/\libhal_bsp.a(alt_open.o)
 .debug_info    0x000152fc      0x2b1 ../cpu5_bsp/\libhal_bsp.a(alt_tick.o)
 .debug_info    0x000155ad       0x90 ../cpu5_bsp/\libhal_bsp.a(altera_nios2_qsys_irq.o)
 .debug_info    0x0001563d       0xa8 ../cpu5_bsp/\libhal_bsp.a(alt_exception_entry.o)
 .debug_info    0x000156e5      0x30d ../cpu5_bsp/\libhal_bsp.a(alt_find_dev.o)
 .debug_info    0x000159f2      0x30c ../cpu5_bsp/\libhal_bsp.a(alt_find_file.o)
 .debug_info    0x00015cfe      0x339 ../cpu5_bsp/\libhal_bsp.a(alt_get_fd.o)
 .debug_info    0x00016037      0x1e6 f:/altera/nios2eds/bin/gnu/h-i686-mingw32/bin/../lib/gcc/nios2-elf/4.7.3/../../../../../H-i686-mingw32/nios2-elf/lib/mno-hw-mul\libc.a(lib_a-atexit.o)
 .debug_info    0x0001621d      0x993 f:/altera/nios2eds/bin/gnu/h-i686-mingw32/bin/../lib/gcc/nios2-elf/4.7.3/../../../../../H-i686-mingw32/nios2-elf/lib/mno-hw-mul\libc.a(lib_a-exit.o)
 .debug_info    0x00016bb0      0x117 f:/altera/nios2eds/bin/gnu/h-i686-mingw32/bin/../lib/gcc/nios2-elf/4.7.3/../../../../../H-i686-mingw32/nios2-elf/lib/mno-hw-mul\libc.a(lib_a-memcmp.o)
 .debug_info    0x00016cc7      0x9f9 f:/altera/nios2eds/bin/gnu/h-i686-mingw32/bin/../lib/gcc/nios2-elf/4.7.3/../../../../../H-i686-mingw32/nios2-elf/lib/mno-hw-mul\libc.a(lib_a-__atexit.o)
 .debug_info    0x000176c0      0xa07 f:/altera/nios2eds/bin/gnu/h-i686-mingw32/bin/../lib/gcc/nios2-elf/4.7.3/../../../../../H-i686-mingw32/nios2-elf/lib/mno-hw-mul\libc.a(lib_a-__call_atexit.o)
 .debug_info    0x000180c7       0xec ../cpu5_bsp/\libhal_bsp.a(alt_exit.o)

.debug_abbrev   0x00000000     0x5d0a
 *(.debug_abbrev)
 .debug_abbrev  0x00000000       0x12 ../cpu5_bsp//obj/HAL/src/crt0.o
 .debug_abbrev  0x00000012       0x87 obj/default/FIFO.o
 .debug_abbrev  0x00000099      0x13d obj/default/huffman.o
 .debug_abbrev  0x000001d6       0x6f f:/altera/nios2eds/bin/gnu/h-i686-mingw32/bin/../lib/gcc/nios2-elf/4.7.3/mno-hw-mul\libgcc.a(lib2-mul.o)
 .debug_abbrev  0x00000245      0x208 f:/altera/nios2eds/bin/gnu/h-i686-mingw32/bin/../lib/gcc/nios2-elf/4.7.3/../../../../../H-i686-mingw32/nios2-elf/lib/mno-hw-mul\libc.a(lib_a-puts.o)
 .debug_abbrev  0x0000044d       0x90 f:/altera/nios2eds/bin/gnu/h-i686-mingw32/bin/../lib/gcc/nios2-elf/4.7.3/../../../../../H-i686-mingw32/nios2-elf/lib/mno-hw-mul\libc.a(lib_a-strlen.o)
 .debug_abbrev  0x000004dd      0x234 f:/altera/nios2eds/bin/gnu/h-i686-mingw32/bin/../lib/gcc/nios2-elf/4.7.3/../../../../../H-i686-mingw32/nios2-elf/lib/mno-hw-mul\libc.a(lib_a-fvwrite.o)
 .debug_abbrev  0x00000711      0x162 f:/altera/nios2eds/bin/gnu/h-i686-mingw32/bin/../lib/gcc/nios2-elf/4.7.3/../../../../../H-i686-mingw32/nios2-elf/lib/mno-hw-mul\libc.a(lib_a-impure.o)
 .debug_abbrev  0x00000873      0x284 f:/altera/nios2eds/bin/gnu/h-i686-mingw32/bin/../lib/gcc/nios2-elf/4.7.3/../../../../../H-i686-mingw32/nios2-elf/lib/mno-hw-mul\libc.a(lib_a-mallocr.o)
 .debug_abbrev  0x00000af7       0xab f:/altera/nios2eds/bin/gnu/h-i686-mingw32/bin/../lib/gcc/nios2-elf/4.7.3/../../../../../H-i686-mingw32/nios2-elf/lib/mno-hw-mul\libc.a(lib_a-memchr.o)
 .debug_abbrev  0x00000ba2       0x9c f:/altera/nios2eds/bin/gnu/h-i686-mingw32/bin/../lib/gcc/nios2-elf/4.7.3/../../../../../H-i686-mingw32/nios2-elf/lib/mno-hw-mul\libc.a(lib_a-memcpy.o)
 .debug_abbrev  0x00000c3e       0x9c f:/altera/nios2eds/bin/gnu/h-i686-mingw32/bin/../lib/gcc/nios2-elf/4.7.3/../../../../../H-i686-mingw32/nios2-elf/lib/mno-hw-mul\libc.a(lib_a-memmove.o)
 .debug_abbrev  0x00000cda      0x242 f:/altera/nios2eds/bin/gnu/h-i686-mingw32/bin/../lib/gcc/nios2-elf/4.7.3/../../../../../H-i686-mingw32/nios2-elf/lib/mno-hw-mul\libc.a(lib_a-reallocr.o)
 .debug_abbrev  0x00000f1c      0x1df f:/altera/nios2eds/bin/gnu/h-i686-mingw32/bin/../lib/gcc/nios2-elf/4.7.3/../../../../../H-i686-mingw32/nios2-elf/lib/mno-hw-mul\libc.a(lib_a-sbrkr.o)
 .debug_abbrev  0x000010fb      0x1d5 f:/altera/nios2eds/bin/gnu/h-i686-mingw32/bin/../lib/gcc/nios2-elf/4.7.3/../../../../../H-i686-mingw32/nios2-elf/lib/mno-hw-mul\libc.a(lib_a-wsetup.o)
 .debug_abbrev  0x000012d0      0x259 f:/altera/nios2eds/bin/gnu/h-i686-mingw32/bin/../lib/gcc/nios2-elf/4.7.3/../../../../../H-i686-mingw32/nios2-elf/lib/mno-hw-mul\libc.a(lib_a-fflush.o)
 .debug_abbrev  0x00001529      0x333 f:/altera/nios2eds/bin/gnu/h-i686-mingw32/bin/../lib/gcc/nios2-elf/4.7.3/../../../../../H-i686-mingw32/nios2-elf/lib/mno-hw-mul\libc.a(lib_a-findfp.o)
 .debug_abbrev  0x0000185c      0x25d f:/altera/nios2eds/bin/gnu/h-i686-mingw32/bin/../lib/gcc/nios2-elf/4.7.3/../../../../../H-i686-mingw32/nios2-elf/lib/mno-hw-mul\libc.a(lib_a-freer.o)
 .debug_abbrev  0x00001ab9      0x224 f:/altera/nios2eds/bin/gnu/h-i686-mingw32/bin/../lib/gcc/nios2-elf/4.7.3/../../../../../H-i686-mingw32/nios2-elf/lib/mno-hw-mul\libc.a(lib_a-fwalk.o)
 .debug_abbrev  0x00001cdd       0x37 f:/altera/nios2eds/bin/gnu/h-i686-mingw32/bin/../lib/gcc/nios2-elf/4.7.3/../../../../../H-i686-mingw32/nios2-elf/lib/mno-hw-mul\libc.a(lib_a-int_errno.o)
 .debug_abbrev  0x00001d14      0x1e8 f:/altera/nios2eds/bin/gnu/h-i686-mingw32/bin/../lib/gcc/nios2-elf/4.7.3/../../../../../H-i686-mingw32/nios2-elf/lib/mno-hw-mul\libc.a(lib_a-makebuf.o)
 .debug_abbrev  0x00001efc       0xac f:/altera/nios2eds/bin/gnu/h-i686-mingw32/bin/../lib/gcc/nios2-elf/4.7.3/../../../../../H-i686-mingw32/nios2-elf/lib/mno-hw-mul\libc.a(lib_a-memset.o)
 .debug_abbrev  0x00001fa8      0x226 f:/altera/nios2eds/bin/gnu/h-i686-mingw32/bin/../lib/gcc/nios2-elf/4.7.3/../../../../../H-i686-mingw32/nios2-elf/lib/mno-hw-mul\libc.a(lib_a-stdio.o)
 .debug_abbrev  0x000021ce      0x1c0 f:/altera/nios2eds/bin/gnu/h-i686-mingw32/bin/../lib/gcc/nios2-elf/4.7.3/../../../../../H-i686-mingw32/nios2-elf/lib/mno-hw-mul\libc.a(lib_a-writer.o)
 .debug_abbrev  0x0000238e      0x1bb f:/altera/nios2eds/bin/gnu/h-i686-mingw32/bin/../lib/gcc/nios2-elf/4.7.3/../../../../../H-i686-mingw32/nios2-elf/lib/mno-hw-mul\libc.a(lib_a-closer.o)
 .debug_abbrev  0x00002549      0x24e f:/altera/nios2eds/bin/gnu/h-i686-mingw32/bin/../lib/gcc/nios2-elf/4.7.3/../../../../../H-i686-mingw32/nios2-elf/lib/mno-hw-mul\libc.a(lib_a-fclose.o)
 .debug_abbrev  0x00002797      0x1ca f:/altera/nios2eds/bin/gnu/h-i686-mingw32/bin/../lib/gcc/nios2-elf/4.7.3/../../../../../H-i686-mingw32/nios2-elf/lib/mno-hw-mul\libc.a(lib_a-fstatr.o)
 .debug_abbrev  0x00002961      0x1bb f:/altera/nios2eds/bin/gnu/h-i686-mingw32/bin/../lib/gcc/nios2-elf/4.7.3/../../../../../H-i686-mingw32/nios2-elf/lib/mno-hw-mul\libc.a(lib_a-isattyr.o)
 .debug_abbrev  0x00002b1c      0x1ca f:/altera/nios2eds/bin/gnu/h-i686-mingw32/bin/../lib/gcc/nios2-elf/4.7.3/../../../../../H-i686-mingw32/nios2-elf/lib/mno-hw-mul\libc.a(lib_a-lseekr.o)
 .debug_abbrev  0x00002ce6      0x1bb f:/altera/nios2eds/bin/gnu/h-i686-mingw32/bin/../lib/gcc/nios2-elf/4.7.3/../../../../../H-i686-mingw32/nios2-elf/lib/mno-hw-mul\libc.a(lib_a-readr.o)
 .debug_abbrev  0x00002ea1      0x11f ../cpu5_bsp/\libhal_bsp.a(alt_close.o)
 .debug_abbrev  0x00002fc0       0xd9 ../cpu5_bsp/\libhal_bsp.a(alt_dev.o)
 .debug_abbrev  0x00003099       0x5a ../cpu5_bsp/\libhal_bsp.a(alt_errno.o)
 .debug_abbrev  0x000030f3      0x11f ../cpu5_bsp/\libhal_bsp.a(alt_fstat.o)
 .debug_abbrev  0x00003212      0x11f ../cpu5_bsp/\libhal_bsp.a(alt_isatty.o)
 .debug_abbrev  0x00003331       0x9d ../cpu5_bsp/\libhal_bsp.a(alt_load.o)
 .debug_abbrev  0x000033ce      0x11f ../cpu5_bsp/\libhal_bsp.a(alt_lseek.o)
 .debug_abbrev  0x000034ed       0xba ../cpu5_bsp/\libhal_bsp.a(alt_main.o)
 .debug_abbrev  0x000035a7      0x187 ../cpu5_bsp/\libhal_bsp.a(alt_malloc_lock.o)
 .debug_abbrev  0x0000372e      0x12e ../cpu5_bsp/\libhal_bsp.a(alt_read.o)
 .debug_abbrev  0x0000385c       0xde ../cpu5_bsp/\libhal_bsp.a(alt_release_fd.o)
 .debug_abbrev  0x0000393a      0x112 ../cpu5_bsp/\libhal_bsp.a(alt_sbrk.o)
 .debug_abbrev  0x00003a4c      0x133 ../cpu5_bsp/\libhal_bsp.a(alt_write.o)
 .debug_abbrev  0x00003b7f      0x176 ../cpu5_bsp/\libhal_bsp.a(alt_sys_init.o)
 .debug_abbrev  0x00003cf5       0xb0 ../cpu5_bsp/\libhal_bsp.a(altera_avalon_fifo_util.o)
 .debug_abbrev  0x00003da5      0x118 ../cpu5_bsp/\libhal_bsp.a(altera_avalon_jtag_uart_fd.o)
 .debug_abbrev  0x00003ebd      0x18f ../cpu5_bsp/\libhal_bsp.a(altera_avalon_jtag_uart_init.o)
 .debug_abbrev  0x0000404c      0x102 ../cpu5_bsp/\libhal_bsp.a(altera_avalon_jtag_uart_ioctl.o)
 .debug_abbrev  0x0000414e      0x19b ../cpu5_bsp/\libhal_bsp.a(altera_avalon_jtag_uart_read.o)
 .debug_abbrev  0x000042e9      0x199 ../cpu5_bsp/\libhal_bsp.a(altera_avalon_jtag_uart_write.o)
 .debug_abbrev  0x00004482      0x155 ../cpu5_bsp/\libhal_bsp.a(altera_avalon_timer_sc.o)
 .debug_abbrev  0x000045d7      0x162 ../cpu5_bsp/\libhal_bsp.a(alt_alarm_start.o)
 .debug_abbrev  0x00004739       0x42 ../cpu5_bsp/\libhal_bsp.a(alt_dcache_flush_all.o)
 .debug_abbrev  0x0000477b      0x114 ../cpu5_bsp/\libhal_bsp.a(alt_dev_llist_insert.o)
 .debug_abbrev  0x0000488f       0x79 ../cpu5_bsp/\libhal_bsp.a(alt_do_ctors.o)
 .debug_abbrev  0x00004908       0x79 ../cpu5_bsp/\libhal_bsp.a(alt_do_dtors.o)
 .debug_abbrev  0x00004981       0x42 ../cpu5_bsp/\libhal_bsp.a(alt_icache_flush_all.o)
 .debug_abbrev  0x000049c3      0x16a ../cpu5_bsp/\libhal_bsp.a(alt_iic.o)
 .debug_abbrev  0x00004b2d      0x169 ../cpu5_bsp/\libhal_bsp.a(alt_iic_isr_register.o)
 .debug_abbrev  0x00004c96      0x114 ../cpu5_bsp/\libhal_bsp.a(alt_io_redirect.o)
 .debug_abbrev  0x00004daa       0x12 ../cpu5_bsp/\libhal_bsp.a(alt_irq_entry.o)
 .debug_abbrev  0x00004dbc      0x124 ../cpu5_bsp/\libhal_bsp.a(alt_irq_handler.o)
 .debug_abbrev  0x00004ee0       0x40 ../cpu5_bsp/\libhal_bsp.a(alt_irq_vars.o)
 .debug_abbrev  0x00004f20      0x148 ../cpu5_bsp/\libhal_bsp.a(alt_open.o)
 .debug_abbrev  0x00005068      0x15a ../cpu5_bsp/\libhal_bsp.a(alt_tick.o)
 .debug_abbrev  0x000051c2       0x42 ../cpu5_bsp/\libhal_bsp.a(altera_nios2_qsys_irq.o)
 .debug_abbrev  0x00005204       0x12 ../cpu5_bsp/\libhal_bsp.a(alt_exception_entry.o)
 .debug_abbrev  0x00005216       0xf0 ../cpu5_bsp/\libhal_bsp.a(alt_find_dev.o)
 .debug_abbrev  0x00005306       0xf0 ../cpu5_bsp/\libhal_bsp.a(alt_find_file.o)
 .debug_abbrev  0x000053f6      0x10d ../cpu5_bsp/\libhal_bsp.a(alt_get_fd.o)
 .debug_abbrev  0x00005503      0x106 f:/altera/nios2eds/bin/gnu/h-i686-mingw32/bin/../lib/gcc/nios2-elf/4.7.3/../../../../../H-i686-mingw32/nios2-elf/lib/mno-hw-mul\libc.a(lib_a-atexit.o)
 .debug_abbrev  0x00005609      0x1c8 f:/altera/nios2eds/bin/gnu/h-i686-mingw32/bin/../lib/gcc/nios2-elf/4.7.3/../../../../../H-i686-mingw32/nios2-elf/lib/mno-hw-mul\libc.a(lib_a-exit.o)
 .debug_abbrev  0x000057d1       0x7f f:/altera/nios2eds/bin/gnu/h-i686-mingw32/bin/../lib/gcc/nios2-elf/4.7.3/../../../../../H-i686-mingw32/nios2-elf/lib/mno-hw-mul\libc.a(lib_a-memcmp.o)
 .debug_abbrev  0x00005850      0x211 f:/altera/nios2eds/bin/gnu/h-i686-mingw32/bin/../lib/gcc/nios2-elf/4.7.3/../../../../../H-i686-mingw32/nios2-elf/lib/mno-hw-mul\libc.a(lib_a-__atexit.o)
 .debug_abbrev  0x00005a61      0x203 f:/altera/nios2eds/bin/gnu/h-i686-mingw32/bin/../lib/gcc/nios2-elf/4.7.3/../../../../../H-i686-mingw32/nios2-elf/lib/mno-hw-mul\libc.a(lib_a-__call_atexit.o)
 .debug_abbrev  0x00005c64       0xa6 ../cpu5_bsp/\libhal_bsp.a(alt_exit.o)

.debug_line     0x00000000     0x7002
 *(.debug_line)
 .debug_line    0x00000000       0x66 ../cpu5_bsp//obj/HAL/src/crt0.o
 .debug_line    0x00000066       0x57 obj/default/FIFO.o
 .debug_line    0x000000bd      0x307 obj/default/huffman.o
 .debug_line    0x000003c4       0x80 f:/altera/nios2eds/bin/gnu/h-i686-mingw32/bin/../lib/gcc/nios2-elf/4.7.3/mno-hw-mul\libgcc.a(lib2-mul.o)
 .debug_line    0x00000444      0x238 f:/altera/nios2eds/bin/gnu/h-i686-mingw32/bin/../lib/gcc/nios2-elf/4.7.3/../../../../../H-i686-mingw32/nios2-elf/lib/mno-hw-mul\libc.a(lib_a-puts.o)
 .debug_line    0x0000067c      0x185 f:/altera/nios2eds/bin/gnu/h-i686-mingw32/bin/../lib/gcc/nios2-elf/4.7.3/../../../../../H-i686-mingw32/nios2-elf/lib/mno-hw-mul\libc.a(lib_a-strlen.o)
 .debug_line    0x00000801      0x363 f:/altera/nios2eds/bin/gnu/h-i686-mingw32/bin/../lib/gcc/nios2-elf/4.7.3/../../../../../H-i686-mingw32/nios2-elf/lib/mno-hw-mul\libc.a(lib_a-fvwrite.o)
 .debug_line    0x00000b64      0x176 f:/altera/nios2eds/bin/gnu/h-i686-mingw32/bin/../lib/gcc/nios2-elf/4.7.3/../../../../../H-i686-mingw32/nios2-elf/lib/mno-hw-mul\libc.a(lib_a-impure.o)
 .debug_line    0x00000cda      0x424 f:/altera/nios2eds/bin/gnu/h-i686-mingw32/bin/../lib/gcc/nios2-elf/4.7.3/../../../../../H-i686-mingw32/nios2-elf/lib/mno-hw-mul\libc.a(lib_a-mallocr.o)
 .debug_line    0x000010fe      0x1f4 f:/altera/nios2eds/bin/gnu/h-i686-mingw32/bin/../lib/gcc/nios2-elf/4.7.3/../../../../../H-i686-mingw32/nios2-elf/lib/mno-hw-mul\libc.a(lib_a-memchr.o)
 .debug_line    0x000012f2      0x144 f:/altera/nios2eds/bin/gnu/h-i686-mingw32/bin/../lib/gcc/nios2-elf/4.7.3/../../../../../H-i686-mingw32/nios2-elf/lib/mno-hw-mul\libc.a(lib_a-memcpy.o)
 .debug_line    0x00001436      0x1f9 f:/altera/nios2eds/bin/gnu/h-i686-mingw32/bin/../lib/gcc/nios2-elf/4.7.3/../../../../../H-i686-mingw32/nios2-elf/lib/mno-hw-mul\libc.a(lib_a-memmove.o)
 .debug_line    0x0000162f      0x333 f:/altera/nios2eds/bin/gnu/h-i686-mingw32/bin/../lib/gcc/nios2-elf/4.7.3/../../../../../H-i686-mingw32/nios2-elf/lib/mno-hw-mul\libc.a(lib_a-reallocr.o)
 .debug_line    0x00001962      0x215 f:/altera/nios2eds/bin/gnu/h-i686-mingw32/bin/../lib/gcc/nios2-elf/4.7.3/../../../../../H-i686-mingw32/nios2-elf/lib/mno-hw-mul\libc.a(lib_a-sbrkr.o)
 .debug_line    0x00001b77      0x26e f:/altera/nios2eds/bin/gnu/h-i686-mingw32/bin/../lib/gcc/nios2-elf/4.7.3/../../../../../H-i686-mingw32/nios2-elf/lib/mno-hw-mul\libc.a(lib_a-wsetup.o)
 .debug_line    0x00001de5      0x29f f:/altera/nios2eds/bin/gnu/h-i686-mingw32/bin/../lib/gcc/nios2-elf/4.7.3/../../../../../H-i686-mingw32/nios2-elf/lib/mno-hw-mul\libc.a(lib_a-fflush.o)
 .debug_line    0x00002084      0x2ea f:/altera/nios2eds/bin/gnu/h-i686-mingw32/bin/../lib/gcc/nios2-elf/4.7.3/../../../../../H-i686-mingw32/nios2-elf/lib/mno-hw-mul\libc.a(lib_a-findfp.o)
 .debug_line    0x0000236e      0x314 f:/altera/nios2eds/bin/gnu/h-i686-mingw32/bin/../lib/gcc/nios2-elf/4.7.3/../../../../../H-i686-mingw32/nios2-elf/lib/mno-hw-mul\libc.a(lib_a-freer.o)
 .debug_line    0x00002682      0x25c f:/altera/nios2eds/bin/gnu/h-i686-mingw32/bin/../lib/gcc/nios2-elf/4.7.3/../../../../../H-i686-mingw32/nios2-elf/lib/mno-hw-mul\libc.a(lib_a-fwalk.o)
 .debug_line    0x000028de       0x60 f:/altera/nios2eds/bin/gnu/h-i686-mingw32/bin/../lib/gcc/nios2-elf/4.7.3/../../../../../H-i686-mingw32/nios2-elf/lib/mno-hw-mul\libc.a(lib_a-int_errno.o)
 .debug_line    0x0000293e      0x296 f:/altera/nios2eds/bin/gnu/h-i686-mingw32/bin/../lib/gcc/nios2-elf/4.7.3/../../../../../H-i686-mingw32/nios2-elf/lib/mno-hw-mul\libc.a(lib_a-makebuf.o)
 .debug_line    0x00002bd4      0x1f4 f:/altera/nios2eds/bin/gnu/h-i686-mingw32/bin/../lib/gcc/nios2-elf/4.7.3/../../../../../H-i686-mingw32/nios2-elf/lib/mno-hw-mul\libc.a(lib_a-memset.o)
 .debug_line    0x00002dc8      0x248 f:/altera/nios2eds/bin/gnu/h-i686-mingw32/bin/../lib/gcc/nios2-elf/4.7.3/../../../../../H-i686-mingw32/nios2-elf/lib/mno-hw-mul\libc.a(lib_a-stdio.o)
 .debug_line    0x00003010      0x216 f:/altera/nios2eds/bin/gnu/h-i686-mingw32/bin/../lib/gcc/nios2-elf/4.7.3/../../../../../H-i686-mingw32/nios2-elf/lib/mno-hw-mul\libc.a(lib_a-writer.o)
 .debug_line    0x00003226      0x216 f:/altera/nios2eds/bin/gnu/h-i686-mingw32/bin/../lib/gcc/nios2-elf/4.7.3/../../../../../H-i686-mingw32/nios2-elf/lib/mno-hw-mul\libc.a(lib_a-closer.o)
 .debug_line    0x0000343c      0x269 f:/altera/nios2eds/bin/gnu/h-i686-mingw32/bin/../lib/gcc/nios2-elf/4.7.3/../../../../../H-i686-mingw32/nios2-elf/lib/mno-hw-mul\libc.a(lib_a-fclose.o)
 .debug_line    0x000036a5      0x21f f:/altera/nios2eds/bin/gnu/h-i686-mingw32/bin/../lib/gcc/nios2-elf/4.7.3/../../../../../H-i686-mingw32/nios2-elf/lib/mno-hw-mul\libc.a(lib_a-fstatr.o)
 .debug_line    0x000038c4      0x217 f:/altera/nios2eds/bin/gnu/h-i686-mingw32/bin/../lib/gcc/nios2-elf/4.7.3/../../../../../H-i686-mingw32/nios2-elf/lib/mno-hw-mul\libc.a(lib_a-isattyr.o)
 .debug_line    0x00003adb      0x221 f:/altera/nios2eds/bin/gnu/h-i686-mingw32/bin/../lib/gcc/nios2-elf/4.7.3/../../../../../H-i686-mingw32/nios2-elf/lib/mno-hw-mul\libc.a(lib_a-lseekr.o)