Archive member included because of file (symbol)

f:/altera/nios2eds/bin/gnu/h-i686-mingw32/bin/../lib/gcc/nios2-elf/4.7.3/../../../../../H-i686-mingw32/nios2-elf/lib/mno-hw-mul\libc.a(lib_a-malloc.o)
                              obj/default/dct.o (malloc)
f:/altera/nios2eds/bin/gnu/h-i686-mingw32/bin/../lib/gcc/nios2-elf/4.7.3/../../../../../H-i686-mingw32/nios2-elf/lib/mno-hw-mul\libc.a(lib_a-mallocr.o)
                              f:/altera/nios2eds/bin/gnu/h-i686-mingw32/bin/../lib/gcc/nios2-elf/4.7.3/../../../../../H-i686-mingw32/nios2-elf/lib/mno-hw-mul\libc.a(lib_a-malloc.o) (_malloc_r)
f:/altera/nios2eds/bin/gnu/h-i686-mingw32/bin/../lib/gcc/nios2-elf/4.7.3/../../../../../H-i686-mingw32/nios2-elf/lib/mno-hw-mul\libc.a(lib_a-puts.o)
                              obj/default/dct.o (puts)
f:/altera/nios2eds/bin/gnu/h-i686-mingw32/bin/../lib/gcc/nios2-elf/4.7.3/../../../../../H-i686-mingw32/nios2-elf/lib/mno-hw-mul\libc.a(lib_a-sbrkr.o)
                              f:/altera/nios2eds/bin/gnu/h-i686-mingw32/bin/../lib/gcc/nios2-elf/4.7.3/../../../../../H-i686-mingw32/nios2-elf/lib/mno-hw-mul\libc.a(lib_a-mallocr.o) (_sbrk_r)
f:/altera/nios2eds/bin/gnu/h-i686-mingw32/bin/../lib/gcc/nios2-elf/4.7.3/../../../../../H-i686-mingw32/nios2-elf/lib/mno-hw-mul\libc.a(lib_a-strlen.o)
                              f:/altera/nios2eds/bin/gnu/h-i686-mingw32/bin/../lib/gcc/nios2-elf/4.7.3/../../../../../H-i686-mingw32/nios2-elf/lib/mno-hw-mul\libc.a(lib_a-puts.o) (strlen)
f:/altera/nios2eds/bin/gnu/h-i686-mingw32/bin/../lib/gcc/nios2-elf/4.7.3/../../../../../H-i686-mingw32/nios2-elf/lib/mno-hw-mul\libc.a(lib_a-freer.o)
                              f:/altera/nios2eds/bin/gnu/h-i686-mingw32/bin/../lib/gcc/nios2-elf/4.7.3/../../../../../H-i686-mingw32/nios2-elf/lib/mno-hw-mul\libc.a(lib_a-malloc.o) (_free_r)
f:/altera/nios2eds/bin/gnu/h-i686-mingw32/bin/../lib/gcc/nios2-elf/4.7.3/../../../../../H-i686-mingw32/nios2-elf/lib/mno-hw-mul\libc.a(lib_a-fvwrite.o)
                              f:/altera/nios2eds/bin/gnu/h-i686-mingw32/bin/../lib/gcc/nios2-elf/4.7.3/../../../../../H-i686-mingw32/nios2-elf/lib/mno-hw-mul\libc.a(lib_a-puts.o) (__sfvwrite_r)
f:/altera/nios2eds/bin/gnu/h-i686-mingw32/bin/../lib/gcc/nios2-elf/4.7.3/../../../../../H-i686-mingw32/nios2-elf/lib/mno-hw-mul\libc.a(lib_a-impure.o)
                              f:/altera/nios2eds/bin/gnu/h-i686-mingw32/bin/../lib/gcc/nios2-elf/4.7.3/../../../../../H-i686-mingw32/nios2-elf/lib/mno-hw-mul\libc.a(lib_a-malloc.o) (_impure_ptr)
f:/altera/nios2eds/bin/gnu/h-i686-mingw32/bin/../lib/gcc/nios2-elf/4.7.3/../../../../../H-i686-mingw32/nios2-elf/lib/mno-hw-mul\libc.a(lib_a-int_errno.o)
                              f:/altera/nios2eds/bin/gnu/h-i686-mingw32/bin/../lib/gcc/nios2-elf/4.7.3/../../../../../H-i686-mingw32/nios2-elf/lib/mno-hw-mul\libc.a(lib_a-sbrkr.o) (errno)
f:/altera/nios2eds/bin/gnu/h-i686-mingw32/bin/../lib/gcc/nios2-elf/4.7.3/../../../../../H-i686-mingw32/nios2-elf/lib/mno-hw-mul\libc.a(lib_a-memchr.o)
                              f:/altera/nios2eds/bin/gnu/h-i686-mingw32/bin/../lib/gcc/nios2-elf/4.7.3/../../../../../H-i686-mingw32/nios2-elf/lib/mno-hw-mul\libc.a(lib_a-fvwrite.o) (memchr)
f:/altera/nios2eds/bin/gnu/h-i686-mingw32/bin/../lib/gcc/nios2-elf/4.7.3/../../../../../H-i686-mingw32/nios2-elf/lib/mno-hw-mul\libc.a(lib_a-memcpy.o)
                              f:/altera/nios2eds/bin/gnu/h-i686-mingw32/bin/../lib/gcc/nios2-elf/4.7.3/../../../../../H-i686-mingw32/nios2-elf/lib/mno-hw-mul\libc.a(lib_a-fvwrite.o) (memcpy)
f:/altera/nios2eds/bin/gnu/h-i686-mingw32/bin/../lib/gcc/nios2-elf/4.7.3/../../../../../H-i686-mingw32/nios2-elf/lib/mno-hw-mul\libc.a(lib_a-memmove.o)
                              f:/altera/nios2eds/bin/gnu/h-i686-mingw32/bin/../lib/gcc/nios2-elf/4.7.3/../../../../../H-i686-mingw32/nios2-elf/lib/mno-hw-mul\libc.a(lib_a-fvwrite.o) (memmove)
f:/altera/nios2eds/bin/gnu/h-i686-mingw32/bin/../lib/gcc/nios2-elf/4.7.3/../../../../../H-i686-mingw32/nios2-elf/lib/mno-hw-mul\libc.a(lib_a-reallocr.o)
                              f:/altera/nios2eds/bin/gnu/h-i686-mingw32/bin/../lib/gcc/nios2-elf/4.7.3/../../../../../H-i686-mingw32/nios2-elf/lib/mno-hw-mul\libc.a(lib_a-fvwrite.o) (_realloc_r)
f:/altera/nios2eds/bin/gnu/h-i686-mingw32/bin/../lib/gcc/nios2-elf/4.7.3/../../../../../H-i686-mingw32/nios2-elf/lib/mno-hw-mul\libc.a(lib_a-wsetup.o)
                              f:/altera/nios2eds/bin/gnu/h-i686-mingw32/bin/../lib/gcc/nios2-elf/4.7.3/../../../../../H-i686-mingw32/nios2-elf/lib/mno-hw-mul\libc.a(lib_a-fvwrite.o) (__swsetup_r)
f:/altera/nios2eds/bin/gnu/h-i686-mingw32/bin/../lib/gcc/nios2-elf/4.7.3/../../../../../H-i686-mingw32/nios2-elf/lib/mno-hw-mul\libc.a(lib_a-fflush.o)
                              f:/altera/nios2eds/bin/gnu/h-i686-mingw32/bin/../lib/gcc/nios2-elf/4.7.3/../../../../../H-i686-mingw32/nios2-elf/lib/mno-hw-mul\libc.a(lib_a-fvwrite.o) (_fflush_r)
[...]
Memory Configuration

Name             Origin             Length             Attributes
reset            0x00010000         0x00000020
mem3C            0x00010020         0x0000ffe0
*default*        0x00000000         0xffffffff

Linker script and memory map

LOAD ../cpu3C_bsp//obj/HAL/src/crt0.o
LOAD obj/default/FIFO.o
LOAD obj/default/dct.o
LOAD f:/altera/nios2eds/bin/gnu/h-i686-mingw32/bin/../lib/gcc/nios2-elf/4.7.3/../../../../../H-i686-mingw32/nios2-elf/lib/mno-hw-mul\libstdc++.a
LOAD f:/altera/nios2eds/bin/gnu/h-i686-mingw32/bin/../lib/gcc/nios2-elf/4.7.3/../../../../../H-i686-mingw32/nios2-elf/lib/mno-hw-mul\libm.a
LOAD f:/altera/nios2eds/bin/gnu/h-i686-mingw32/bin/../lib/gcc/nios2-elf/4.7.3/mno-hw-mul\libgcc.a
START GROUP
LOAD f:/altera/nios2eds/bin/gnu/h-i686-mingw32/bin/../lib/gcc/nios2-elf/4.7.3/../../../../../H-i686-mingw32/nios2-elf/lib/mno-hw-mul\libc.a
LOAD f:/altera/nios2eds/bin/gnu/h-i686-mingw32/bin/../lib/gcc/nios2-elf/4.7.3/mno-hw-mul\libgcc.a
LOAD ../cpu3C_bsp/\libhal_bsp.a
END GROUP
LOAD f:/altera/nios2eds/bin/gnu/h-i686-mingw32/bin/../lib/gcc/nios2-elf/4.7.3/mno-hw-mul\libgcc.a
                0x00010000                __alt_mem_mem3C = 0x10000

.entry          0x00010000       0x20
 *(.entry)
 .entry         0x00010000       0x20 ../cpu3C_bsp//obj/HAL/src/crt0.o
                0x00010000                __reset

.exceptions     0x00010020      0x198
                0x00010020                PROVIDE (__ram_exceptions_start, ABSOLUTE (.))
                0x00010020                . = ALIGN (0x20)
 *(.irq)
 *(.exceptions.entry.label)
 .exceptions.entry.label
                0x00010020        0x0 ../cpu3C_bsp/\libhal_bsp.a(alt_irq_entry.o)
                0x00010020                alt_irq_entry
 .exceptions.entry.label
                0x00010020        0x0 ../cpu3C_bsp/\libhal_bsp.a(alt_exception_entry.o)
                0x00010020                alt_exception
 *(.exceptions.entry.user)
 *(.exceptions.entry.ecc_fatal)
 *(.exceptions.entry)
 .exceptions.entry
                0x00010020       0x54 ../cpu3C_bsp/\libhal_bsp.a(alt_exception_entry.o)
 *(.exceptions.irqtest.user)
 *(.exceptions.irqtest)
 .exceptions.irqtest
                0x00010074       0x10 ../cpu3C_bsp/\libhal_bsp.a(alt_irq_entry.o)
 *(.exceptions.irqhandler.user)
 *(.exceptions.irqhandler)
 .exceptions.irqhandler
                0x00010084        0x4 ../cpu3C_bsp/\libhal_bsp.a(alt_irq_entry.o)
 *(.exceptions.irqreturn.user)
 *(.exceptions.irqreturn)
 .exceptions.irqreturn
                0x00010088        0x4 ../cpu3C_bsp/\libhal_bsp.a(alt_irq_entry.o)
 *(.exceptions.notirq.label)
 .exceptions.notirq.label
                0x0001008c        0x0 ../cpu3C_bsp/\libhal_bsp.a(alt_irq_entry.o)
 *(.exceptions.notirq.user)
 *(.exceptions.notirq)
 .exceptions.notirq
                0x0001008c        0x8 ../cpu3C_bsp/\libhal_bsp.a(alt_exception_entry.o)
 *(.exceptions.soft.user)
 *(.exceptions.soft)
 *(.exceptions.unknown.user)
 *(.exceptions.unknown)
 .exceptions.unknown
                0x00010094        0x4 ../cpu3C_bsp/\libhal_bsp.a(alt_exception_entry.o)
 *(.exceptions.exit.label)
 .exceptions.exit.label
                0x00010098        0x0 ../cpu3C_bsp/\libhal_bsp.a(alt_irq_entry.o)
 .exceptions.exit.label
                0x00010098        0x0 ../cpu3C_bsp/\libhal_bsp.a(alt_exception_entry.o)
 *(.exceptions.exit.user)
 *(.exceptions.exit)
 .exceptions.exit
                0x00010098       0x54 ../cpu3C_bsp/\libhal_bsp.a(alt_exception_entry.o)
 *(.exceptions)
 .exceptions    0x000100ec       0xcc ../cpu3C_bsp/\libhal_bsp.a(alt_irq_handler.o)
                0x000100ec                alt_irq_handler
                0x000101b8                PROVIDE (__ram_exceptions_end, ABSOLUTE (.))
                0x00010020                PROVIDE (__flash_exceptions_start, LOADADDR (.exceptions))

.text           0x000101b8     0x5ed0
                0x000101b8                PROVIDE (stext, ABSOLUTE (.))
 *(.interp)
 *(.hash)
 *(.dynsym)
 *(.dynstr)
 *(.gnu.version)
 *(.gnu.version_d)
 *(.gnu.version_r)
 *(.rel.init)
 *(.rela.init)
 *(.rel.text .rel.text.* .rel.gnu.linkonce.t.*)
 *(.rela.text .rela.text.* .rela.gnu.linkonce.t.*)
 *(.rel.fini)
 *(.rela.fini)
 *(.rel.rodata .rel.rodata.* .rel.gnu.linkonce.r.*)
 *(.rela.rodata .rela.rodata.* .rela.gnu.linkonce.r.*)
 *(.rel.data .rel.data.* .rel.gnu.linkonce.d.*)
 *(.rela.data .rela.data.* .rela.gnu.linkonce.d.*)
 *(.rel.tdata .rel.tdata.* .rel.gnu.linkonce.td.*)
 *(.rela.tdata .rela.tdata.* .rela.gnu.linkonce.td.*)
 *(.rel.tbss .rel.tbss.* .rel.gnu.linkonce.tb.*)
 *(.rela.tbss .rela.tbss.* .rela.gnu.linkonce.tb.*)
 *(.rel.ctors)
 *(.rela.ctors)
 *(.rel.dtors)
 *(.rela.dtors)
 *(.rel.got)
 *(.rela.got)
 *(.rel.sdata .rel.sdata.* .rel.gnu.linkonce.s.*)
 *(.rela.sdata .rela.sdata.* .rela.gnu.linkonce.s.*)
 *(.rel.sbss .rel.sbss.* .rel.gnu.linkonce.sb.*)
 *(.rela.sbss .rela.sbss.* .rela.gnu.linkonce.sb.*)
 *(.rel.sdata2 .rel.sdata2.* .rel.gnu.linkonce.s2.*)
 *(.rela.sdata2 .rela.sdata2.* .rela.gnu.linkonce.s2.*)
 *(.rel.sbss2 .rel.sbss2.* .rel.gnu.linkonce.sb2.*)
 *(.rela.sbss2 .rela.sbss2.* .rela.gnu.linkonce.sb2.*)
 *(.rel.bss .rel.bss.* .rel.gnu.linkonce.b.*)
 *(.rela.bss .rela.bss.* .rela.gnu.linkonce.b.*)
 *(.rel.plt)
 *(.rela.plt)
 *(.rel.dyn)
 *(.init)
 *(.plt)
 *(.text .stub .text.* .gnu.linkonce.t.*)
 .text          0x000101b8       0x3c ../cpu3C_bsp//obj/HAL/src/crt0.o
                0x000101b8                _start
 .text          0x000101f4      0x10c obj/default/FIFO.o
                0x000101f4                WRITE_FIFO
                0x00010258                READ_FIFO
                0x000102c0                FIFO_INIT
 .text          0x00010300      0x568 obj/default/dct.o
                0x00010300                delay
                0x00010340                DCT
                0x00010730                main
 .text          0x00010868       0x28 f:/altera/nios2eds/bin/gnu/h-i686-mingw32/bin/../lib/gcc/nios2-elf/4.7.3/../../../../../H-i686-mingw32/nios2-elf/lib/mno-hw-mul\libc.a(lib_a-malloc.o)
                0x00010868                malloc
                0x0001087c                free
 .text          0x00010890      0x784 f:/altera/nios2eds/bin/gnu/h-i686-mingw32/bin/../lib/gcc/nios2-elf/4.7.3/../../../../../H-i686-mingw32/nios2-elf/lib/mno-hw-mul\libc.a(lib_a-mallocr.o)
                0x00010890                _malloc_r
 .text          0x00011014       0x98 f:/altera/nios2eds/bin/gnu/h-i686-mingw32/bin/../lib/gcc/nios2-elf/4.7.3/../../../../../H-i686-mingw32/nios2-elf/lib/mno-hw-mul\libc.a(lib_a-puts.o)
                0x00011014                _puts_r
                0x00011098                puts
 .text          0x000110ac       0x64 f:/altera/nios2eds/bin/gnu/h-i686-mingw32/bin/../lib/gcc/nios2-elf/4.7.3/../../../../../H-i686-mingw32/nios2-elf/lib/mno-hw-mul\libc.a(lib_a-sbrkr.o)
                0x000110ac                _sbrk_r
 .text          0x00011110       0x8c f:/altera/nios2eds/bin/gnu/h-i686-mingw32/bin/../lib/gcc/nios2-elf/4.7.3/../../../../../H-i686-mingw32/nios2-elf/lib/mno-hw-mul\libc.a(lib_a-strlen.o)
                0x00011110                strlen
 .text          0x0001119c      0x40c f:/altera/nios2eds/bin/gnu/h-i686-mingw32/bin/../lib/gcc/nios2-elf/4.7.3/../../../../../H-i686-mingw32/nios2-elf/lib/mno-hw-mul\libc.a(lib_a-freer.o)
                0x0001119c                _malloc_trim_r
                0x000112d8                _free_r
 .text          0x000115a8      0x4e4 f:/altera/nios2eds/bin/gnu/h-i686-mingw32/bin/../lib/gcc/nios2-elf/4.7.3/../../../../../H-i686-mingw32/nios2-elf/lib/mno-hw-mul\libc.a(lib_a-fvwrite.o)
                0x000115a8                __sfvwrite_r
 .text          0x00011a8c        0x0 f:/altera/nios2eds/bin/gnu/h-i686-mingw32/bin/../lib/gcc/nios2-elf/4.7.3/../../../../../H-i686-mingw32/nios2-elf/lib/mno-hw-mul\libc.a(lib_a-impure.o)
 .text          0x00011a8c        0x0 f:/altera/nios2eds/bin/gnu/h-i686-mingw32/bin/../lib/gcc/nios2-elf/4.7.3/../../../../../H-i686-mingw32/nios2-elf/lib/mno-hw-mul\libc.a(lib_a-int_errno.o)
 .text          0x00011a8c       0xf8 f:/altera/nios2eds/bin/gnu/h-i686-mingw32/bin/../lib/gcc/nios2-elf/4.7.3/../../../../../H-i686-mingw32/nios2-elf/lib/mno-hw-mul\libc.a(lib_a-memchr.o)
                0x00011a8c                memchr
 .text          0x00011b84      0x140 f:/altera/nios2eds/bin/gnu/h-i686-mingw32/bin/../lib/gcc/nios2-elf/4.7.3/../../../../../H-i686-mingw32/nios2-elf/lib/mno-hw-mul\libc.a(lib_a-memcpy.o)
                0x00011b84                memcpy
 .text          0x00011cc4      0x18c f:/altera/nios2eds/bin/gnu/h-i686-mingw32/bin/../lib/gcc/nios2-elf/4.7.3/../../../../../H-i686-mingw32/nios2-elf/lib/mno-hw-mul\libc.a(lib_a-memmove.o)
                0x00011cc4                memmove
 .text          0x00011e50      0x5fc f:/altera/nios2eds/bin/gnu/h-i686-mingw32/bin/../lib/gcc/nios2-elf/4.7.3/../../../../../H-i686-mingw32/nios2-elf/lib/mno-hw-mul\libc.a(lib_a-reallocr.o)
                0x00011e50                _realloc_r
 .text          0x0001244c      0x174 f:/altera/nios2eds/bin/gnu/h-i686-mingw32/bin/../lib/gcc/nios2-elf/4.7.3/../../../../../H-i686-mingw32/nios2-elf/lib/mno-hw-mul\libc.a(lib_a-wsetup.o)
                0x0001244c                __swsetup_r
 .text          0x000125c0      0x218 f:/altera/nios2eds/bin/gnu/h-i686-mingw32/bin/../lib/gcc/nios2-elf/4.7.3/../../../../../H-i686-mingw32/nios2-elf/lib/mno-hw-mul\libc.a(lib_a-fflush.o)
                0x000125c0                _fflush_r
                0x000127a8                fflush
 .text          0x000127d8      0x2ec f:/altera/nios2eds/bin/gnu/h-i686-mingw32/bin/../lib/gcc/nios2-elf/4.7.3/../../../../../H-i686-mingw32/nios2-elf/lib/mno-hw-mul\libc.a(lib_a-findfp.o)
                0x000127e8                _cleanup_r
                0x000127f4                __sfmoreglue
                0x0001286c                _cleanup
                0x0001287c                __sinit
                0x00012988                __sfp
                0x00012a84                __sfp_lock_acquire
                0x00012a88                __sfp_lock_release
                0x00012a8c                __sinit_lock_acquire
                0x00012a90                __sinit_lock_release
                0x00012a94                __fp_lock_all
                0x00012aac                __fp_unlock_all
 .text          0x00012ac4      0x160 f:/altera/nios2eds/bin/gnu/h-i686-mingw32/bin/../lib/gcc/nios2-elf/4.7.3/../../../../../H-i686-mingw32/nios2-elf/lib/mno-hw-mul\libc.a(lib_a-fwalk.o)
                0x00012ac4                _fwalk
                0x00012b6c                _fwalk_reent
 .text          0x00012c24      0x1a8 f:/altera/nios2eds/bin/gnu/h-i686-mingw32/bin/../lib/gcc/nios2-elf/4.7.3/../../../../../H-i686-mingw32/nios2-elf/lib/mno-hw-mul\libc.a(lib_a-makebuf.o)
                0x00012c24                __smakebuf_r
 .text          0x00012dcc       0xdc f:/altera/nios2eds/bin/gnu/h-i686-mingw32/bin/../lib/gcc/nios2-elf/4.7.3/../../../../../H-i686-mingw32/nios2-elf/lib/mno-hw-mul\libc.a(lib_a-memset.o)
                0x00012dcc                memset
 .text          0x00012ea8      0x140 f:/altera/nios2eds/bin/gnu/h-i686-mingw32/bin/../lib/gcc/nios2-elf/4.7.3/../../../../../H-i686-mingw32/nios2-elf/lib/mno-hw-mul\libc.a(lib_a-stdio.o)
                0x00012ea8                __sread
                0x00012efc                __swrite
                0x00012f84                __sseek
                0x00012fe0                __sclose
 .text          0x00012fe8       0x6c f:/altera/nios2eds/bin/gnu/h-i686-mingw32/bin/../lib/gcc/nios2-elf/4.7.3/../../../../../H-i686-mingw32/nios2-elf/lib/mno-hw-mul\libc.a(lib_a-writer.o)
                0x00012fe8                _write_r
 .text          0x00013054       0x64 f:/altera/nios2eds/bin/gnu/h-i686-mingw32/bin/../lib/gcc/nios2-elf/4.7.3/../../../../../H-i686-mingw32/nios2-elf/lib/mno-hw-mul\libc.a(lib_a-closer.o)
                0x00013054                _close_r
 .text          0x000130b8      0x150 f:/altera/nios2eds/bin/gnu/h-i686-mingw32/bin/../lib/gcc/nios2-elf/4.7.3/../../../../../H-i686-mingw32/nios2-elf/lib/mno-hw-mul\libc.a(lib_a-fclose.o)
                0x000130b8                _fclose_r
                0x000131f4                fclose
 .text          0x00013208       0x68 f:/altera/nios2eds/bin/gnu/h-i686-mingw32/bin/../lib/gcc/nios2-elf/4.7.3/../../../../../H-i686-mingw32/nios2-elf/lib/mno-hw-mul\libc.a(lib_a-fstatr.o)
                0x00013208                _fstat_r
 .text          0x00013270       0x64 f:/altera/nios2eds/bin/gnu/h-i686-mingw32/bin/../lib/gcc/nios2-elf/4.7.3/../../../../../H-i686-mingw32/nios2-elf/lib/mno-hw-mul\libc.a(lib_a-isattyr.o)
                0x00013270                _isatty_r
 .text          0x000132d4       0x6c f:/altera/nios2eds/bin/gnu/h-i686-mingw32/bin/../lib/gcc/nios2-elf/4.7.3/../../../../../H-i686-mingw32/nios2-elf/lib/mno-hw-mul\libc.a(lib_a-lseekr.o)
                0x000132d4                _lseek_r
 .text          0x00013340       0x6c f:/altera/nios2eds/bin/gnu/h-i686-mingw32/bin/../lib/gcc/nios2-elf/4.7.3/../../../../../H-i686-mingw32/nios2-elf/lib/mno-hw-mul\libc.a(lib_a-readr.o)
                0x00013340                _read_r
 .text          0x000133ac       0x28 f:/altera/nios2eds/bin/gnu/h-i686-mingw32/bin/../lib/gcc/nios2-elf/4.7.3/mno-hw-mul\libgcc.a(lib2-mul.o)
                0x000133ac                __mulsi3
 .text          0x000133d4      0x11c ../cpu3C_bsp/\libhal_bsp.a(alt_close.o)
                0x00013424                close
 .text          0x000134f0       0x2c ../cpu3C_bsp/\libhal_bsp.a(alt_dev.o)
 .text          0x0001351c        0x0 ../cpu3C_bsp/\libhal_bsp.a(alt_errno.o)
 .text          0x0001351c      0x100 ../cpu3C_bsp/\libhal_bsp.a(alt_fstat.o)
                0x0001356c                fstat
 .text          0x0001361c       0xf4 ../cpu3C_bsp/\libhal_bsp.a(alt_isatty.o)
                0x0001366c                isatty
 .text          0x00013710       0xec ../cpu3C_bsp/\libhal_bsp.a(alt_load.o)
                0x0001377c                alt_load
 .text          0x000137fc      0x124 ../cpu3C_bsp/\libhal_bsp.a(alt_lseek.o)
                0x0001384c                lseek
 .text          0x00013920       0x78 ../cpu3C_bsp/\libhal_bsp.a(alt_main.o)
                0x00013920                alt_main
 .text          0x00013998       0x40 ../cpu3C_bsp/\libhal_bsp.a(alt_malloc_lock.o)
                0x00013998                __malloc_lock
                0x000139b8                __malloc_unlock
 .text          0x000139d8      0x144 ../cpu3C_bsp/\libhal_bsp.a(alt_read.o)
                0x00013a28                read
 .text          0x00013b1c       0x80 ../cpu3C_bsp/\libhal_bsp.a(alt_release_fd.o)
                0x00013b1c                alt_release_fd
 .text          0x00013b9c       0xb0 ../cpu3C_bsp/\libhal_bsp.a(alt_sbrk.o)
                0x00013b9c                sbrk
 .text          0x00013c4c      0x140 ../cpu3C_bsp/\libhal_bsp.a(alt_write.o)
                0x00013c9c                write
 .text          0x00013d8c       0xcc ../cpu3C_bsp/\libhal_bsp.a(alt_sys_init.o)
                0x00013dc4                alt_irq_init
                0x00013df8                alt_sys_init
 .text          0x00013e58      0x4f0 ../cpu3C_bsp/\libhal_bsp.a(altera_avalon_fifo_util.o)
                0x00013e58                altera_avalon_fifo_init
                0x00013ef0                altera_avalon_fifo_read_status
                0x00013f2c                altera_avalon_fifo_read_ienable
                0x00013f68                altera_avalon_fifo_read_almostfull
                0x00013f94                altera_avalon_fifo_read_almostempty
                0x00013fc0                altera_avalon_fifo_read_event
                0x00013ffc                altera_avalon_fifo_read_level
                0x00014024                altera_avalon_fifo_clear_event
                0x00014080                altera_avalon_fifo_write_ienable
                0x000140d8                altera_avalon_fifo_write_almostfull
                0x00014130                altera_avalon_fifo_write_almostempty
                0x00014188                altera_avalon_fifo_write_fifo
                0x000141e0                altera_avalon_read_fifo
                0x0001424c                altera_avalon_fifo_read_fifo
                0x00014298                altera_avalon_fifo_write_other_info
                0x000142f4                altera_avalon_fifo_read_other_info
                0x00014320                altera_avalon_fifo_read_backpressure
 .text          0x00014348      0x164 ../cpu3C_bsp/\libhal_bsp.a(altera_avalon_jtag_uart_fd.o)
                0x00014348                altera_avalon_jtag_uart_read_fd
                0x000143a8                altera_avalon_jtag_uart_write_fd
                0x00014408                altera_avalon_jtag_uart_close_fd
                0x00014458                altera_avalon_jtag_uart_ioctl_fd
 .text          0x000144ac      0x3d0 ../cpu3C_bsp/\libhal_bsp.a(altera_avalon_jtag_uart_init.o)
                0x000144ac                altera_avalon_jtag_uart_init
                0x00014814                altera_avalon_jtag_uart_close
 .text          0x0001487c       0xf4 ../cpu3C_bsp/\libhal_bsp.a(altera_avalon_jtag_uart_ioctl.o)
                0x0001487c                altera_avalon_jtag_uart_ioctl
 .text          0x00014970      0x218 ../cpu3C_bsp/\libhal_bsp.a(altera_avalon_jtag_uart_read.o)
                0x00014970                altera_avalon_jtag_uart_read
 .text          0x00014b88      0x224 ../cpu3C_bsp/\libhal_bsp.a(altera_avalon_jtag_uart_write.o)
                0x00014b88                altera_avalon_jtag_uart_write
 .text          0x00014dac       0xfc ../cpu3C_bsp/\libhal_bsp.a(altera_avalon_timer_sc.o)
                0x00014e20                alt_avalon_timer_sc_init
 .text          0x00014ea8      0x140 ../cpu3C_bsp/\libhal_bsp.a(alt_alarm_start.o)
                0x00014ea8                alt_alarm_start
 .text          0x00014fe8       0x1c ../cpu3C_bsp/\libhal_bsp.a(alt_dcache_flush_all.o)
                0x00014fe8                alt_dcache_flush_all
 .text          0x00015004       0xf0 ../cpu3C_bsp/\libhal_bsp.a(alt_dev_llist_insert.o)
                0x00015054                alt_dev_llist_insert
 .text          0x000150f4       0x5c ../cpu3C_bsp/\libhal_bsp.a(alt_do_ctors.o)
                0x000150f4                _do_ctors
 .text          0x00015150       0x5c ../cpu3C_bsp/\libhal_bsp.a(alt_do_dtors.o)
                0x00015150                _do_dtors
 .text          0x000151ac       0x1c ../cpu3C_bsp/\libhal_bsp.a(alt_icache_flush_all.o)
                0x000151ac                alt_icache_flush_all
 .text          0x000151c8      0x1d8 ../cpu3C_bsp/\libhal_bsp.a(alt_iic.o)
                0x000151c8                alt_ic_isr_register
                0x00015218                alt_ic_irq_enable
                0x000152b4                alt_ic_irq_disable
                0x00015354                alt_ic_irq_enabled
 .text          0x000153a0       0xf0 ../cpu3C_bsp/\libhal_bsp.a(alt_iic_isr_register.o)
                0x000153a0                alt_iic_isr_register
 .text          0x00015490      0x158 ../cpu3C_bsp/\libhal_bsp.a(alt_io_redirect.o)
                0x00015570                alt_io_redirect
 .text          0x000155e8        0x0 ../cpu3C_bsp/\libhal_bsp.a(alt_irq_entry.o)
 .text          0x000155e8        0x0 ../cpu3C_bsp/\libhal_bsp.a(alt_irq_handler.o)
 .text          0x000155e8        0x0 ../cpu3C_bsp/\libhal_bsp.a(alt_irq_vars.o)
 .text          0x000155e8      0x298 ../cpu3C_bsp/\libhal_bsp.a(alt_open.o)
                0x00015728                open
 .text          0x00015880      0x19c ../cpu3C_bsp/\libhal_bsp.a(alt_tick.o)
                0x00015880                alt_alarm_stop
                0x00015918                alt_tick
 .text          0x00015a1c       0x20 ../cpu3C_bsp/\libhal_bsp.a(altera_nios2_qsys_irq.o)
                0x00015a1c                altera_nios2_qsys_irq_init
 .text          0x00015a3c        0x0 ../cpu3C_bsp/\libhal_bsp.a(alt_exception_entry.o)
 .text          0x00015a3c       0x90 ../cpu3C_bsp/\libhal_bsp.a(alt_find_dev.o)
                0x00015a3c                alt_find_dev
 .text          0x00015acc      0x114 ../cpu3C_bsp/\libhal_bsp.a(alt_find_file.o)
                0x00015acc                alt_find_file
 .text          0x00015be0       0xd4 ../cpu3C_bsp/\libhal_bsp.a(alt_get_fd.o)
                0x00015be0                alt_get_fd
 .text          0x00015cb4       0x14 f:/altera/nios2eds/bin/gnu/h-i686-mingw32/bin/../lib/gcc/nios2-elf/4.7.3/../../../../../H-i686-mingw32/nios2-elf/lib/mno-hw-mul\libc.a(lib_a-atexit.o)
                0x00015cb4                atexit
 .text          0x00015cc8       0x38 f:/altera/nios2eds/bin/gnu/h-i686-mingw32/bin/../lib/gcc/nios2-elf/4.7.3/../../../../../H-i686-mingw32/nios2-elf/lib/mno-hw-mul\libc.a(lib_a-exit.o)
                0x00015cc8                exit
 .text          0x00015d00       0x7c f:/altera/nios2eds/bin/gnu/h-i686-mingw32/bin/../lib/gcc/nios2-elf/4.7.3/../../../../../H-i686-mingw32/nios2-elf/lib/mno-hw-mul\libc.a(lib_a-memcmp.o)
                0x00015d00                memcmp
 .text          0x00015d7c      0x130 f:/altera/nios2eds/bin/gnu/h-i686-mingw32/bin/../lib/gcc/nios2-elf/4.7.3/../../../../../H-i686-mingw32/nios2-elf/lib/mno-hw-mul\libc.a(lib_a-__atexit.o)
                0x00015d7c                __register_exitproc
 .text          0x00015eac      0x1a0 f:/altera/nios2eds/bin/gnu/h-i686-mingw32/bin/../lib/gcc/nios2-elf/4.7.3/../../../../../H-i686-mingw32/nios2-elf/lib/mno-hw-mul\libc.a(lib_a-__call_atexit.o)
                0x00015eac                __call_exitprocs
 .text          0x0001604c       0x3c ../cpu3C_bsp/\libhal_bsp.a(alt_exit.o)
                0x0001604c                _exit
 *(.gnu.warning.*)
 *(.fini)
                0x00016088                PROVIDE (__etext, ABSOLUTE (.))
                0x00016088                PROVIDE (_etext, ABSOLUTE (.))
                0x00016088                PROVIDE (etext, ABSOLUTE (.))
 *(.eh_frame_hdr)
                0x00016088                . = ALIGN (0x4)
                0x00016088                PROVIDE (__preinit_array_start, ABSOLUTE (.))
 *(.preinit_array)
                0x00016088                PROVIDE (__preinit_array_end, ABSOLUTE (.))
                0x00016088                PROVIDE (__init_array_start, ABSOLUTE (.))
 *(.init_array)
                0x00016088                PROVIDE (__init_array_end, ABSOLUTE (.))
                0x00016088                PROVIDE (__fini_array_start, ABSOLUTE (.))
 *(.fini_array)
                0x00016088                PROVIDE (__fini_array_end, ABSOLUTE (.))
 *(.eh_frame)
 *(.gcc_except_table .gcc_except_table.*)
 *(.dynamic)
                0x00016088                PROVIDE (__CTOR_LIST__, ABSOLUTE (.))
 *(.ctors)
 *(SORT(.ctors.*))
                0x00016088                PROVIDE (__CTOR_END__, ABSOLUTE (.))
                0x00016088                PROVIDE (__DTOR_LIST__, ABSOLUTE (.))
 *(.dtors)
 *(SORT(.dtors.*))
                0x00016088                PROVIDE (__DTOR_END__, ABSOLUTE (.))
 *(.jcr)
                0x00016088                . = ALIGN (0x4)

.rodata         0x00016088       0x74
                0x00016088                PROVIDE (__ram_rodata_start, ABSOLUTE (.))
                0x00016088                . = ALIGN (0x4)
 *(.rodata .rodata.* .gnu.linkonce.r.*)
 .rodata        0x00016088       0x38 obj/default/dct.o
 .rodata.str1.4
                0x000160c0        0x2 f:/altera/nios2eds/bin/gnu/h-i686-mingw32/bin/../lib/gcc/nios2-elf/4.7.3/../../../../../H-i686-mingw32/nios2-elf/lib/mno-hw-mul\libc.a(lib_a-puts.o)
                                  0x4 (size before relaxing)
 *fill*         0x000160c2        0x2 
 .rodata.str1.4
                0x000160c4        0x4 f:/altera/nios2eds/bin/gnu/h-i686-mingw32/bin/../lib/gcc/nios2-elf/4.7.3/../../../../../H-i686-mingw32/nios2-elf/lib/mno-hw-mul\libc.a(lib_a-impure.o)
 .rodata        0x000160c8        0xc ../cpu3C_bsp/\libhal_bsp.a(alt_dev.o)
 .rodata        0x000160d4       0x14 ../cpu3C_bsp/\libhal_bsp.a(alt_main.o)
 .rodata        0x000160e8       0x14 ../cpu3C_bsp/\libhal_bsp.a(alt_sys_init.o)
 *(.rodata1)
                0x000160fc                . = ALIGN (0x4)
                0x000160fc                PROVIDE (__ram_rodata_end, ABSOLUTE (.))
                0x00016088                PROVIDE (__flash_rodata_start, LOADADDR (.rodata))

.rwdata         0x000160fc     0x1a48 load address 0x00017b44
                0x000160fc                PROVIDE (__ram_rwdata_start, ABSOLUTE (.))
                0x000160fc                . = ALIGN (0x4)
 *(.got.plt)
 *(.got)
 *(.data1)
 *(.data .data.* .gnu.linkonce.d.*)
 .data          0x000160fc        0x0 ../cpu3C_bsp//obj/HAL/src/crt0.o
 .data          0x000160fc        0x0 obj/default/FIFO.o
 .data          0x000160fc        0x0 obj/default/dct.o
 .data          0x000160fc        0x0 f:/altera/nios2eds/bin/gnu/h-i686-mingw32/bin/../lib/gcc/nios2-elf/4.7.3/../../../../../H-i686-mingw32/nios2-elf/lib/mno-hw-mul\libc.a(lib_a-malloc.o)
 .data          0x000160fc      0x408 f:/altera/nios2eds/bin/gnu/h-i686-mingw32/bin/../lib/gcc/nios2-elf/4.7.3/../../../../../H-i686-mingw32/nios2-elf/lib/mno-hw-mul\libc.a(lib_a-mallocr.o)
                0x000160fc                __malloc_av_
 .data          0x00016504        0x0 f:/altera/nios2eds/bin/gnu/h-i686-mingw32/bin/../lib/gcc/nios2-elf/4.7.3/../../../../../H-i686-mingw32/nios2-elf/lib/mno-hw-mul\libc.a(lib_a-puts.o)
 .data          0x00016504        0x0 f:/altera/nios2eds/bin/gnu/h-i686-mingw32/bin/../lib/gcc/nios2-elf/4.7.3/../../../../../H-i686-mingw32/nios2-elf/lib/mno-hw-mul\libc.a(lib_a-sbrkr.o)
 .data          0x00016504        0x0 f:/altera/nios2eds/bin/gnu/h-i686-mingw32/bin/../lib/gcc/nios2-elf/4.7.3/../../../../../H-i686-mingw32/nios2-elf/lib/mno-hw-mul\libc.a(lib_a-strlen.o)
 .data          0x00016504        0x0 f:/altera/nios2eds/bin/gnu/h-i686-mingw32/bin/../lib/gcc/nios2-elf/4.7.3/../../../../../H-i686-mingw32/nios2-elf/lib/mno-hw-mul\libc.a(lib_a-freer.o)
 .data          0x00016504        0x0 f:/altera/nios2eds/bin/gnu/h-i686-mingw32/bin/../lib/gcc/nios2-elf/4.7.3/../../../../../H-i686-mingw32/nios2-elf/lib/mno-hw-mul\libc.a(lib_a-fvwrite.o)
 .data          0x00016504      0x400 f:/altera/nios2eds/bin/gnu/h-i686-mingw32/bin/../lib/gcc/nios2-elf/4.7.3/../../../../../H-i686-mingw32/nios2-elf/lib/mno-hw-mul\libc.a(lib_a-impure.o)
 .data          0x00016904        0x0 f:/altera/nios2eds/bin/gnu/h-i686-mingw32/bin/../lib/gcc/nios2-elf/4.7.3/../../../../../H-i686-mingw32/nios2-elf/lib/mno-hw-mul\libc.a(lib_a-int_errno.o)
 .data          0x00016904        0x0 f:/altera/nios2eds/bin/gnu/h-i686-mingw32/bin/../lib/gcc/nios2-elf/4.7.3/../../../../../H-i686-mingw32/nios2-elf/lib/mno-hw-mul\libc.a(lib_a-memchr.o)
 .data          0x00016904        0x0 f:/altera/nios2eds/bin/gnu/h-i686-mingw32/bin/../lib/gcc/nios2-elf/4.7.3/../../../../../H-i686-mingw32/nios2-elf/lib/mno-hw-mul\libc.a(lib_a-memcpy.o)
 .data          0x00016904        0x0 f:/altera/nios2eds/bin/gnu/h-i686-mingw32/bin/../lib/gcc/nios2-elf/4.7.3/../../../../../H-i686-mingw32/nios2-elf/lib/mno-hw-mul\libc.a(lib_a-memmove.o)
 .data          0x00016904        0x0 f:/altera/nios2eds/bin/gnu/h-i686-mingw32/bin/../lib/gcc/nios2-elf/4.7.3/../../../../../H-i686-mingw32/nios2-elf/lib/mno-hw-mul\libc.a(lib_a-reallocr.o)
 .data          0x00016904        0x0 f:/altera/nios2eds/bin/gnu/h-i686-mingw32/bin/../lib/gcc/nios2-elf/4.7.3/../../../../../H-i686-mingw32/nios2-elf/lib/mno-hw-mul\libc.a(lib_a-wsetup.o)
 .data          0x00016904        0x0 f:/altera/nios2eds/bin/gnu/h-i686-mingw32/bin/../lib/gcc/nios2-elf/4.7.3/../../../../../H-i686-mingw32/nios2-elf/lib/mno-hw-mul\libc.a(lib_a-fflush.o)
 .data          0x00016904        0x0 f:/altera/nios2eds/bin/gnu/h-i686-mingw32/bin/../lib/gcc/nios2-elf/4.7.3/../../../../../H-i686-mingw32/nios2-elf/lib/mno-hw-mul\libc.a(lib_a-findfp.o)
 .data          0x00016904        0x0 f:/altera/nios2eds/bin/gnu/h-i686-mingw32/bin/../lib/gcc/nios2-elf/4.7.3/../../../../../H-i686-mingw32/nios2-elf/lib/mno-hw-mul\libc.a(lib_a-fwalk.o)
 .data          0x00016904        0x0 f:/altera/nios2eds/bin/gnu/h-i686-mingw32/bin/../lib/gcc/nios2-elf/4.7.3/../../../../../H-i686-mingw32/nios2-elf/lib/mno-hw-mul\libc.a(lib_a-makebuf.o)
 .data          0x00016904        0x0 f:/altera/nios2eds/bin/gnu/h-i686-mingw32/bin/../lib/gcc/nios2-elf/4.7.3/../../../../../H-i686-mingw32/nios2-elf/lib/mno-hw-mul\libc.a(lib_a-memset.o)
 .data          0x00016904        0x0 f:/altera/nios2eds/bin/gnu/h-i686-mingw32/bin/../lib/gcc/nios2-elf/4.7.3/../../../../../H-i686-mingw32/nios2-elf/lib/mno-hw-mul\libc.a(lib_a-stdio.o)
 .data          0x00016904        0x0 f:/altera/nios2eds/bin/gnu/h-i686-mingw32/bin/../lib/gcc/nios2-elf/4.7.3/../../../../../H-i686-mingw32/nios2-elf/lib/mno-hw-mul\libc.a(lib_a-writer.o)
 .data          0x00016904        0x0 f:/altera/nios2eds/bin/gnu/h-i686-mingw32/bin/../lib/gcc/nios2-elf/4.7.3/../../../../../H-i686-mingw32/nios2-elf/lib/mno-hw-mul\libc.a(lib_a-closer.o)
 .data          0x00016904        0x0 f:/altera/nios2eds/bin/gnu/h-i686-mingw32/bin/../lib/gcc/nios2-elf/4.7.3/../../../../../H-i686-mingw32/nios2-elf/lib/mno-hw-mul\libc.a(lib_a-fclose.o)
 .data          0x00016904        0x0 f:/altera/nios2eds/bin/gnu/h-i686-mingw32/bin/../lib/gcc/nios2-elf/4.7.3/../../../../../H-i686-mingw32/nios2-elf/lib/mno-hw-mul\libc.a(lib_a-fstatr.o)
 .data          0x00016904        0x0 f:/altera/nios2eds/bin/gnu/h-i686-mingw32/bin/../lib/gcc/nios2-elf/4.7.3/../../../../../H-i686-mingw32/nios2-elf/lib/mno-hw-mul\libc.a(lib_a-isattyr.o)
 .data          0x00016904        0x0 f:/altera/nios2eds/bin/gnu/h-i686-mingw32/bin/../lib/gcc/nios2-elf/4.7.3/../../../../../H-i686-mingw32/nios2-elf/lib/mno-hw-mul\libc.a(lib_a-lseekr.o)
 .data          0x00016904        0x0 f:/altera/nios2eds/bin/gnu/h-i686-mingw32/bin/../lib/gcc/nios2-elf/4.7.3/../../../../../H-i686-mingw32/nios2-elf/lib/mno-hw-mul\libc.a(lib_a-readr.o)
 .data          0x00016904        0x0 f:/altera/nios2eds/bin/gnu/h-i686-mingw32/bin/../lib/gcc/nios2-elf/4.7.3/mno-hw-mul\libgcc.a(lib2-mul.o)
 .data          0x00016904        0x0 ../cpu3C_bsp/\libhal_bsp.a(alt_close.o)
 .data          0x00016904      0x1a8 ../cpu3C_bsp/\libhal_bsp.a(alt_dev.o)
                0x00016904                alt_dev_null
                0x0001692c                alt_fd_list
 .data          0x00016aac        0x0 ../cpu3C_bsp/\libhal_bsp.a(alt_errno.o)
 .data          0x00016aac        0x0 ../cpu3C_bsp/\libhal_bsp.a(alt_fstat.o)
 .data          0x00016aac        0x0 ../cpu3C_bsp/\libhal_bsp.a(alt_isatty.o)
 .data          0x00016aac        0x0 ../cpu3C_bsp/\libhal_bsp.a(alt_load.o)
 .data          0x00016aac        0x0 ../cpu3C_bsp/\libhal_bsp.a(alt_lseek.o)
 .data          0x00016aac        0x0 ../cpu3C_bsp/\libhal_bsp.a(alt_main.o)
 .data          0x00016aac        0x0 ../cpu3C_bsp/\libhal_bsp.a(alt_malloc_lock.o)
 .data          0x00016aac        0x0 ../cpu3C_bsp/\libhal_bsp.a(alt_read.o)
 .data          0x00016aac        0x0 ../cpu3C_bsp/\libhal_bsp.a(alt_release_fd.o)
 .data          0x00016aac        0x0 ../cpu3C_bsp/\libhal_bsp.a(alt_sbrk.o)
 .data          0x00016aac        0x0 ../cpu3C_bsp/\libhal_bsp.a(alt_write.o)
 .data          0x00016aac     0x1060 ../cpu3C_bsp/\libhal_bsp.a(alt_sys_init.o)
 .data          0x00017b0c        0x0 ../cpu3C_bsp/\libhal_bsp.a(altera_avalon_fifo_util.o)
 .data          0x00017b0c        0x0 ../cpu3C_bsp/\libhal_bsp.a(altera_avalon_jtag_uart_fd.o)
 .data          0x00017b0c        0x0 ../cpu3C_bsp/\libhal_bsp.a(altera_avalon_jtag_uart_init.o)
 .data          0x00017b0c        0x0 ../cpu3C_bsp/\libhal_bsp.a(altera_avalon_jtag_uart_ioctl.o)
 .data          0x00017b0c        0x0 ../cpu3C_bsp/\libhal_bsp.a(altera_avalon_jtag_uart_read.o)
 .data          0x00017b0c        0x0 ../cpu3C_bsp/\libhal_bsp.a(altera_avalon_jtag_uart_write.o)
 .data          0x00017b0c        0x0 ../cpu3C_bsp/\libhal_bsp.a(altera_avalon_timer_sc.o)
 .data          0x00017b0c        0x0 ../cpu3C_bsp/\libhal_bsp.a(alt_alarm_start.o)
 .data          0x00017b0c        0x0 ../cpu3C_bsp/\libhal_bsp.a(alt_dcache_flush_all.o)
 .data          0x00017b0c        0x0 ../cpu3C_bsp/\libhal_bsp.a(alt_dev_llist_insert.o)
 .data          0x00017b0c        0x0 ../cpu3C_bsp/\libhal_bsp.a(alt_do_ctors.o)
 .data          0x00017b0c        0x0 ../cpu3C_bsp/\libhal_bsp.a(alt_do_dtors.o)
 .data          0x00017b0c        0x0 ../cpu3C_bsp/\libhal_bsp.a(alt_icache_flush_all.o)
 .data          0x00017b0c        0x0 ../cpu3C_bsp/\libhal_bsp.a(alt_iic.o)
 .data          0x00017b0c        0x0 ../cpu3C_bsp/\libhal_bsp.a(alt_iic_isr_register.o)
 .data          0x00017b0c        0x0 ../cpu3C_bsp/\libhal_bsp.a(alt_io_redirect.o)
 .data          0x00017b0c        0x0 ../cpu3C_bsp/\libhal_bsp.a(alt_irq_entry.o)
 .data          0x00017b0c        0x0 ../cpu3C_bsp/\libhal_bsp.a(alt_irq_handler.o)
 .data          0x00017b0c        0x0 ../cpu3C_bsp/\libhal_bsp.a(alt_irq_vars.o)
 .data          0x00017b0c        0x0 ../cpu3C_bsp/\libhal_bsp.a(alt_open.o)
 .data          0x00017b0c        0x0 ../cpu3C_bsp/\libhal_bsp.a(alt_tick.o)
 .data          0x00017b0c        0x0 ../cpu3C_bsp/\libhal_bsp.a(altera_nios2_qsys_irq.o)
 .data          0x00017b0c        0x0 ../cpu3C_bsp/\libhal_bsp.a(alt_exception_entry.o)
 .data          0x00017b0c        0x0 ../cpu3C_bsp/\libhal_bsp.a(alt_find_dev.o)
 .data          0x00017b0c        0x0 ../cpu3C_bsp/\libhal_bsp.a(alt_find_file.o)
 .data          0x00017b0c        0x0 ../cpu3C_bsp/\libhal_bsp.a(alt_get_fd.o)
 .data          0x00017b0c        0x0 f:/altera/nios2eds/bin/gnu/h-i686-mingw32/bin/../lib/gcc/nios2-elf/4.7.3/../../../../../H-i686-mingw32/nios2-elf/lib/mno-hw-mul\libc.a(lib_a-atexit.o)
 .data          0x00017b0c        0x0 f:/altera/nios2eds/bin/gnu/h-i686-mingw32/bin/../lib/gcc/nios2-elf/4.7.3/../../../../../H-i686-mingw32/nios2-elf/lib/mno-hw-mul\libc.a(lib_a-exit.o)
 .data          0x00017b0c        0x0 f:/altera/nios2eds/bin/gnu/h-i686-mingw32/bin/../lib/gcc/nios2-elf/4.7.3/../../../../../H-i686-mingw32/nios2-elf/lib/mno-hw-mul\libc.a(lib_a-memcmp.o)
 .data          0x00017b0c        0x0 f:/altera/nios2eds/bin/gnu/h-i686-mingw32/bin/../lib/gcc/nios2-elf/4.7.3/../../../../../H-i686-mingw32/nios2-elf/lib/mno-hw-mul\libc.a(lib_a-__atexit.o)
 .data          0x00017b0c        0x0 f:/altera/nios2eds/bin/gnu/h-i686-mingw32/bin/../lib/gcc/nios2-elf/4.7.3/../../../../../H-i686-mingw32/nios2-elf/lib/mno-hw-mul\libc.a(lib_a-__call_atexit.o)
 .data          0x00017b0c        0x0 ../cpu3C_bsp/\libhal_bsp.a(alt_exit.o)
                0x0001fb0c                _gp = ABSOLUTE ((. + 0x8000))
                0x0001fb0c                PROVIDE (gp, _gp)
 *(.rwdata .rwdata.*)
 *(.sdata .sdata.* .gnu.linkonce.s.*)
 .sdata         0x00017b0c        0x8 f:/altera/nios2eds/bin/gnu/h-i686-mingw32/bin/../lib/gcc/nios2-elf/4.7.3/../../../../../H-i686-mingw32/nios2-elf/lib/mno-hw-mul\libc.a(lib_a-mallocr.o)
                0x00017b0c                __malloc_sbrk_base
                0x00017b10                __malloc_trim_threshold
 .sdata         0x00017b14        0x8 f:/altera/nios2eds/bin/gnu/h-i686-mingw32/bin/../lib/gcc/nios2-elf/4.7.3/../../../../../H-i686-mingw32/nios2-elf/lib/mno-hw-mul\libc.a(lib_a-impure.o)
                0x00017b14                _global_impure_ptr
                0x00017b18                _impure_ptr
 .sdata         0x00017b1c       0x14 ../cpu3C_bsp/\libhal_bsp.a(alt_dev.o)
                0x00017b1c                alt_fs_list
                0x00017b24                alt_dev_list
                0x00017b2c                alt_max_fd
 .sdata         0x00017b30        0x4 ../cpu3C_bsp/\libhal_bsp.a(alt_errno.o)
                0x00017b30                alt_errno
 .sdata         0x00017b34        0x4 ../cpu3C_bsp/\libhal_bsp.a(alt_sbrk.o)
 .sdata         0x00017b38        0x4 ../cpu3C_bsp/\libhal_bsp.a(alt_irq_vars.o)
                0x00017b38                alt_priority_mask
 .sdata         0x00017b3c        0x8 ../cpu3C_bsp/\libhal_bsp.a(alt_tick.o)
                0x00017b3c                alt_alarm_list
 *(.sdata2 .sdata2.* .gnu.linkonce.s2.*)
                0x00017b44                . = ALIGN (0x4)
                0x00017b44                _edata = ABSOLUTE (.)
                0x00017b44                PROVIDE (edata, ABSOLUTE (.))
                0x00017b44                PROVIDE (__ram_rwdata_end, ABSOLUTE (.))
                0x00017b44                PROVIDE (__flash_rwdata_start, LOADADDR (.rwdata))

.bss            0x0001958c      0x2e4
                0x0001958c                __bss_start = ABSOLUTE (.)
                0x0001958c                PROVIDE (__sbss_start, ABSOLUTE (.))
                0x0001958c                PROVIDE (___sbss_start, ABSOLUTE (.))
 *(.dynsbss)
 *(.sbss .sbss.* .gnu.linkonce.sb.*)
 .sbss          0x0001958c        0x4 obj/default/dct.o
                0x0001958c                data
 .sbss          0x00019590        0xc f:/altera/nios2eds/bin/gnu/h-i686-mingw32/bin/../lib/gcc/nios2-elf/4.7.3/../../../../../H-i686-mingw32/nios2-elf/lib/mno-hw-mul\libc.a(lib_a-mallocr.o)
                0x00019590                __malloc_max_total_mem
                0x00019594                __malloc_max_sbrked_mem
                0x00019598                __malloc_top_pad
 .sbss          0x0001959c        0x4 f:/altera/nios2eds/bin/gnu/h-i686-mingw32/bin/../lib/gcc/nios2-elf/4.7.3/../../../../../H-i686-mingw32/nios2-elf/lib/mno-hw-mul\libc.a(lib_a-int_errno.o)
                0x0001959c                errno
 .sbss          0x000195a0        0xc ../cpu3C_bsp/\libhal_bsp.a(alt_main.o)
                0x000195a0                alt_argc
                0x000195a4                alt_argv
                0x000195a8                alt_envp
 .sbss          0x000195ac        0x4 ../cpu3C_bsp/\libhal_bsp.a(alt_irq_vars.o)
                0x000195ac                alt_irq_active
 .sbss          0x000195b0        0x8 ../cpu3C_bsp/\libhal_bsp.a(alt_tick.o)
                0x000195b0                _alt_tick_rate
                0x000195b4                _alt_nticks
 *(.sbss2 .sbss2.* .gnu.linkonce.sb2.*)
 *(.scommon)
                0x000195b8                PROVIDE (__sbss_end, ABSOLUTE (.))
                0x000195b8                PROVIDE (___sbss_end, ABSOLUTE (.))
 *(.dynbss)
 *(.bss .bss.* .gnu.linkonce.b.*)
 .bss           0x000195b8        0x0 ../cpu3C_bsp//obj/HAL/src/crt0.o
 .bss           0x000195b8        0x0 obj/default/FIFO.o
 .bss           0x000195b8        0x0 obj/default/dct.o
 .bss           0x000195b8        0x0 f:/altera/nios2eds/bin/gnu/h-i686-mingw32/bin/../lib/gcc/nios2-elf/4.7.3/../../../../../H-i686-mingw32/nios2-elf/lib/mno-hw-mul\libc.a(lib_a-malloc.o)
 .bss           0x000195b8       0x28 f:/altera/nios2eds/bin/gnu/h-i686-mingw32/bin/../lib/gcc/nios2-elf/4.7.3/../../../../../H-i686-mingw32/nios2-elf/lib/mno-hw-mul\libc.a(lib_a-mallocr.o)
                0x000195b8                __malloc_current_mallinfo
 .bss           0x000195e0        0x0 f:/altera/nios2eds/bin/gnu/h-i686-mingw32/bin/../lib/gcc/nios2-elf/4.7.3/../../../../../H-i686-mingw32/nios2-elf/lib/mno-hw-mul\libc.a(lib_a-puts.o)
 .bss           0x000195e0        0x0 f:/altera/nios2eds/bin/gnu/h-i686-mingw32/bin/../lib/gcc/nios2-elf/4.7.3/../../../../../H-i686-mingw32/nios2-elf/lib/mno-hw-mul\libc.a(lib_a-sbrkr.o)
 .bss           0x000195e0        0x0 f:/altera/nios2eds/bin/gnu/h-i686-mingw32/bin/../lib/gcc/nios2-elf/4.7.3/../../../../../H-i686-mingw32/nios2-elf/lib/mno-hw-mul\libc.a(lib_a-strlen.o)
 .bss           0x000195e0        0x0 f:/altera/nios2eds/bin/gnu/h-i686-mingw32/bin/../lib/gcc/nios2-elf/4.7.3/../../../../../H-i686-mingw32/nios2-elf/lib/mno-hw-mul\libc.a(lib_a-freer.o)
 .bss           0x000195e0        0x0 f:/altera/nios2eds/bin/gnu/h-i686-mingw32/bin/../lib/gcc/nios2-elf/4.7.3/../../../../../H-i686-mingw32/nios2-elf/lib/mno-hw-mul\libc.a(lib_a-fvwrite.o)
 .bss           0x000195e0        0x0 f:/altera/nios2eds/bin/gnu/h-i686-mingw32/bin/../lib/gcc/nios2-elf/4.7.3/../../../../../H-i686-mingw32/nios2-elf/lib/mno-hw-mul\libc.a(lib_a-impure.o)
 .bss           0x000195e0        0x0 f:/altera/nios2eds/bin/gnu/h-i686-mingw32/bin/../lib/gcc/nios2-elf/4.7.3/../../../../../H-i686-mingw32/nios2-elf/lib/mno-hw-mul\libc.a(lib_a-int_errno.o)
 .bss           0x000195e0        0x0 f:/altera/nios2eds/bin/gnu/h-i686-mingw32/bin/../lib/gcc/nios2-elf/4.7.3/../../../../../H-i686-mingw32/nios2-elf/lib/mno-hw-mul\libc.a(lib_a-memchr.o)
 .bss           0x000195e0        0x0 f:/altera/nios2eds/bin/gnu/h-i686-mingw32/bin/../lib/gcc/nios2-elf/4.7.3/../../../../../H-i686-mingw32/nios2-elf/lib/mno-hw-mul\libc.a(lib_a-memcpy.o)
 .bss           0x000195e0        0x0 f:/altera/nios2eds/bin/gnu/h-i686-mingw32/bin/../lib/gcc/nios2-elf/4.7.3/../../../../../H-i686-mingw32/nios2-elf/lib/mno-hw-mul\libc.a(lib_a-memmove.o)
 .bss           0x000195e0        0x0 f:/altera/nios2eds/bin/gnu/h-i686-mingw32/bin/../lib/gcc/nios2-elf/4.7.3/../../../../../H-i686-mingw32/nios2-elf/lib/mno-hw-mul\libc.a(lib_a-reallocr.o)
 .bss           0x000195e0        0x0 f:/altera/nios2eds/bin/gnu/h-i686-mingw32/bin/../lib/gcc/nios2-elf/4.7.3/../../../../../H-i686-mingw32/nios2-elf/lib/mno-hw-mul\libc.a(lib_a-wsetup.o)
 .bss           0x000195e0        0x0 f:/altera/nios2eds/bin/gnu/h-i686-mingw32/bin/../lib/gcc/nios2-elf/4.7.3/../../../../../H-i686-mingw32/nios2-elf/lib/mno-hw-mul\libc.a(lib_a-fflush.o)
 .bss           0x000195e0        0x0 f:/altera/nios2eds/bin/gnu/h-i686-mingw32/bin/../lib/gcc/nios2-elf/4.7.3/../../../../../H-i686-mingw32/nios2-elf/lib/mno-hw-mul\libc.a(lib_a-findfp.o)
 .bss           0x000195e0        0x0 f:/altera/nios2eds/bin/gnu/h-i686-mingw32/bin/../lib/gcc/nios2-elf/4.7.3/../../../../../H-i686-mingw32/nios2-elf/lib/mno-hw-mul\libc.a(lib_a-fwalk.o)
 .bss           0x000195e0        0x0 f:/altera/nios2eds/bin/gnu/h-i686-mingw32/bin/../lib/gcc/nios2-elf/4.7.3/../../../../../H-i686-mingw32/nios2-elf/lib/mno-hw-mul\libc.a(lib_a-makebuf.o)
 .bss           0x000195e0        0x0 f:/altera/nios2eds/bin/gnu/h-i686-mingw32/bin/../lib/gcc/nios2-elf/4.7.3/../../../../../H-i686-mingw32/nios2-elf/lib/mno-hw-mul\libc.a(lib_a-memset.o)
 .bss           0x000195e0        0x0 f:/altera/nios2eds/bin/gnu/h-i686-mingw32/bin/../lib/gcc/nios2-elf/4.7.3/../../../../../H-i686-mingw32/nios2-elf/lib/mno-hw-mul\libc.a(lib_a-stdio.o)
 .bss           0x000195e0        0x0 f:/altera/nios2eds/bin/gnu/h-i686-mingw32/bin/../lib/gcc/nios2-elf/4.7.3/../../../../../H-i686-mingw32/nios2-elf/lib/mno-hw-mul\libc.a(lib_a-writer.o)
 .bss           0x000195e0        0x0 f:/altera/nios2eds/bin/gnu/h-i686-mingw32/bin/../lib/gcc/nios2-elf/4.7.3/../../../../../H-i686-mingw32/nios2-elf/lib/mno-hw-mul\libc.a(lib_a-closer.o)
 .bss           0x000195e0        0x0 f:/altera/nios2eds/bin/gnu/h-i686-mingw32/bin/../lib/gcc/nios2-elf/4.7.3/../../../../../H-i686-mingw32/nios2-elf/lib/mno-hw-mul\libc.a(lib_a-fclose.o)
 .bss           0x000195e0        0x0 f:/altera/nios2eds/bin/gnu/h-i686-mingw32/bin/../lib/gcc/nios2-elf/4.7.3/../../../../../H-i686-mingw32/nios2-elf/lib/mno-hw-mul\libc.a(lib_a-fstatr.o)
 .bss           0x000195e0        0x0 f:/altera/nios2eds/bin/gnu/h-i686-mingw32/bin/../lib/gcc/nios2-elf/4.7.3/../../../../../H-i686-mingw32/nios2-elf/lib/mno-hw-mul\libc.a(lib_a-isattyr.o)
 .bss           0x000195e0        0x0 f:/altera/nios2eds/bin/gnu/h-i686-mingw32/bin/../lib/gcc/nios2-elf/4.7.3/../../../../../H-i686-mingw32/nios2-elf/lib/mno-hw-mul\libc.a(lib_a-lseekr.o)
 .bss           0x000195e0        0x0 f:/altera/nios2eds/bin/gnu/h-i686-mingw32/bin/../lib/gcc/nios2-elf/4.7.3/../../../../../H-i686-mingw32/nios2-elf/lib/mno-hw-mul\libc.a(lib_a-readr.o)
 .bss           0x000195e0        0x0 f:/altera/nios2eds/bin/gnu/h-i686-mingw32/bin/../lib/gcc/nios2-elf/4.7.3/mno-hw-mul\libgcc.a(lib2-mul.o)
 .bss           0x000195e0        0x0 ../cpu3C_bsp/\libhal_bsp.a(alt_close.o)
 .bss           0x000195e0        0x0 ../cpu3C_bsp/\libhal_bsp.a(alt_dev.o)
 .bss           0x000195e0        0x0 ../cpu3C_bsp/\libhal_bsp.a(alt_errno.o)
 .bss           0x000195e0        0x0 ../cpu3C_bsp/\libhal_bsp.a(alt_fstat.o)
 .bss           0x000195e0        0x0 ../cpu3C_bsp/\libhal_bsp.a(alt_isatty.o)
 .bss           0x000195e0        0x0 ../cpu3C_bsp/\libhal_bsp.a(alt_load.o)
 .bss           0x000195e0        0x0 ../cpu3C_bsp/\libhal_bsp.a(alt_lseek.o)
 .bss           0x000195e0        0x0 ../cpu3C_bsp/\libhal_bsp.a(alt_main.o)
 .bss           0x000195e0        0x0 ../cpu3C_bsp/\libhal_bsp.a(alt_malloc_lock.o)
 .bss           0x000195e0        0x0 ../cpu3C_bsp/\libhal_bsp.a(alt_read.o)
 .bss           0x000195e0        0x0 ../cpu3C_bsp/\libhal_bsp.a(alt_release_fd.o)
 .bss           0x000195e0        0x0 ../cpu3C_bsp/\libhal_bsp.a(alt_sbrk.o)
 .bss           0x000195e0        0x0 ../cpu3C_bsp/\libhal_bsp.a(alt_write.o)
 .bss           0x000195e0        0x0 ../cpu3C_bsp/\libhal_bsp.a(alt_sys_init.o)
 .bss           0x000195e0        0x0 ../cpu3C_bsp/\libhal_bsp.a(altera_avalon_fifo_util.o)
 .bss           0x000195e0        0x0 ../cpu3C_bsp/\libhal_bsp.a(altera_avalon_jtag_uart_fd.o)
 .bss           0x000195e0        0x0 ../cpu3C_bsp/\libhal_bsp.a(altera_avalon_jtag_uart_init.o)
 .bss           0x000195e0        0x0 ../cpu3C_bsp/\libhal_bsp.a(altera_avalon_jtag_uart_ioctl.o)
 .bss           0x000195e0        0x0 ../cpu3C_bsp/\libhal_bsp.a(altera_avalon_jtag_uart_read.o)
 .bss           0x000195e0        0x0 ../cpu3C_bsp/\libhal_bsp.a(altera_avalon_jtag_uart_write.o)
 .bss           0x000195e0        0x0 ../cpu3C_bsp/\libhal_bsp.a(altera_avalon_timer_sc.o)
 .bss           0x000195e0        0x0 ../cpu3C_bsp/\libhal_bsp.a(alt_alarm_start.o)
 .bss           0x000195e0        0x0 ../cpu3C_bsp/\libhal_bsp.a(alt_dcache_flush_all.o)
 .bss           0x000195e0        0x0 ../cpu3C_bsp/\libhal_bsp.a(alt_dev_llist_insert.o)
 .bss           0x000195e0        0x0 ../cpu3C_bsp/\libhal_bsp.a(alt_do_ctors.o)
 .bss           0x000195e0        0x0 ../cpu3C_bsp/\libhal_bsp.a(alt_do_dtors.o)
 .bss           0x000195e0        0x0 ../cpu3C_bsp/\libhal_bsp.a(alt_icache_flush_all.o)
 .bss           0x000195e0        0x0 ../cpu3C_bsp/\libhal_bsp.a(alt_iic.o)
 .bss           0x000195e0        0x0 ../cpu3C_bsp/\libhal_bsp.a(alt_iic_isr_register.o)
 .bss           0x000195e0        0x0 ../cpu3C_bsp/\libhal_bsp.a(alt_io_redirect.o)
 .bss           0x000195e0        0x0 ../cpu3C_bsp/\libhal_bsp.a(alt_irq_entry.o)
 .bss           0x000195e0        0x0 ../cpu3C_bsp/\libhal_bsp.a(alt_irq_handler.o)
 .bss           0x000195e0        0x0 ../cpu3C_bsp/\libhal_bsp.a(alt_irq_vars.o)
 .bss           0x000195e0        0x0 ../cpu3C_bsp/\libhal_bsp.a(alt_open.o)
 .bss           0x000195e0        0x0 ../cpu3C_bsp/\libhal_bsp.a(alt_tick.o)
 .bss           0x000195e0        0x0 ../cpu3C_bsp/\libhal_bsp.a(altera_nios2_qsys_irq.o)
 .bss           0x000195e0        0x0 ../cpu3C_bsp/\libhal_bsp.a(alt_exception_entry.o)
 .bss           0x000195e0        0x0 ../cpu3C_bsp/\libhal_bsp.a(alt_find_dev.o)
 .bss           0x000195e0        0x0 ../cpu3C_bsp/\libhal_bsp.a(alt_find_file.o)
 .bss           0x000195e0        0x0 ../cpu3C_bsp/\libhal_bsp.a(alt_get_fd.o)
 .bss           0x000195e0        0x0 f:/altera/nios2eds/bin/gnu/h-i686-mingw32/bin/../lib/gcc/nios2-elf/4.7.3/../../../../../H-i686-mingw32/nios2-elf/lib/mno-hw-mul\libc.a(lib_a-atexit.o)
 .bss           0x000195e0        0x0 f:/altera/nios2eds/bin/gnu/h-i686-mingw32/bin/../lib/gcc/nios2-elf/4.7.3/../../../../../H-i686-mingw32/nios2-elf/lib/mno-hw-mul\libc.a(lib_a-exit.o)
 .bss           0x000195e0        0x0 f:/altera/nios2eds/bin/gnu/h-i686-mingw32/bin/../lib/gcc/nios2-elf/4.7.3/../../../../../H-i686-mingw32/nios2-elf/lib/mno-hw-mul\libc.a(lib_a-memcmp.o)
 .bss           0x000195e0        0x0 f:/altera/nios2eds/bin/gnu/h-i686-mingw32/bin/../lib/gcc/nios2-elf/4.7.3/../../../../../H-i686-mingw32/nios2-elf/lib/mno-hw-mul\libc.a(lib_a-__atexit.o)
 .bss           0x000195e0        0x0 f:/altera/nios2eds/bin/gnu/h-i686-mingw32/bin/../lib/gcc/nios2-elf/4.7.3/../../../../../H-i686-mingw32/nios2-elf/lib/mno-hw-mul\libc.a(lib_a-__call_atexit.o)
 .bss           0x000195e0        0x0 ../cpu3C_bsp/\libhal_bsp.a(alt_exit.o)
 *(COMMON)
 COMMON         0x000195e0      0x100 ../cpu3C_bsp/\libhal_bsp.a(alt_irq_handler.o)
                0x000195e0                alt_irq
 COMMON         0x000196e0      0x190 f:/altera/nios2eds/bin/gnu/h-i686-mingw32/bin/../lib/gcc/nios2-elf/4.7.3/../../../../../H-i686-mingw32/nios2-elf/lib/mno-hw-mul\libc.a(lib_a-atexit.o)
                0x000196e0                _atexit0
                0x00019870                . = ALIGN (0x4)
                0x00019870                __bss_end = ABSOLUTE (.)

.mem3C          0x00019870        0x0
                0x00019870                PROVIDE (_alt_partition_mem3C_start, ABSOLUTE (.))
 *(.mem3C .mem3C. mem3C.*)
                0x00019870                . = ALIGN (0x4)
                0x00019870                PROVIDE (_alt_partition_mem3C_end, ABSOLUTE (.))
                0x00019870                _end = ABSOLUTE (.)
                0x00019870                end = ABSOLUTE (.)
                0x00019870                __alt_stack_base = ABSOLUTE (.)
                0x00019870                PROVIDE (_alt_partition_mem3C_load_addr, LOADADDR (.mem3C))

.stab
 *(.stab)

.stabstr
 *(.stabstr)

.stab.excl
 *(.stab.excl)

.stab.exclstr
 *(.stab.exclstr)

.stab.index
 *(.stab.index)

.stab.indexstr
 *(.stab.indexstr)

.comment        0x00000000       0x23
 *(.comment)
 .comment       0x00000000       0x23 obj/default/FIFO.o
                                 0x24 (size before relaxing)
 .comment       0x00000000       0x24 obj/default/dct.o
 .comment       0x00000000       0x24 f:/altera/nios2eds/bin/gnu/h-i686-mingw32/bin/../lib/gcc/nios2-elf/4.7.3/../../../../../H-i686-mingw32/nios2-elf/lib/mno-hw-mul\libc.a(lib_a-malloc.o)
 .comment       0x00000000       0x24 f:/altera/nios2eds/bin/gnu/h-i686-mingw32/bin/../lib/gcc/nios2-elf/4.7.3/../../../../../H-i686-mingw32/nios2-elf/lib/mno-hw-mul\libc.a(lib_a-mallocr.o)
 .comment       0x00000000       0x24 f:/altera/nios2eds/bin/gnu/h-i686-mingw32/bin/../lib/gcc/nios2-elf/4.7.3/../../../../../H-i686-mingw32/nios2-elf/lib/mno-hw-mul\libc.a(lib_a-puts.o)
 .comment       0x00000000       0x24 f:/altera/nios2eds/bin/gnu/h-i686-mingw32/bin/../lib/gcc/nios2-elf/4.7.3/../../../../../H-i686-mingw32/nios2-elf/lib/mno-hw-mul\libc.a(lib_a-sbrkr.o)
 .comment       0x00000000       0x24 f:/altera/nios2eds/bin/gnu/h-i686-mingw32/bin/../lib/gcc/nios2-elf/4.7.3/../../../../../H-i686-mingw32/nios2-elf/lib/mno-hw-mul\libc.a(lib_a-strlen.o)
 .comment       0x00000000       0x24 f:/altera/nios2eds/bin/gnu/h-i686-mingw32/bin/../lib/gcc/nios2-elf/4.7.3/../../../../../H-i686-mingw32/nios2-elf/lib/mno-hw-mul\libc.a(lib_a-freer.o)
 .comment       0x00000000       0x24 f:/altera/nios2eds/bin/gnu/h-i686-mingw32/bin/../lib/gcc/nios2-elf/4.7.3/../../../../../H-i686-mingw32/nios2-elf/lib/mno-hw-mul\libc.a(lib_a-fvwrite.o)
 .comment       0x00000000       0x24 f:/altera/nios2eds/bin/gnu/h-i686-mingw32/bin/../lib/gcc/nios2-elf/4.7.3/../../../../../H-i686-mingw32/nios2-elf/lib/mno-hw-mul\libc.a(lib_a-impure.o)
 .comment       0x00000000       0x24 f:/altera/nios2eds/bin/gnu/h-i686-mingw32/bin/../lib/gcc/nios2-elf/4.7.3/../../../../../H-i686-mingw32/nios2-elf/lib/mno-hw-mul\libc.a(lib_a-int_errno.o)
 .comment       0x00000000       0x24 f:/altera/nios2eds/bin/gnu/h-i686-mingw32/bin/../lib/gcc/nios2-elf/4.7.3/../../../../../H-i686-mingw32/nios2-elf/lib/mno-hw-mul\libc.a(lib_a-memchr.o)
 .comment       0x00000000       0x24 f:/altera/nios2eds/bin/gnu/h-i686-mingw32/bin/../lib/gcc/nios2-elf/4.7.3/../../../../../H-i686-mingw32/nios2-elf/lib/mno-hw-mul\libc.a(lib_a-memcpy.o)
 .comment       0x00000000       0x24 f:/altera/nios2eds/bin/gnu/h-i686-mingw32/bin/../lib/gcc/nios2-elf/4.7.3/../../../../../H-i686-mingw32/nios2-elf/lib/mno-hw-mul\libc.a(lib_a-memmove.o)
 .comment       0x00000000       0x24 f:/altera/nios2eds/bin/gnu/h-i686-mingw32/bin/../lib/gcc/nios2-elf/4.7.3/../../../../../H-i686-mingw32/nios2-elf/lib/mno-hw-mul\libc.a(lib_a-reallocr.o)
 .comment       0x00000000       0x24 f:/altera/nios2eds/bin/gnu/h-i686-mingw32/bin/../lib/gcc/nios2-elf/4.7.3/../../../../../H-i686-mingw32/nios2-elf/lib/mno-hw-mul\libc.a(lib_a-wsetup.o)
 .comment       0x00000000       0x24 f:/altera/nios2eds/bin/gnu/h-i686-mingw32/bin/../lib/gcc/nios2-elf/4.7.3/../../../../../H-i686-mingw32/nios2-elf/lib/mno-hw-mul\libc.a(lib_a-fflush.o)
 .comment       0x00000000       0x24 f:/altera/nios2eds/bin/gnu/h-i686-mingw32/bin/../lib/gcc/nios2-elf/4.7.3/../../../../../H-i686-mingw32/nios2-elf/lib/mno-hw-mul\libc.a(lib_a-findfp.o)
 .comment       0x00000000       0x24 f:/altera/nios2eds/bin/gnu/h-i686-mingw32/bin/../lib/gcc/nios2-elf/4.7.3/../../../../../H-i686-mingw32/nios2-elf/lib/mno-hw-mul\libc.a(lib_a-fwalk.o)
 .comment       0x00000000       0x24 f:/altera/nios2eds/bin/gnu/h-i686-mingw32/bin/../lib/gcc/nios2-elf/4.7.3/../../../../../H-i686-mingw32/nios2-elf/lib/mno-hw-mul\libc.a(lib_a-makebuf.o)
 .comment       0x00000000       0x24 f:/altera/nios2eds/bin/gnu/h-i686-mingw32/bin/../lib/gcc/nios2-elf/4.7.3/../../../../../H-i686-mingw32/nios2-elf/lib/mno-hw-mul\libc.a(lib_a-memset.o)
 .comment       0x00000000       0x24 f:/altera/nios2eds/bin/gnu/h-i686-mingw32/bin/../lib/gcc/nios2-elf/4.7.3/../../../../../H-i686-mingw32/nios2-elf/lib/mno-hw-mul\libc.a(lib_a-stdio.o)
 .comment       0x00000000       0x24 f:/altera/nios2eds/bin/gnu/h-i686-mingw32/bin/../lib/gcc/nios2-elf/4.7.3/../../../../../H-i686-mingw32/nios2-elf/lib/mno-hw-mul\libc.a(lib_a-writer.o)
 .comment       0x00000000       0x24 f:/altera/nios2eds/bin/gnu/h-i686-mingw32/bin/../lib/gcc/nios2-elf/4.7.3/../../../../../H-i686-mingw32/nios2-elf/lib/mno-hw-mul\libc.a(lib_a-closer.o)
 .comment       0x00000000       0x24 f:/altera/nios2eds/bin/gnu/h-i686-mingw32/bin/../lib/gcc/nios2-elf/4.7.3/../../../../../H-i686-mingw32/nios2-elf/lib/mno-hw-mul\libc.a(lib_a-fclose.o)
 .comment       0x00000000       0x24 f:/altera/nios2eds/bin/gnu/h-i686-mingw32/bin/../lib/gcc/nios2-elf/4.7.3/../../../../../H-i686-mingw32/nios2-elf/lib/mno-hw-mul\libc.a(lib_a-fstatr.o)
 .comment       0x00000000       0x24 f:/altera/nios2eds/bin/gnu/h-i686-mingw32/bin/../lib/gcc/nios2-elf/4.7.3/../../../../../H-i686-mingw32/nios2-elf/lib/mno-hw-mul\libc.a(lib_a-isattyr.o)
 .comment       0x00000000       0x24 f:/altera/nios2eds/bin/gnu/h-i686-mingw32/bin/../lib/gcc/nios2-elf/4.7.3/../../../../../H-i686-mingw32/nios2-elf/lib/mno-hw-mul\libc.a(lib_a-lseekr.o)
 .comment       0x00000000       0x24 f:/altera/nios2eds/bin/gnu/h-i686-mingw32/bin/../lib/gcc/nios2-elf/4.7.3/../../../../../H-i686-mingw32/nios2-elf/lib/mno-hw-mul\libc.a(lib_a-readr.o)
 .comment       0x00000000       0x24 f:/altera/nios2eds/bin/gnu/h-i686-mingw32/bin/../lib/gcc/nios2-elf/4.7.3/mno-hw-mul\libgcc.a(lib2-mul.o)
 .comment       0x00000000       0x24 ../cpu3C_bsp/\libhal_bsp.a(alt_close.o)
 .comment       0x00000000       0x24 ../cpu3C_bsp/\libhal_bsp.a(alt_dev.o)
 .comment       0x00000000       0x24 ../cpu3C_bsp/\libhal_bsp.a(alt_errno.o)
 .comment       0x00000000       0x24 ../cpu3C_bsp/\libhal_bsp.a(alt_fstat.o)
 .comment       0x00000000       0x24 ../cpu3C_bsp/\libhal_bsp.a(alt_isatty.o)
 .comment       0x00000000       0x24 ../cpu3C_bsp/\libhal_bsp.a(alt_load.o)
 .comment       0x00000000       0x24 ../cpu3C_bsp/\libhal_bsp.a(alt_lseek.o)
 .comment       0x00000000       0x24 ../cpu3C_bsp/\libhal_bsp.a(alt_main.o)
 .comment       0x00000000       0x24 ../cpu3C_bsp/\libhal_bsp.a(alt_malloc_lock.o)
 .comment       0x00000000       0x24 ../cpu3C_bsp/\libhal_bsp.a(alt_read.o)
 .comment       0x00000000       0x24 ../cpu3C_bsp/\libhal_bsp.a(alt_release_fd.o)
 .comment       0x00000000       0x24 ../cpu3C_bsp/\libhal_bsp.a(alt_sbrk.o)
 .comment       0x00000000       0x24 ../cpu3C_bsp/\libhal_bsp.a(alt_write.o)
 .comment       0x00000000       0x24 ../cpu3C_bsp/\libhal_bsp.a(alt_sys_init.o)
 .comment       0x00000000       0x24 ../cpu3C_bsp/\libhal_bsp.a(altera_avalon_fifo_util.o)
 .comment       0x00000000       0x24 ../cpu3C_bsp/\libhal_bsp.a(altera_avalon_jtag_uart_fd.o)
 .comment       0x00000000       0x24 ../cpu3C_bsp/\libhal_bsp.a(altera_avalon_jtag_uart_init.o)
 .comment       0x00000000       0x24 ../cpu3C_bsp/\libhal_bsp.a(altera_avalon_jtag_uart_ioctl.o)
 .comment       0x00000000       0x24 ../cpu3C_bsp/\libhal_bsp.a(altera_avalon_jtag_uart_read.o)
 .comment       0x00000000       0x24 ../cpu3C_bsp/\libhal_bsp.a(altera_avalon_jtag_uart_write.o)
 .comment       0x00000000       0x24 ../cpu3C_bsp/\libhal_bsp.a(altera_avalon_timer_sc.o)
 .comment       0x00000000       0x24 ../cpu3C_bsp/\libhal_bsp.a(alt_alarm_start.o)
 .comment       0x00000000       0x24 ../cpu3C_bsp/\libhal_bsp.a(alt_dcache_flush_all.o)
 .comment       0x00000000       0x24 ../cpu3C_bsp/\libhal_bsp.a(alt_dev_llist_insert.o)
 .comment       0x00000000       0x24 ../cpu3C_bsp/\libhal_bsp.a(alt_do_ctors.o)
 .comment       0x00000000       0x24 ../cpu3C_bsp/\libhal_bsp.a(alt_do_dtors.o)
 .comment       0x00000000       0x24 ../cpu3C_bsp/\libhal_bsp.a(alt_icache_flush_all.o)
 .comment       0x00000000       0x24 ../cpu3C_bsp/\libhal_bsp.a(alt_iic.o)
 .comment       0x00000000       0x24 ../cpu3C_bsp/\libhal_bsp.a(alt_iic_isr_register.o)
 .comment       0x00000000       0x24 ../cpu3C_bsp/\libhal_bsp.a(alt_io_redirect.o)
 .comment       0x00000000       0x24 ../cpu3C_bsp/\libhal_bsp.a(alt_irq_handler.o)
 .comment       0x00000000       0x24 ../cpu3C_bsp/\libhal_bsp.a(alt_irq_vars.o)
 .comment       0x00000000       0x24 ../cpu3C_bsp/\libhal_bsp.a(alt_open.o)
 .comment       0x00000000       0x24 ../cpu3C_bsp/\libhal_bsp.a(alt_tick.o)
 .comment       0x00000000       0x24 ../cpu3C_bsp/\libhal_bsp.a(altera_nios2_qsys_irq.o)
 .comment       0x00000000       0x24 ../cpu3C_bsp/\libhal_bsp.a(alt_find_dev.o)
 .comment       0x00000000       0x24 ../cpu3C_bsp/\libhal_bsp.a(alt_find_file.o)
 .comment       0x00000000       0x24 ../cpu3C_bsp/\libhal_bsp.a(alt_get_fd.o)
 .comment       0x00000000       0x24 f:/altera/nios2eds/bin/gnu/h-i686-mingw32/bin/../lib/gcc/nios2-elf/4.7.3/../../../../../H-i686-mingw32/nios2-elf/lib/mno-hw-mul\libc.a(lib_a-atexit.o)
 .comment       0x00000000       0x24 f:/altera/nios2eds/bin/gnu/h-i686-mingw32/bin/../lib/gcc/nios2-elf/4.7.3/../../../../../H-i686-mingw32/nios2-elf/lib/mno-hw-mul\libc.a(lib_a-exit.o)
 .comment       0x00000000       0x24 f:/altera/nios2eds/bin/gnu/h-i686-mingw32/bin/../lib/gcc/nios2-elf/4.7.3/../../../../../H-i686-mingw32/nios2-elf/lib/mno-hw-mul\libc.a(lib_a-memcmp.o)
 .comment       0x00000000       0x24 f:/altera/nios2eds/bin/gnu/h-i686-mingw32/bin/../lib/gcc/nios2-elf/4.7.3/../../../../../H-i686-mingw32/nios2-elf/lib/mno-hw-mul\libc.a(lib_a-__atexit.o)
 .comment       0x00000000       0x24 f:/altera/nios2eds/bin/gnu/h-i686-mingw32/bin/../lib/gcc/nios2-elf/4.7.3/../../../../../H-i686-mingw32/nios2-elf/lib/mno-hw-mul\libc.a(lib_a-__call_atexit.o)
 .comment       0x00000000       0x24 ../cpu3C_bsp/\libhal_bsp.a(alt_exit.o)

.debug
 *(.debug)

.line
 *(.line)

.debug_srcinfo
 *(.debug_srcinfo)

.debug_sfnames
 *(.debug_sfnames)

.debug_aranges  0x00000000      0x9b0
 *(.debug_aranges)
 .debug_aranges
                0x00000000       0x28 ../cpu3C_bsp//obj/HAL/src/crt0.o
 .debug_aranges
                0x00000028       0x20 obj/default/FIFO.o
 .debug_aranges
                0x00000048       0x20 obj/default/dct.o
 .debug_aranges
                0x00000068       0x20 f:/altera/nios2eds/bin/gnu/h-i686-mingw32/bin/../lib/gcc/nios2-elf/4.7.3/../../../../../H-i686-mingw32/nios2-elf/lib/mno-hw-mul\libc.a(lib_a-malloc.o)
 .debug_aranges
                0x00000088       0x20 f:/altera/nios2eds/bin/gnu/h-i686-mingw32/bin/../lib/gcc/nios2-elf/4.7.3/../../../../../H-i686-mingw32/nios2-elf/lib/mno-hw-mul\libc.a(lib_a-mallocr.o)
 .debug_aranges
                0x000000a8       0x20 f:/altera/nios2eds/bin/gnu/h-i686-mingw32/bin/../lib/gcc/nios2-elf/4.7.3/../../../../../H-i686-mingw32/nios2-elf/lib/mno-hw-mul\libc.a(lib_a-puts.o)
 .debug_aranges
                0x000000c8       0x20 f:/altera/nios2eds/bin/gnu/h-i686-mingw32/bin/../lib/gcc/nios2-elf/4.7.3/../../../../../H-i686-mingw32/nios2-elf/lib/mno-hw-mul\libc.a(lib_a-sbrkr.o)
 .debug_aranges
                0x000000e8       0x20 f:/altera/nios2eds/bin/gnu/h-i686-mingw32/bin/../lib/gcc/nios2-elf/4.7.3/../../../../../H-i686-mingw32/nios2-elf/lib/mno-hw-mul\libc.a(lib_a-strlen.o)
 .debug_aranges
                0x00000108       0x20 f:/altera/nios2eds/bin/gnu/h-i686-mingw32/bin/../lib/gcc/nios2-elf/4.7.3/../../../../../H-i686-mingw32/nios2-elf/lib/mno-hw-mul\libc.a(lib_a-freer.o)
 .debug_aranges
                0x00000128       0x20 f:/altera/nios2eds/bin/gnu/h-i686-mingw32/bin/../lib/gcc/nios2-elf/4.7.3/../../../../../H-i686-mingw32/nios2-elf/lib/mno-hw-mul\libc.a(lib_a-fvwrite.o)
 .debug_aranges
                0x00000148       0x18 f:/altera/nios2eds/bin/gnu/h-i686-mingw32/bin/../lib/gcc/nios2-elf/4.7.3/../../../../../H-i686-mingw32/nios2-elf/lib/mno-hw-mul\libc.a(lib_a-impure.o)
 .debug_aranges
                0x00000160       0x18 f:/altera/nios2eds/bin/gnu/h-i686-mingw32/bin/../lib/gcc/nios2-elf/4.7.3/../../../../../H-i686-mingw32/nios2-elf/lib/mno-hw-mul\libc.a(lib_a-int_errno.o)
 .debug_aranges
                0x00000178       0x20 f:/altera/nios2eds/bin/gnu/h-i686-mingw32/bin/../lib/gcc/nios2-elf/4.7.3/../../../../../H-i686-mingw32/nios2-elf/lib/mno-hw-mul\libc.a(lib_a-memchr.o)
 .debug_aranges
                0x00000198       0x20 f:/altera/nios2eds/bin/gnu/h-i686-mingw32/bin/../lib/gcc/nios2-elf/4.7.3/../../../../../H-i686-mingw32/nios2-elf/lib/mno-hw-mul\libc.a(lib_a-memcpy.o)
 .debug_aranges
                0x000001b8       0x20 f:/altera/nios2eds/bin/gnu/h-i686-mingw32/bin/../lib/gcc/nios2-elf/4.7.3/../../../../../H-i686-mingw32/nios2-elf/lib/mno-hw-mul\libc.a(lib_a-memmove.o)
 .debug_aranges
                0x000001d8       0x20 f:/altera/nios2eds/bin/gnu/h-i686-mingw32/bin/../lib/gcc/nios2-elf/4.7.3/../../../../../H-i686-mingw32/nios2-elf/lib/mno-hw-mul\libc.a(lib_a-reallocr.o)
 .debug_aranges
                0x000001f8       0x20 f:/altera/nios2eds/bin/gnu/h-i686-mingw32/bin/../lib/gcc/nios2-elf/4.7.3/../../../../../H-i686-mingw32/nios2-elf/lib/mno-hw-mul\libc.a(lib_a-wsetup.o)
 .debug_aranges
                0x00000218       0x20 f:/altera/nios2eds/bin/gnu/h-i686-mingw32/bin/../lib/gcc/nios2-elf/4.7.3/../../../../../H-i686-mingw32/nios2-elf/lib/mno-hw-mul\libc.a(lib_a-fflush.o)
 .debug_aranges
                0x00000238       0x20 f:/altera/nios2eds/bin/gnu/h-i686-mingw32/bin/../lib/gcc/nios2-elf/4.7.3/../../../../../H-i686-mingw32/nios2-elf/lib/mno-hw-mul\libc.a(lib_a-findfp.o)
 .debug_aranges
                0x00000258       0x20 f:/altera/nios2eds/bin/gnu/h-i686-mingw32/bin/../lib/gcc/nios2-elf/4.7.3/../../../../../H-i686-mingw32/nios2-elf/lib/mno-hw-mul\libc.a(lib_a-fwalk.o)
 .debug_aranges
                0x00000278       0x20 f:/altera/nios2eds/bin/gnu/h-i686-mingw32/bin/../lib/gcc/nios2-elf/4.7.3/../../../../../H-i686-mingw32/nios2-elf/lib/mno-hw-mul\libc.a(lib_a-makebuf.o)
 .debug_aranges
                0x00000298       0x20 f:/altera/nios2eds/bin/gnu/h-i686-mingw32/bin/../lib/gcc/nios2-elf/4.7.3/../../../../../H-i686-mingw32/nios2-elf/lib/mno-hw-mul\libc.a(lib_a-memset.o)
 .debug_aranges
                0x000002b8       0x20 f:/altera/nios2eds/bin/gnu/h-i686-mingw32/bin/../lib/gcc/nios2-elf/4.7.3/../../../../../H-i686-mingw32/nios2-elf/lib/mno-hw-mul\libc.a(lib_a-stdio.o)
 .debug_aranges
                0x000002d8       0x20 f:/altera/nios2eds/bin/gnu/h-i686-mingw32/bin/../lib/gcc/nios2-elf/4.7.3/../../../../../H-i686-mingw32/nios2-elf/lib/mno-hw-mul\libc.a(lib_a-writer.o)
 .debug_aranges
                0x000002f8       0x20 f:/altera/nios2eds/bin/gnu/h-i686-mingw32/bin/../lib/gcc/nios2-elf/4.7.3/../../../../../H-i686-mingw32/nios2-elf/lib/mno-hw-mul\libc.a(lib_a-closer.o)
 .debug_aranges
                0x00000318       0x20 f:/altera/nios2eds/bin/gnu/h-i686-mingw32/bin/../lib/gcc/nios2-elf/4.7.3/../../../../../H-i686-mingw32/nios2-elf/lib/mno-hw-mul\libc.a(lib_a-fclose.o)
 .debug_aranges
                0x00000338       0x20 f:/altera/nios2eds/bin/gnu/h-i686-mingw32/bin/../lib/gcc/nios2-elf/4.7.3/../../../../../H-i686-mingw32/nios2-elf/lib/mno-hw-mul\libc.a(lib_a-fstatr.o)
 .debug_aranges
                0x00000358       0x20 f:/altera/nios2eds/bin/gnu/h-i686-mingw32/bin/../lib/gcc/nios2-elf/4.7.3/../../../../../H-i686-mingw32/nios2-elf/lib/mno-hw-mul\libc.a(lib_a-isattyr.o)
 .debug_aranges
                0x00000378       0x20 f:/altera/nios2eds/bin/gnu/h-i686-mingw32/bin/../lib/gcc/nios2-elf/4.7.3/../../../../../H-i686-mingw32/nios2-elf/lib/mno-hw-mul\libc.a(lib_a-lseekr.o)
 .debug_aranges
                0x00000398       0x20 f:/altera/nios2eds/bin/gnu/h-i686-mingw32/bin/../lib/gcc/nios2-elf/4.7.3/../../../../../H-i686-mingw32/nios2-elf/lib/mno-hw-mul\libc.a(lib_a-readr.o)
 .debug_aranges
                0x000003b8       0x20 f:/altera/nios2eds/bin/gnu/h-i686-mingw32/bin/../lib/gcc/nios2-elf/4.7.3/mno-hw-mul\libgcc.a(lib2-mul.o)
 .debug_aranges
                0x000003d8       0x20 ../cpu3C_bsp/\libhal_bsp.a(alt_close.o)
 .debug_aranges
                0x000003f8       0x20 ../cpu3C_bsp/\libhal_bsp.a(alt_dev.o)
 .debug_aranges
                0x00000418       0x18 ../cpu3C_bsp/\libhal_bsp.a(alt_errno.o)
 .debug_aranges
                0x00000430       0x20 ../cpu3C_bsp/\libhal_bsp.a(alt_fstat.o)
 .debug_aranges
                0x00000450       0x20 ../cpu3C_bsp/\libhal_bsp.a(alt_isatty.o)
 .debug_aranges
                0x00000470       0x20 ../cpu3C_bsp/\libhal_bsp.a(alt_load.o)
 .debug_aranges
                0x00000490       0x20 ../cpu3C_bsp/\libhal_bsp.a(alt_lseek.o)
 .debug_aranges
                0x000004b0       0x20 ../cpu3C_bsp/\libhal_bsp.a(alt_main.o)
 .debug_aranges
                0x000004d0       0x20 ../cpu3C_bsp/\libhal_bsp.a(alt_malloc_lock.o)
 .debug_aranges
                0x000004f0       0x20 ../cpu3C_bsp/\libhal_bsp.a(alt_read.o)
 .debug_aranges
                0x00000510       0x20 ../cpu3C_bsp/\libhal_bsp.a(alt_release_fd.o)
 .debug_aranges
                0x00000530       0x20 ../cpu3C_bsp/\libhal_bsp.a(alt_sbrk.o)
 .debug_aranges
                0x00000550       0x20 ../cpu3C_bsp/\libhal_bsp.a(alt_write.o)
 .debug_aranges
                0x00000570       0x20 ../cpu3C_bsp/\libhal_bsp.a(alt_sys_init.o)
 .debug_aranges
                0x00000590       0x20 ../cpu3C_bsp/\libhal_bsp.a(altera_avalon_fifo_util.o)
 .debug_aranges
                0x000005b0       0x20 ../cpu3C_bsp/\libhal_bsp.a(altera_avalon_jtag_uart_fd.o)
 .debug_aranges
                0x000005d0       0x20 ../cpu3C_bsp/\libhal_bsp.a(altera_avalon_jtag_uart_init.o)
 .debug_aranges
                0x000005f0       0x20 ../cpu3C_bsp/\libhal_bsp.a(altera_avalon_jtag_uart_ioctl.o)
 .debug_aranges
                0x00000610       0x20 ../cpu3C_bsp/\libhal_bsp.a(altera_avalon_jtag_uart_read.o)
 .debug_aranges
                0x00000630       0x20 ../cpu3C_bsp/\libhal_bsp.a(altera_avalon_jtag_uart_write.o)
 .debug_aranges
                0x00000650       0x20 ../cpu3C_bsp/\libhal_bsp.a(altera_avalon_timer_sc.o)
 .debug_aranges
                0x00000670       0x20 ../cpu3C_bsp/\libhal_bsp.a(alt_alarm_start.o)
 .debug_aranges
                0x00000690       0x20 ../cpu3C_bsp/\libhal_bsp.a(alt_dcache_flush_all.o)
 .debug_aranges
                0x000006b0       0x20 ../cpu3C_bsp/\libhal_bsp.a(alt_dev_llist_insert.o)
 .debug_aranges
                0x000006d0       0x20 ../cpu3C_bsp/\libhal_bsp.a(alt_do_ctors.o)
 .debug_aranges
                0x000006f0       0x20 ../cpu3C_bsp/\libhal_bsp.a(alt_do_dtors.o)
 .debug_aranges
                0x00000710       0x20 ../cpu3C_bsp/\libhal_bsp.a(alt_icache_flush_all.o)
 .debug_aranges
                0x00000730       0x20 ../cpu3C_bsp/\libhal_bsp.a(alt_iic.o)
 .debug_aranges
                0x00000750       0x20 ../cpu3C_bsp/\libhal_bsp.a(alt_iic_isr_register.o)
 .debug_aranges
                0x00000770       0x20 ../cpu3C_bsp/\libhal_bsp.a(alt_io_redirect.o)
 .debug_aranges
                0x00000790       0x30 ../cpu3C_bsp/\libhal_bsp.a(alt_irq_entry.o)
 .debug_aranges
                0x000007c0       0x20 ../cpu3C_bsp/\libhal_bsp.a(alt_irq_handler.o)
 .debug_aranges
                0x000007e0       0x18 ../cpu3C_bsp/\libhal_bsp.a(alt_irq_vars.o)
 .debug_aranges
                0x000007f8       0x20 ../cpu3C_bsp/\libhal_bsp.a(alt_open.o)
 .debug_aranges
                0x00000818       0x20 ../cpu3C_bsp/\libhal_bsp.a(alt_tick.o)
 .debug_aranges
                0x00000838       0x20 ../cpu3C_bsp/\libhal_bsp.a(altera_nios2_qsys_irq.o)
 .debug_aranges
                0x00000858       0x38 ../cpu3C_bsp/\libhal_bsp.a(alt_exception_entry.o)
 .debug_aranges
                0x00000890       0x20 ../cpu3C_bsp/\libhal_bsp.a(alt_find_dev.o)
 .debug_aranges
                0x000008b0       0x20 ../cpu3C_bsp/\libhal_bsp.a(alt_find_file.o)
 .debug_aranges
                0x000008d0       0x20 ../cpu3C_bsp/\libhal_bsp.a(alt_get_fd.o)
 .debug_aranges
                0x000008f0       0x20 f:/altera/nios2eds/bin/gnu/h-i686-mingw32/bin/../lib/gcc/nios2-elf/4.7.3/../../../../../H-i686-mingw32/nios2-elf/lib/mno-hw-mul\libc.a(lib_a-atexit.o)
 .debug_aranges
                0x00000910       0x20 f:/altera/nios2eds/bin/gnu/h-i686-mingw32/bin/../lib/gcc/nios2-elf/4.7.3/../../../../../H-i686-mingw32/nios2-elf/lib/mno-hw-mul\libc.a(lib_a-exit.o)
 .debug_aranges
                0x00000930       0x20 f:/altera/nios2eds/bin/gnu/h-i686-mingw32/bin/../lib/gcc/nios2-elf/4.7.3/../../../../../H-i686-mingw32/nios2-elf/lib/mno-hw-mul\libc.a(lib_a-memcmp.o)
 .debug_aranges
                0x00000950       0x20 f:/altera/nios2eds/bin/gnu/h-i686-mingw32/bin/../lib/gcc/nios2-elf/4.7.3/../../../../../H-i686-mingw32/nios2-elf/lib/mno-hw-mul\libc.a(lib_a-__atexit.o)
 .debug_aranges
                0x00000970       0x20 f:/altera/nios2eds/bin/gnu/h-i686-mingw32/bin/../lib/gcc/nios2-elf/4.7.3/../../../../../H-i686-mingw32/nios2-elf/lib/mno-hw-mul\libc.a(lib_a-__call_atexit.o)
 .debug_aranges
                0x00000990       0x20 ../cpu3C_bsp/\libhal_bsp.a(alt_exit.o)

.debug_pubnames
 *(.debug_pubnames)

.debug_info     0x00000000    0x188c4
 *(.debug_info .gnu.linkonce.wi.*)
 .debug_info    0x00000000       0x9a ../cpu3C_bsp//obj/HAL/src/crt0.o
 .debug_info    0x0000009a      0x133 obj/default/FIFO.o
 .debug_info    0x000001cd      0x1a8 obj/default/dct.o
 .debug_info    0x00000375      0x9c9 f:/altera/nios2eds/bin/gnu/h-i686-mingw32/bin/../lib/gcc/nios2-elf/4.7.3/../../../../../H-i686-mingw32/nios2-elf/lib/mno-hw-mul\libc.a(lib_a-malloc.o)
 .debug_info    0x00000d3e      0xe44 f:/altera/nios2eds/bin/gnu/h-i686-mingw32/bin/../lib/gcc/nios2-elf/4.7.3/../../../../../H-i686-mingw32/nios2-elf/lib/mno-hw-mul\libc.a(lib_a-mallocr.o)
 .debug_info    0x00001b82      0xab7 f:/altera/nios2eds/bin/gnu/h-i686-mingw32/bin/../lib/gcc/nios2-elf/4.7.3/../../../../../H-i686-mingw32/nios2-elf/lib/mno-hw-mul\libc.a(lib_a-puts.o)
 .debug_info    0x00002639      0x9a3 f:/altera/nios2eds/bin/gnu/h-i686-mingw32/bin/../lib/gcc/nios2-elf/4.7.3/../../../../../H-i686-mingw32/nios2-elf/lib/mno-hw-mul\libc.a(lib_a-sbrkr.o)
 .debug_info    0x00002fdc       0xdf f:/altera/nios2eds/bin/gnu/h-i686-mingw32/bin/../lib/gcc/nios2-elf/4.7.3/../../../../../H-i686-mingw32/nios2-elf/lib/mno-hw-mul\libc.a(lib_a-strlen.o)
 .debug_info    0x000030bb      0xcf9 f:/altera/nios2eds/bin/gnu/h-i686-mingw32/bin/../lib/gcc/nios2-elf/4.7.3/../../../../../H-i686-mingw32/nios2-elf/lib/mno-hw-mul\libc.a(lib_a-freer.o)
 .debug_info    0x00003db4      0xd05 f:/altera/nios2eds/bin/gnu/h-i686-mingw32/bin/../lib/gcc/nios2-elf/4.7.3/../../../../../H-i686-mingw32/nios2-elf/lib/mno-hw-mul\libc.a(lib_a-fvwrite.o)
 .debug_info    0x00004ab9      0x938 f:/altera/nios2eds/bin/gnu/h-i686-mingw32/bin/../lib/gcc/nios2-elf/4.7.3/../../../../../H-i686-mingw32/nios2-elf/lib/mno-hw-mul\libc.a(lib_a-impure.o)
 .debug_info    0x000053f1       0x84 f:/altera/nios2eds/bin/gnu/h-i686-mingw32/bin/../lib/gcc/nios2-elf/4.7.3/../../../../../H-i686-mingw32/nios2-elf/lib/mno-hw-mul\libc.a(lib_a-int_errno.o)
 .debug_info    0x00005475      0x13e f:/altera/nios2eds/bin/gnu/h-i686-mingw32/bin/../lib/gcc/nios2-elf/4.7.3/../../../../../H-i686-mingw32/nios2-elf/lib/mno-hw-mul\libc.a(lib_a-memchr.o)
 .debug_info    0x000055b3      0x10f f:/altera/nios2eds/bin/gnu/h-i686-mingw32/bin/../lib/gcc/nios2-elf/4.7.3/../../../../../H-i686-mingw32/nios2-elf/lib/mno-hw-mul\libc.a(lib_a-memcpy.o)
 .debug_info    0x000056c2      0x147 f:/altera/nios2eds/bin/gnu/h-i686-mingw32/bin/../lib/gcc/nios2-elf/4.7.3/../../../../../H-i686-mingw32/nios2-elf/lib/mno-hw-mul\libc.a(lib_a-memmove.o)
 .debug_info    0x00005809      0xd8e f:/altera/nios2eds/bin/gnu/h-i686-mingw32/bin/../lib/gcc/nios2-elf/4.7.3/../../../../../H-i686-mingw32/nios2-elf/lib/mno-hw-mul\libc.a(lib_a-reallocr.o)
 .debug_info    0x00006597      0x9d4 f:/altera/nios2eds/bin/gnu/h-i686-mingw32/bin/../lib/gcc/nios2-elf/4.7.3/../../../../../H-i686-mingw32/nios2-elf/lib/mno-hw-mul\libc.a(lib_a-wsetup.o)
 .debug_info    0x00006f6b      0xad0 f:/altera/nios2eds/bin/gnu/h-i686-mingw32/bin/../lib/gcc/nios2-elf/4.7.3/../../../../../H-i686-mingw32/nios2-elf/lib/mno-hw-mul\libc.a(lib_a-fflush.o)
 .debug_info    0x00007a3b      0xd6e f:/altera/nios2eds/bin/gnu/h-i686-mingw32/bin/../lib/gcc/nios2-elf/4.7.3/../../../../../H-i686-mingw32/nios2-elf/lib/mno-hw-mul\libc.a(lib_a-findfp.o)
 .debug_info    0x000087a9      0xb72 f:/altera/nios2eds/bin/gnu/h-i686-mingw32/bin/../lib/gcc/nios2-elf/4.7.3/../../../../../H-i686-mingw32/nios2-elf/lib/mno-hw-mul\libc.a(lib_a-fwalk.o)
 .debug_info    0x0000931b      0xbc2 f:/altera/nios2eds/bin/gnu/h-i686-mingw32/bin/../lib/gcc/nios2-elf/4.7.3/../../../../../H-i686-mingw32/nios2-elf/lib/mno-hw-mul\libc.a(lib_a-makebuf.o)
 .debug_info    0x00009edd      0x117 f:/altera/nios2eds/bin/gnu/h-i686-mingw32/bin/../lib/gcc/nios2-elf/4.7.3/../../../../../H-i686-mingw32/nios2-elf/lib/mno-hw-mul\libc.a(lib_a-memset.o)
 .debug_info    0x00009ff4      0xbfd f:/altera/nios2eds/bin/gnu/h-i686-mingw32/bin/../lib/gcc/nios2-elf/4.7.3/../../../../../H-i686-mingw32/nios2-elf/lib/mno-hw-mul\libc.a(lib_a-stdio.o)
 .debug_info    0x0000abf1      0x9d2 f:/altera/nios2eds/bin/gnu/h-i686-mingw32/bin/../lib/gcc/nios2-elf/4.7.3/../../../../../H-i686-mingw32/nios2-elf/lib/mno-hw-mul\libc.a(lib_a-writer.o)
 .debug_info    0x0000b5c3      0x97f f:/altera/nios2eds/bin/gnu/h-i686-mingw32/bin/../lib/gcc/nios2-elf/4.7.3/../../../../../H-i686-mingw32/nios2-elf/lib/mno-hw-mul\libc.a(lib_a-closer.o)
 .debug_info    0x0000bf42      0xa97 f:/altera/nios2eds/bin/gnu/h-i686-mingw32/bin/../lib/gcc/nios2-elf/4.7.3/../../../../../H-i686-mingw32/nios2-elf/lib/mno-hw-mul\libc.a(lib_a-fclose.o)
 .debug_info    0x0000c9d9      0xb2f f:/altera/nios2eds/bin/gnu/h-i686-mingw32/bin/../lib/gcc/nios2-elf/4.7.3/../../../../../H-i686-mingw32/nios2-elf/lib/mno-hw-mul\libc.a(lib_a-fstatr.o)
 .debug_info    0x0000d508      0x97f f:/altera/nios2eds/bin/gnu/h-i686-mingw32/bin/../lib/gcc/nios2-elf/4.7.3/../../../../../H-i686-mingw32/nios2-elf/lib/mno-hw-mul\libc.a(lib_a-isattyr.o)
 .debug_info    0x0000de87      0x9cb f:/altera/nios2eds/bin/gnu/h-i686-mingw32/bin/../lib/gcc/nios2-elf/4.7.3/../../../../../H-i686-mingw32/nios2-elf/lib/mno-hw-mul\libc.a(lib_a-lseekr.o)
 .debug_info    0x0000e852      0x9cb f:/altera/nios2eds/bin/gnu/h-i686-mingw32/bin/../lib/gcc/nios2-elf/4.7.3/../../../../../H-i686-mingw32/nios2-elf/lib/mno-hw-mul\libc.a(lib_a-readr.o)
 .debug_info    0x0000f21d       0xb8 f:/altera/nios2eds/bin/gnu/h-i686-mingw32/bin/../lib/gcc/nios2-elf/4.7.3/mno-hw-mul\libgcc.a(lib2-mul.o)
 .debug_info    0x0000f2d5      0x350 ../cpu3C_bsp/\libhal_bsp.a(alt_close.o)
 .debug_info    0x0000f625      0x4e3 ../cpu3C_bsp/\libhal_bsp.a(alt_dev.o)
 .debug_info    0x0000fb08       0xa3 ../cpu3C_bsp/\libhal_bsp.a(alt_errno.o)
 .debug_info    0x0000fbab      0x4d8 ../cpu3C_bsp/\libhal_bsp.a(alt_fstat.o)
 .debug_info    0x00010083      0x4db ../cpu3C_bsp/\libhal_bsp.a(alt_isatty.o)
 .debug_info    0x0001055e      0x135 ../cpu3C_bsp/\libhal_bsp.a(alt_load.o)
 .debug_info    0x00010693      0x381 ../cpu3C_bsp/\libhal_bsp.a(alt_lseek.o)
 .debug_info    0x00010a14      0x139 ../cpu3C_bsp/\libhal_bsp.a(alt_main.o)
 .debug_info    0x00010b4d      0x950 ../cpu3C_bsp/\libhal_bsp.a(alt_malloc_lock.o)
 .debug_info    0x0001149d      0x500 ../cpu3C_bsp/\libhal_bsp.a(alt_read.o)
 .debug_info    0x0001199d      0x2dd ../cpu3C_bsp/\libhal_bsp.a(alt_release_fd.o)
 .debug_info    0x00011c7a      0x1b2 ../cpu3C_bsp/\libhal_bsp.a(alt_sbrk.o)
 .debug_info    0x00011e2c      0x507 ../cpu3C_bsp/\libhal_bsp.a(alt_write.o)
 .debug_info    0x00012333      0x539 ../cpu3C_bsp/\libhal_bsp.a(alt_sys_init.o)
 .debug_info    0x0001286c      0x4b5 ../cpu3C_bsp/\libhal_bsp.a(altera_avalon_fifo_util.o)
 .debug_info    0x00012d21      0x58a ../cpu3C_bsp/\libhal_bsp.a(altera_avalon_jtag_uart_fd.o)
 .debug_info    0x000132ab      0x3d8 ../cpu3C_bsp/\libhal_bsp.a(altera_avalon_jtag_uart_init.o)
 .debug_info    0x00013683      0x2a9 ../cpu3C_bsp/\libhal_bsp.a(altera_avalon_jtag_uart_ioctl.o)
 .debug_info    0x0001392c      0x371 ../cpu3C_bsp/\libhal_bsp.a(altera_avalon_jtag_uart_read.o)
 .debug_info    0x00013c9d      0x36c ../cpu3C_bsp/\libhal_bsp.a(altera_avalon_jtag_uart_write.o)
 .debug_info    0x00014009      0x235 ../cpu3C_bsp/\libhal_bsp.a(altera_avalon_timer_sc.o)
 .debug_info    0x0001423e      0x2e4 ../cpu3C_bsp/\libhal_bsp.a(alt_alarm_start.o)
 .debug_info    0x00014522       0x90 ../cpu3C_bsp/\libhal_bsp.a(alt_dcache_flush_all.o)
 .debug_info    0x000145b2      0x1b9 ../cpu3C_bsp/\libhal_bsp.a(alt_dev_llist_insert.o)
 .debug_info    0x0001476b       0x8d ../cpu3C_bsp/\libhal_bsp.a(alt_do_ctors.o)
 .debug_info    0x000147f8       0x8d ../cpu3C_bsp/\libhal_bsp.a(alt_do_dtors.o)
 .debug_info    0x00014885       0x90 ../cpu3C_bsp/\libhal_bsp.a(alt_icache_flush_all.o)
 .debug_info    0x00014915      0x364 ../cpu3C_bsp/\libhal_bsp.a(alt_iic.o)
 .debug_info    0x00014c79      0x1f6 ../cpu3C_bsp/\libhal_bsp.a(alt_iic_isr_register.o)
 .debug_info    0x00014e6f      0x4f0 ../cpu3C_bsp/\libhal_bsp.a(alt_io_redirect.o)
 .debug_info    0x0001535f       0xa3 ../cpu3C_bsp/\libhal_bsp.a(alt_irq_entry.o)
 .debug_info    0x00015402      0x190 ../cpu3C_bsp/\libhal_bsp.a(alt_irq_handler.o)
 .debug_info    0x00015592       0x8a ../cpu3C_bsp/\libhal_bsp.a(alt_irq_vars.o)
 .debug_info    0x0001561c      0x3f0 ../cpu3C_bsp/\libhal_bsp.a(alt_open.o)
 .debug_info    0x00015a0c      0x2b1 ../cpu3C_bsp/\libhal_bsp.a(alt_tick.o)
 .debug_info    0x00015cbd       0x90 ../cpu3C_bsp/\libhal_bsp.a(altera_nios2_qsys_irq.o)
 .debug_info    0x00015d4d       0xa9 ../cpu3C_bsp/\libhal_bsp.a(alt_exception_entry.o)
 .debug_info    0x00015df6      0x30d ../cpu3C_bsp/\libhal_bsp.a(alt_find_dev.o)
 .debug_info    0x00016103      0x30c ../cpu3C_bsp/\libhal_bsp.a(alt_find_file.o)
 .debug_info    0x0001640f      0x339 ../cpu3C_bsp/\libhal_bsp.a(alt_get_fd.o)
 .debug_info    0x00016748      0x1e6 f:/altera/nios2eds/bin/gnu/h-i686-mingw32/bin/../lib/gcc/nios2-elf/4.7.3/../../../../../H-i686-mingw32/nios2-elf/lib/mno-hw-mul\libc.a(lib_a-atexit.o)
 .debug_info    0x0001692e      0x993 f:/altera/nios2eds/bin/gnu/h-i686-mingw32/bin/../lib/gcc/nios2-elf/4.7.3/../../../../../H-i686-mingw32/nios2-elf/lib/mno-hw-mul\libc.a(lib_a-exit.o)
 .debug_info    0x000172c1      0x117 f:/altera/nios2eds/bin/gnu/h-i686-mingw32/bin/../lib/gcc/nios2-elf/4.7.3/../../../../../H-i686-mingw32/nios2-elf/lib/mno-hw-mul\libc.a(lib_a-memcmp.o)
 .debug_info    0x000173d8      0x9f9 f:/altera/nios2eds/bin/gnu/h-i686-mingw32/bin/../lib/gcc/nios2-elf/4.7.3/../../../../../H-i686-mingw32/nios2-elf/lib/mno-hw-mul\libc.a(lib_a-__atexit.o)
 .debug_info    0x00017dd1      0xa07 f:/altera/nios2eds/bin/gnu/h-i686-mingw32/bin/../lib/gcc/nios2-elf/4.7.3/../../../../../H-i686-mingw32/nios2-elf/lib/mno-hw-mul\libc.a(lib_a-__call_atexit.o)
 .debug_info    0x000187d8       0xec ../cpu3C_bsp/\libhal_bsp.a(alt_exit.o)

.debug_abbrev   0x00000000     0x5ea9
 *(.debug_abbrev)
 .debug_abbrev  0x00000000       0x12 ../cpu3C_bsp//obj/HAL/src/crt0.o
 .debug_abbrev  0x00000012       0x90 obj/default/FIFO.o
 .debug_abbrev  0x000000a2       0xf7 obj/default/dct.o
 .debug_abbrev  0x00000199      0x1dc f:/altera/nios2eds/bin/gnu/h-i686-mingw32/bin/../lib/gcc/nios2-elf/4.7.3/../../../../../H-i686-mingw32/nios2-elf/lib/mno-hw-mul\libc.a(lib_a-malloc.o)
 .debug_abbrev  0x00000375      0x284 f:/altera/nios2eds/bin/gnu/h-i686-mingw32/bin/../lib/gcc/nios2-elf/4.7.3/../../../../../H-i686-mingw32/nios2-elf/lib/mno-hw-mul\libc.a(lib_a-mallocr.o)
 .debug_abbrev  0x000005f9      0x208 f:/altera/nios2eds/bin/gnu/h-i686-mingw32/bin/../lib/gcc/nios2-elf/4.7.3/../../../../../H-i686-mingw32/nios2-elf/lib/mno-hw-mul\libc.a(lib_a-puts.o)
 .debug_abbrev  0x00000801      0x1df f:/altera/nios2eds/bin/gnu/h-i686-mingw32/bin/../lib/gcc/nios2-elf/4.7.3/../../../../../H-i686-mingw32/nios2-elf/lib/mno-hw-mul\libc.a(lib_a-sbrkr.o)
 .debug_abbrev  0x000009e0       0x90 f:/altera/nios2eds/bin/gnu/h-i686-mingw32/bin/../lib/gcc/nios2-elf/4.7.3/../../../../../H-i686-mingw32/nios2-elf/lib/mno-hw-mul\libc.a(lib_a-strlen.o)
 .debug_abbrev  0x00000a70      0x25d f:/altera/nios2eds/bin/gnu/h-i686-mingw32/bin/../lib/gcc/nios2-elf/4.7.3/../../../../../H-i686-mingw32/nios2-elf/lib/mno-hw-mul\libc.a(lib_a-freer.o)
 .debug_abbrev  0x00000ccd      0x234 f:/altera/nios2eds/bin/gnu/h-i686-mingw32/bin/../lib/gcc/nios2-elf/4.7.3/../../../../../H-i686-mingw32/nios2-elf/lib/mno-hw-mul\libc.a(lib_a-fvwrite.o)
 .debug_abbrev  0x00000f01      0x162 f:/altera/nios2eds/bin/gnu/h-i686-mingw32/bin/../lib/gcc/nios2-elf/4.7.3/../../../../../H-i686-mingw32/nios2-elf/lib/mno-hw-mul\libc.a(lib_a-impure.o)
 .debug_abbrev  0x00001063       0x37 f:/altera/nios2eds/bin/gnu/h-i686-mingw32/bin/../lib/gcc/nios2-elf/4.7.3/../../../../../H-i686-mingw32/nios2-elf/lib/mno-hw-mul\libc.a(lib_a-int_errno.o)
 .debug_abbrev  0x0000109a       0xab f:/altera/nios2eds/bin/gnu/h-i686-mingw32/bin/../lib/gcc/nios2-elf/4.7.3/../../../../../H-i686-mingw32/nios2-elf/lib/mno-hw-mul\libc.a(lib_a-memchr.o)
 .debug_abbrev  0x00001145       0x9c f:/altera/nios2eds/bin/gnu/h-i686-mingw32/bin/../lib/gcc/nios2-elf/4.7.3/../../../../../H-i686-mingw32/nios2-elf/lib/mno-hw-mul\libc.a(lib_a-memcpy.o)
 .debug_abbrev  0x000011e1       0x9c f:/altera/nios2eds/bin/gnu/h-i686-mingw32/bin/../lib/gcc/nios2-elf/4.7.3/../../../../../H-i686-mingw32/nios2-elf/lib/mno-hw-mul\libc.a(lib_a-memmove.o)
 .debug_abbrev  0x0000127d      0x242 f:/altera/nios2eds/bin/gnu/h-i686-mingw32/bin/../lib/gcc/nios2-elf/4.7.3/../../../../../H-i686-mingw32/nios2-elf/lib/mno-hw-mul\libc.a(lib_a-reallocr.o)
 .debug_abbrev  0x000014bf      0x1d5 f:/altera/nios2eds/bin/gnu/h-i686-mingw32/bin/../lib/gcc/nios2-elf/4.7.3/../../../../../H-i686-mingw32/nios2-elf/lib/mno-hw-mul\libc.a(lib_a-wsetup.o)
 .debug_abbrev  0x00001694      0x259 f:/altera/nios2eds/bin/gnu/h-i686-mingw32/bin/../lib/gcc/nios2-elf/4.7.3/../../../../../H-i686-mingw32/nios2-elf/lib/mno-hw-mul\libc.a(lib_a-fflush.o)
 .debug_abbrev  0x000018ed      0x333 f:/altera/nios2eds/bin/gnu/h-i686-mingw32/bin/../lib/gcc/nios2-elf/4.7.3/../../../../../H-i686-mingw32/nios2-elf/lib/mno-hw-mul\libc.a(lib_a-findfp.o)
 .debug_abbrev  0x00001c20      0x224 f:/altera/nios2eds/bin/gnu/h-i686-mingw32/bin/../lib/gcc/nios2-elf/4.7.3/../../../../../H-i686-mingw32/nios2-elf/lib/mno-hw-mul\libc.a(lib_a-fwalk.o)
 .debug_abbrev  0x00001e44      0x1e8 f:/altera/nios2eds/bin/gnu/h-i686-mingw32/bin/../lib/gcc/nios2-elf/4.7.3/../../../../../H-i686-mingw32/nios2-elf/lib/mno-hw-mul\libc.a(lib_a-makebuf.o)
 .debug_abbrev  0x0000202c       0xac f:/altera/nios2eds/bin/gnu/h-i686-mingw32/bin/../lib/gcc/nios2-elf/4.7.3/../../../../../H-i686-mingw32/nios2-elf/lib/mno-hw-mul\libc.a(lib_a-memset.o)
 .debug_abbrev  0x000020d8      0x226 f:/altera/nios2eds/bin/gnu/h-i686-mingw32/bin/../lib/gcc/nios2-elf/4.7.3/../../../../../H-i686-mingw32/nios2-elf/lib/mno-hw-mul\libc.a(lib_a-stdio.o)
 .debug_abbrev  0x000022fe      0x1c0 f:/altera/nios2eds/bin/gnu/h-i686-mingw32/bin/../lib/gcc/nios2-elf/4.7.3/../../../../../H-i686-mingw32/nios2-elf/lib/mno-hw-mul\libc.a(lib_a-writer.o)
 .debug_abbrev  0x000024be      0x1bb f:/altera/nios2eds/bin/gnu/h-i686-mingw32/bin/../lib/gcc/nios2-elf/4.7.3/../../../../../H-i686-mingw32/nios2-elf/lib/mno-hw-mul\libc.a(lib_a-closer.o)
 .debug_abbrev  0x00002679      0x24e f:/altera/nios2eds/bin/gnu/h-i686-mingw32/bin/../lib/gcc/nios2-elf/4.7.3/../../../../../H-i686-mingw32/nios2-elf/lib/mno-hw-mul\libc.a(lib_a-fclose.o)
 .debug_abbrev  0x000028c7      0x1ca f:/altera/nios2eds/bin/gnu/h-i686-mingw32/bin/../lib/gcc/nios2-elf/4.7.3/../../../../../H-i686-mingw32/nios2-elf/lib/mno-hw-mul\libc.a(lib_a-fstatr.o)
 .debug_abbrev  0x00002a91      0x1bb f:/altera/nios2eds/bin/gnu/h-i686-mingw32/bin/../lib/gcc/nios2-elf/4.7.3/../../../../../H-i686-mingw32/nios2-elf/lib/mno-hw-mul\libc.a(lib_a-isattyr.o)
 .debug_abbrev  0x00002c4c      0x1ca f:/altera/nios2eds/bin/gnu/h-i686-mingw32/bin/../lib/gcc/nios2-elf/4.7.3/../../../../../H-i686-mingw32/nios2-elf/lib/mno-hw-mul\libc.a(lib_a-lseekr.o)
 .debug_abbrev  0x00002e16      0x1bb f:/altera/nios2eds/bin/gnu/h-i686-mingw32/bin/../lib/gcc/nios2-elf/4.7.3/../../../../../H-i686-mingw32/nios2-elf/lib/mno-hw-mul\libc.a(lib_a-readr.o)
 .debug_abbrev  0x00002fd1       0x6f f:/altera/nios2eds/bin/gnu/h-i686-mingw32/bin/../lib/gcc/nios2-elf/4.7.3/mno-hw-mul\libgcc.a(lib2-mul.o)
 .debug_abbrev  0x00003040      0x11f ../cpu3C_bsp/\libhal_bsp.a(alt_close.o)
 .debug_abbrev  0x0000315f       0xd9 ../cpu3C_bsp/\libhal_bsp.a(alt_dev.o)
 .debug_abbrev  0x00003238       0x5a ../cpu3C_bsp/\libhal_bsp.a(alt_errno.o)
 .debug_abbrev  0x00003292      0x11f ../cpu3C_bsp/\libhal_bsp.a(alt_fstat.o)
 .debug_abbrev  0x000033b1      0x11f ../cpu3C_bsp/\libhal_bsp.a(alt_isatty.o)
 .debug_abbrev  0x000034d0       0x9d ../cpu3C_bsp/\libhal_bsp.a(alt_load.o)
 .debug_abbrev  0x0000356d      0x11f ../cpu3C_bsp/\libhal_bsp.a(alt_lseek.o)
 .debug_abbrev  0x0000368c       0xba ../cpu3C_bsp/\libhal_bsp.a(alt_main.o)
 .debug_abbrev  0x00003746      0x187 ../cpu3C_bsp/\libhal_bsp.a(alt_malloc_lock.o)
 .debug_abbrev  0x000038cd      0x12e ../cpu3C_bsp/\libhal_bsp.a(alt_read.o)
 .debug_abbrev  0x000039fb       0xde ../cpu3C_bsp/\libhal_bsp.a(alt_release_fd.o)
 .debug_abbrev  0x00003ad9      0x112 ../cpu3C_bsp/\libhal_bsp.a(alt_sbrk.o)
 .debug_abbrev  0x00003beb      0x133 ../cpu3C_bsp/\libhal_bsp.a(alt_write.o)
 .debug_abbrev  0x00003d1e      0x176 ../cpu3C_bsp/\libhal_bsp.a(alt_sys_init.o)
 .debug_abbrev  0x00003e94       0xb0 ../cpu3C_bsp/\libhal_bsp.a(altera_avalon_fifo_util.o)
 .debug_abbrev  0x00003f44      0x118 ../cpu3C_bsp/\libhal_bsp.a(altera_avalon_jtag_uart_fd.o)
 .debug_abbrev  0x0000405c      0x18f ../cpu3C_bsp/\libhal_bsp.a(altera_avalon_jtag_uart_init.o)
 .debug_abbrev  0x000041eb      0x102 ../cpu3C_bsp/\libhal_bsp.a(altera_avalon_jtag_uart_ioctl.o)
 .debug_abbrev  0x000042ed      0x19b ../cpu3C_bsp/\libhal_bsp.a(altera_avalon_jtag_uart_read.o)
 .debug_abbrev  0x00004488      0x199 ../cpu3C_bsp/\libhal_bsp.a(altera_avalon_jtag_uart_write.o)
 .debug_abbrev  0x00004621      0x155 ../cpu3C_bsp/\libhal_bsp.a(altera_avalon_timer_sc.o)
 .debug_abbrev  0x00004776      0x162 ../cpu3C_bsp/\libhal_bsp.a(alt_alarm_start.o)
 .debug_abbrev  0x000048d8       0x42 ../cpu3C_bsp/\libhal_bsp.a(alt_dcache_flush_all.o)
 .debug_abbrev  0x0000491a      0x114 ../cpu3C_bsp/\libhal_bsp.a(alt_dev_llist_insert.o)
 .debug_abbrev  0x00004a2e       0x79 ../cpu3C_bsp/\libhal_bsp.a(alt_do_ctors.o)
 .debug_abbrev  0x00004aa7       0x79 ../cpu3C_bsp/\libhal_bsp.a(alt_do_dtors.o)
 .debug_abbrev  0x00004b20       0x42 ../cpu3C_bsp/\libhal_bsp.a(alt_icache_flush_all.o)
 .debug_abbrev  0x00004b62      0x16a ../cpu3C_bsp/\libhal_bsp.a(alt_iic.o)
 .debug_abbrev  0x00004ccc      0x169 ../cpu3C_bsp/\libhal_bsp.a(alt_iic_isr_register.o)
 .debug_abbrev  0x00004e35      0x114 ../cpu3C_bsp/\libhal_bsp.a(alt_io_redirect.o)
 .debug_abbrev  0x00004f49       0x12 ../cpu3C_bsp/\libhal_bsp.a(alt_irq_entry.o)
 .debug_abbrev  0x00004f5b      0x124 ../cpu3C_bsp/\libhal_bsp.a(alt_irq_handler.o)
 .debug_abbrev  0x0000507f       0x40 ../cpu3C_bsp/\libhal_bsp.a(alt_irq_vars.o)
 .debug_abbrev  0x000050bf      0x148 ../cpu3C_bsp/\libhal_bsp.a(alt_open.o)
 .debug_abbrev  0x00005207      0x15a ../cpu3C_bsp/\libhal_bsp.a(alt_tick.o)
 .debug_abbrev  0x00005361       0x42 ../cpu3C_bsp/\libhal_bsp.a(altera_nios2_qsys_irq.o)
 .debug_abbrev  0x000053a3       0x12 ../cpu3C_bsp/\libhal_bsp.a(alt_exception_entry.o)
 .debug_abbrev  0x000053b5       0xf0 ../cpu3C_bsp/\libhal_bsp.a(alt_find_dev.o)
 .debug_abbrev  0x000054a5       0xf0 ../cpu3C_bsp/\libhal_bsp.a(alt_find_file.o)
 .debug_abbrev  0x00005595      0x10d ../cpu3C_bsp/\libhal_bsp.a(alt_get_fd.o)
 .debug_abbrev  0x000056a2      0x106 f:/altera/nios2eds/bin/gnu/h-i686-mingw32/bin/../lib/gcc/nios2-elf/4.7.3/../../../../../H-i686-mingw32/nios2-elf/lib/mno-hw-mul\libc.a(lib_a-atexit.o)
 .debug_abbrev  0x000057a8      0x1c8 f:/altera/nios2eds/bin/gnu/h-i686-mingw32/bin/../lib/gcc/nios2-elf/4.7.3/../../../../../H-i686-mingw32/nios2-elf/lib/mno-hw-mul\libc.a(lib_a-exit.o)
 .debug_abbrev  0x00005970       0x7f f:/altera/nios2eds/bin/gnu/h-i686-mingw32/bin/../lib/gcc/nios2-elf/4.7.3/../../../../../H-i686-mingw32/nios2-elf/lib/mno-hw-mul\libc.a(lib_a-memcmp.o)
 .debug_abbrev  0x000059ef      0x211 f:/altera/nios2eds/bin/gnu/h-i686-mingw32/bin/../lib/gcc/nios2-elf/4.7.3/../../../../../H-i686-mingw32/nios2-elf/lib/mno-hw-mul\libc.a(lib_a-__atexit.o)
 .debug_abbrev  0x00005c00      0x203 f:/altera/nios2eds/bin/gnu/h-i686-mingw32/bin/../lib/gcc/nios2-elf/4.7.3/../../../../../H-i686-mingw32/nios2-elf/lib/mno-hw-mul\libc.a(lib_a-__call_atexit.o)
 .debug_abbrev  0x00005e03       0xa6 ../cpu3C_bsp/\libhal_bsp.a(alt_exit.o)

.debug_line     0x00000000     0x710e
 *(.debug_line)
 .debug_line    0x00000000       0x66 ../cpu3C_bsp//obj/HAL/src/crt0.o
 .debug_line    0x00000066       0x58 obj/default/FIFO.o
 .debug_line    0x000000be      0x20b obj/default/dct.o
 .debug_line    0x000002c9      0x20a f:/altera/nios2eds/bin/gnu/h-i686-mingw32/bin/../lib/gcc/nios2-elf/4.7.3/../../../../../H-i686-mingw32/nios2-elf/lib/mno-hw-mul\libc.a(lib_a-malloc.o)
 .debug_line    0x000004d3      0x424 f:/altera/nios2eds/bin/gnu/h-i686-mingw32/bin/../lib/gcc/nios2-elf/4.7.3/../../../../../H-i686-mingw32/nios2-elf/lib/mno-hw-mul\libc.a(lib_a-mallocr.o)
 .debug_line    0x000008f7      0x238 f:/altera/nios2eds/bin/gnu/h-i686-mingw32/bin/../lib/gcc/nios2-elf/4.7.3/../../../../../H-i686-mingw32/nios2-elf/lib/mno-hw-mul\libc.a(lib_a-puts.o)
 .debug_line    0x00000b2f      0x215 f:/altera/nios2eds/bin/gnu/h-i686-mingw32/bin/../lib/gcc/nios2-elf/4.7.3/../../../../../H-i686-mingw32/nios2-elf/lib/mno-hw-mul\libc.a(lib_a-sbrkr.o)
 .debug_line    0x00000d44      0x185 f:/altera/nios2eds/bin/gnu/h-i686-mingw32/bin/../lib/gcc/nios2-elf/4.7.3/../../../../../H-i686-mingw32/nios2-elf/lib/mno-hw-mul\libc.a(lib_a-strlen.o)
 .debug_line    0x00000ec9      0x314 f:/altera/nios2eds/bin/gnu/h-i686-mingw32/bin/../lib/gcc/nios2-elf/4.7.3/../../../../../H-i686-mingw32/nios2-elf/lib/mno-hw-mul\libc.a(lib_a-freer.o)
 .debug_line    0x000011dd      0x363 f:/altera/nios2eds/bin/gnu/h-i686-mingw32/bin/../lib/gcc/nios2-elf/4.7.3/../../../../../H-i686-mingw32/nios2-elf/lib/mno-hw-mul\libc.a(lib_a-fvwrite.o)
 .debug_line    0x00001540      0x176 f:/altera/nios2eds/bin/gnu/h-i686-mingw32/bin/../lib/gcc/nios2-elf/4.7.3/../../../../../H-i686-mingw32/nios2-elf/lib/mno-hw-mul\libc.a(lib_a-impure.o)
 .debug_line    0x000016b6       0x60 f:/altera/nios2eds/bin/gnu/h-i686-mingw32/bin/../lib/gcc/nios2-elf/4.7.3/../../../../../H-i686-mingw32/nios2-elf/lib/mno-hw-mul\libc.a(lib_a-int_errno.o)
 .debug_line    0x00001716      0x1f4 f:/altera/nios2eds/bin/gnu/h-i686-mingw32/bin/../lib/gcc/nios2-elf/4.7.3/../../../../../H-i686-mingw32/nios2-elf/lib/mno-hw-mul\libc.a(lib_a-memchr.o)
 .debug_line    0x0000190a      0x144 f:/altera/nios2eds/bin/gnu/h-i686-mingw32/bin/../lib/gcc/nios2-elf/4.7.3/../../../../../H-i686-mingw32/nios2-elf/lib/mno-hw-mul\libc.a(lib_a-memcpy.o)
 .debug_line    0x00001a4e      0x1f9 f:/altera/nios2eds/bin/gnu/h-i686-mingw32/bin/../lib/gcc/nios2-elf/4.7.3/../../../../../H-i686-mingw32/nios2-elf/lib/mno-hw-mul\libc.a(lib_a-memmove.o)
 .debug_line    0x00001c47      0x333 f:/altera/nios2eds/bin/gnu/h-i686-mingw32/bin/../lib/gcc/nios2-elf/4.7.3/../../../../../H-i686-mingw32/nios2-elf/lib/mno-hw-mul\libc.a(lib_a-reallocr.o)
 .debug_line    0x00001f7a      0x26e f:/altera/nios2eds/bin/gnu/h-i686-mingw32/bin/../lib/gcc/nios2-elf/4.7.3/../../../../../H-i686-mingw32/nios2-elf/lib/mno-hw-mul\libc.a(lib_a-wsetup.o)
 .debug_line    0x000021e8      0x29f f:/altera/nios2eds/bin/gnu/h-i686-mingw32/bin/../lib/gcc/nios2-elf/4.7.3/../../../../../H-i686-mingw32/nios2-elf/lib/mno-hw-mul\libc.a(lib_a-fflush.o)
 .debug_line    0x00002487      0x2ea f:/altera/nios2eds/bin/gnu/h-i686-mingw32/bin/../lib/gcc/nios2-elf/4.7.3/../../../../../H-i686-mingw32/nios2-elf/lib/mno-hw-mul\libc.a(lib_a-findfp.o)
 .debug_line    0x00002771      0x25c f:/altera/nios2eds/bin/gnu/h-i686-mingw32/bin/../lib/gcc/nios2-elf/4.7.3/../../../../../H-i686-mingw32/nios2-elf/lib/mno-hw-mul\libc.a(lib_a-fwalk.o)
 .debug_line    0x000029cd      0x296 f:/altera/nios2eds/bin/gnu/h-i686-mingw32/bin/../lib/gcc/nios2-elf/4.7.3/../../../../../H-i686-mingw32/nios2-elf/lib/mno-hw-mul\libc.a(lib_a-makebuf.o)
 .debug_line    0x00002c63      0x1f4 f:/altera/nios2eds/bin/gnu/h-i686-mingw32/bin/../lib/gcc/nios2-elf/4.7.3/../../../../../H-i686-mingw32/nios2-elf/lib/mno-hw-mul\libc.a(lib_a-memset.o)
 .debug_line    0x00002e57      0x248 f:/altera/nios2eds/bin/gnu/h-i686-mingw32/bin/../lib/gcc/nios2-elf/4.7.3/../../../../../H-i686-mingw32/nios2-elf/lib/mno-hw-mul\libc.a(lib_a-stdio.o)
 .debug_line    0x0000309f      0x216 f:/altera/nios2eds/bin/gnu/h-i686-mingw32/bin/../lib/gcc/nios2-elf/4.7.3/../../../../../H-i686-mingw32/nios2-elf/lib/mno-hw-mul\libc.a(lib_a-writer.o)
 .debug_line    0x000032b5      0x216 f:/altera/nios2eds/bin/gnu/h-i686-mingw32/bin/../lib/gcc/nios2-elf/4.7.3/../../../../../H-i686-mingw32/nios2-elf/lib/mno-hw-mul\libc.a(lib_a-closer.o)