Archive member included because of file (symbol)

f:/altera/nios2eds/bin/gnu/h-i686-mingw32/bin/../lib/gcc/nios2-elf/4.7.3/mno-hw-mul\libgcc.a(lib2-mul.o)
                              obj/default/quant.o (__mulsi3)
f:/altera/nios2eds/bin/gnu/h-i686-mingw32/bin/../lib/gcc/nios2-elf/4.7.3/../../../../../H-i686-mingw32/nios2-elf/lib/mno-hw-mul\libc.a(lib_a-memcpy.o)
                              obj/default/quant.o (memcpy)
f:/altera/nios2eds/bin/gnu/h-i686-mingw32/bin/../lib/gcc/nios2-elf/4.7.3/../../../../../H-i686-mingw32/nios2-elf/lib/mno-hw-mul\libc.a(lib_a-puts.o)
                              obj/default/quant.o (puts)
f:/altera/nios2eds/bin/gnu/h-i686-mingw32/bin/../lib/gcc/nios2-elf/4.7.3/../../../../../H-i686-mingw32/nios2-elf/lib/mno-hw-mul\libc.a(lib_a-strlen.o)
                              f:/altera/nios2eds/bin/gnu/h-i686-mingw32/bin/../lib/gcc/nios2-elf/4.7.3/../../../../../H-i686-mingw32/nios2-elf/lib/mno-hw-mul\libc.a(lib_a-puts.o) (strlen)
f:/altera/nios2eds/bin/gnu/h-i686-mingw32/bin/../lib/gcc/nios2-elf/4.7.3/../../../../../H-i686-mingw32/nios2-elf/lib/mno-hw-mul\libc.a(lib_a-fvwrite.o)
                              f:/altera/nios2eds/bin/gnu/h-i686-mingw32/bin/../lib/gcc/nios2-elf/4.7.3/../../../../../H-i686-mingw32/nios2-elf/lib/mno-hw-mul\libc.a(lib_a-puts.o) (__sfvwrite_r)
f:/altera/nios2eds/bin/gnu/h-i686-mingw32/bin/../lib/gcc/nios2-elf/4.7.3/../../../../../H-i686-mingw32/nios2-elf/lib/mno-hw-mul\libc.a(lib_a-impure.o)
                              f:/altera/nios2eds/bin/gnu/h-i686-mingw32/bin/../lib/gcc/nios2-elf/4.7.3/../../../../../H-i686-mingw32/nios2-elf/lib/mno-hw-mul\libc.a(lib_a-puts.o) (_impure_ptr)
f:/altera/nios2eds/bin/gnu/h-i686-mingw32/bin/../lib/gcc/nios2-elf/4.7.3/../../../../../H-i686-mingw32/nios2-elf/lib/mno-hw-mul\libc.a(lib_a-mallocr.o)
                              f:/altera/nios2eds/bin/gnu/h-i686-mingw32/bin/../lib/gcc/nios2-elf/4.7.3/../../../../../H-i686-mingw32/nios2-elf/lib/mno-hw-mul\libc.a(lib_a-fvwrite.o) (_malloc_r)
f:/altera/nios2eds/bin/gnu/h-i686-mingw32/bin/../lib/gcc/nios2-elf/4.7.3/../../../../../H-i686-mingw32/nios2-elf/lib/mno-hw-mul\libc.a(lib_a-memchr.o)
                              f:/altera/nios2eds/bin/gnu/h-i686-mingw32/bin/../lib/gcc/nios2-elf/4.7.3/../../../../../H-i686-mingw32/nios2-elf/lib/mno-hw-mul\libc.a(lib_a-fvwrite.o) (memchr)
f:/altera/nios2eds/bin/gnu/h-i686-mingw32/bin/../lib/gcc/nios2-elf/4.7.3/../../../../../H-i686-mingw32/nios2-elf/lib/mno-hw-mul\libc.a(lib_a-memmove.o)
                              f:/altera/nios2eds/bin/gnu/h-i686-mingw32/bin/../lib/gcc/nios2-elf/4.7.3/../../../../../H-i686-mingw32/nios2-elf/lib/mno-hw-mul\libc.a(lib_a-fvwrite.o) (memmove)
f:/altera/nios2eds/bin/gnu/h-i686-mingw32/bin/../lib/gcc/nios2-elf/4.7.3/../../../../../H-i686-mingw32/nios2-elf/lib/mno-hw-mul\libc.a(lib_a-reallocr.o)
                              f:/altera/nios2eds/bin/gnu/h-i686-mingw32/bin/../lib/gcc/nios2-elf/4.7.3/../../../../../H-i686-mingw32/nios2-elf/lib/mno-hw-mul\libc.a(lib_a-fvwrite.o) (_realloc_r)
f:/altera/nios2eds/bin/gnu/h-i686-mingw32/bin/../lib/gcc/nios2-elf/4.7.3/../../../../../H-i686-mingw32/nios2-elf/lib/mno-hw-mul\libc.a(lib_a-sbrkr.o)
                              f:/altera/nios2eds/bin/gnu/h-i686-mingw32/bin/../lib/gcc/nios2-elf/4.7.3/../../../../../H-i686-mingw32/nios2-elf/lib/mno-hw-mul\libc.a(lib_a-mallocr.o) (_sbrk_r)
f:/altera/nios2eds/bin/gnu/h-i686-mingw32/bin/../lib/gcc/nios2-elf/4.7.3/../../../../../H-i686-mingw32/nios2-elf/lib/mno-hw-mul\libc.a(lib_a-wsetup.o)
                              f:/altera/nios2eds/bin/gnu/h-i686-mingw32/bin/../lib/gcc/nios2-elf/4.7.3/../../../../../H-i686-mingw32/nios2-elf/lib/mno-hw-mul\libc.a(lib_a-fvwrite.o) (__swsetup_r)
f:/altera/nios2eds/bin/gnu/h-i686-mingw32/bin/../lib/gcc/nios2-elf/4.7.3/../../../../../H-i686-mingw32/nios2-elf/lib/mno-hw-mul\libc.a(lib_a-fflush.o)
                              f:/altera/nios2eds/bin/gnu/h-i686-mingw32/bin/../lib/gcc/nios2-elf/4.7.3/../../../../../H-i686-mingw32/nios2-elf/lib/mno-hw-mul\libc.a(lib_a-fvwrite.o) (_fflush_r)
f:/altera/nios2eds/bin/gnu/h-i686-mingw32/bin/../lib/gcc/nios2-elf/4.7.3/../../../../../H-i686-mingw32/nios2-elf/lib/mno-hw-mul\libc.a(lib_a-findfp.o)
                              f:/altera/nios2eds/bin/gnu/h-i686-mingw32/bin/../lib/gcc/nios2-elf/4.7.3/../../../../../H-i686-mingw32/nios2-elf/lib/mno-hw-mul\libc.a(lib_a-wsetup.o) (__sinit)
f:/altera/nios2eds/bin/gnu/h-i686-mingw32/bin/../lib/gcc/nios2-elf/4.7.3/../../../../../H-i686-mingw32/nios2-elf/lib/mno-hw-mul\libc.a(lib_a-freer.o)
                              f:/altera/nios2eds/bin/gnu/h-i686-mingw32/bin/../lib/gcc/nios2-elf/4.7.3/../../../../../H-i686-mingw32/nios2-elf/lib/mno-hw-mul\libc.a(lib_a-fvwrite.o) (_free_r)
f:/altera/nios2eds/bin/gnu/h-i686-mingw32/bin/../lib/gcc/nios2-elf/4.7.3/../../../../../H-i686-mingw32/nios2-elf/lib/mno-hw-mul\libc.a(lib_a-fwalk.o)
[...]
Memory Configuration

Name             Origin             Length             Attributes
reset            0x00010000         0x00000020
mem4             0x00010020         0x0000ffe0
*default*        0x00000000         0xffffffff

Linker script and memory map

LOAD ../cpu4_bsp//obj/HAL/src/crt0.o
LOAD obj/default/FIFO.o
LOAD obj/default/quant.o
LOAD f:/altera/nios2eds/bin/gnu/h-i686-mingw32/bin/../lib/gcc/nios2-elf/4.7.3/../../../../../H-i686-mingw32/nios2-elf/lib/mno-hw-mul\libstdc++.a
LOAD f:/altera/nios2eds/bin/gnu/h-i686-mingw32/bin/../lib/gcc/nios2-elf/4.7.3/../../../../../H-i686-mingw32/nios2-elf/lib/mno-hw-mul\libm.a
LOAD f:/altera/nios2eds/bin/gnu/h-i686-mingw32/bin/../lib/gcc/nios2-elf/4.7.3/mno-hw-mul\libgcc.a
START GROUP
LOAD f:/altera/nios2eds/bin/gnu/h-i686-mingw32/bin/../lib/gcc/nios2-elf/4.7.3/../../../../../H-i686-mingw32/nios2-elf/lib/mno-hw-mul\libc.a
LOAD f:/altera/nios2eds/bin/gnu/h-i686-mingw32/bin/../lib/gcc/nios2-elf/4.7.3/mno-hw-mul\libgcc.a
LOAD ../cpu4_bsp/\libhal_bsp.a
END GROUP
LOAD f:/altera/nios2eds/bin/gnu/h-i686-mingw32/bin/../lib/gcc/nios2-elf/4.7.3/mno-hw-mul\libgcc.a
                0x00010000                __alt_mem_mem4 = 0x10000

.entry          0x00010000       0x20
 *(.entry)
 .entry         0x00010000       0x20 ../cpu4_bsp//obj/HAL/src/crt0.o
                0x00010000                __reset

.exceptions     0x00010020      0x198
                0x00010020                PROVIDE (__ram_exceptions_start, ABSOLUTE (.))
                0x00010020                . = ALIGN (0x20)
 *(.irq)
 *(.exceptions.entry.label)
 .exceptions.entry.label
                0x00010020        0x0 ../cpu4_bsp/\libhal_bsp.a(alt_irq_entry.o)
                0x00010020                alt_irq_entry
 .exceptions.entry.label
                0x00010020        0x0 ../cpu4_bsp/\libhal_bsp.a(alt_exception_entry.o)
                0x00010020                alt_exception
 *(.exceptions.entry.user)
 *(.exceptions.entry.ecc_fatal)
 *(.exceptions.entry)
 .exceptions.entry
                0x00010020       0x54 ../cpu4_bsp/\libhal_bsp.a(alt_exception_entry.o)
 *(.exceptions.irqtest.user)
 *(.exceptions.irqtest)
 .exceptions.irqtest
                0x00010074       0x10 ../cpu4_bsp/\libhal_bsp.a(alt_irq_entry.o)
 *(.exceptions.irqhandler.user)
 *(.exceptions.irqhandler)
 .exceptions.irqhandler
                0x00010084        0x4 ../cpu4_bsp/\libhal_bsp.a(alt_irq_entry.o)
 *(.exceptions.irqreturn.user)
 *(.exceptions.irqreturn)
 .exceptions.irqreturn
                0x00010088        0x4 ../cpu4_bsp/\libhal_bsp.a(alt_irq_entry.o)
 *(.exceptions.notirq.label)
 .exceptions.notirq.label
                0x0001008c        0x0 ../cpu4_bsp/\libhal_bsp.a(alt_irq_entry.o)
 *(.exceptions.notirq.user)
 *(.exceptions.notirq)
 .exceptions.notirq
                0x0001008c        0x8 ../cpu4_bsp/\libhal_bsp.a(alt_exception_entry.o)
 *(.exceptions.soft.user)
 *(.exceptions.soft)
 *(.exceptions.unknown.user)
 *(.exceptions.unknown)
 .exceptions.unknown
                0x00010094        0x4 ../cpu4_bsp/\libhal_bsp.a(alt_exception_entry.o)
 *(.exceptions.exit.label)
 .exceptions.exit.label
                0x00010098        0x0 ../cpu4_bsp/\libhal_bsp.a(alt_irq_entry.o)
 .exceptions.exit.label
                0x00010098        0x0 ../cpu4_bsp/\libhal_bsp.a(alt_exception_entry.o)
 *(.exceptions.exit.user)
 *(.exceptions.exit)
 .exceptions.exit
                0x00010098       0x54 ../cpu4_bsp/\libhal_bsp.a(alt_exception_entry.o)
 *(.exceptions)
 .exceptions    0x000100ec       0xcc ../cpu4_bsp/\libhal_bsp.a(alt_irq_handler.o)
                0x000100ec                alt_irq_handler
                0x000101b8                PROVIDE (__ram_exceptions_end, ABSOLUTE (.))
                0x00010020                PROVIDE (__flash_exceptions_start, LOADADDR (.exceptions))

.text           0x000101b8     0x6208
                0x000101b8                PROVIDE (stext, ABSOLUTE (.))
 *(.interp)
 *(.hash)
 *(.dynsym)
 *(.dynstr)
 *(.gnu.version)
 *(.gnu.version_d)
 *(.gnu.version_r)
 *(.rel.init)
 *(.rela.init)
 *(.rel.text .rel.text.* .rel.gnu.linkonce.t.*)
 *(.rela.text .rela.text.* .rela.gnu.linkonce.t.*)
 *(.rel.fini)
 *(.rela.fini)
 *(.rel.rodata .rel.rodata.* .rel.gnu.linkonce.r.*)
 *(.rela.rodata .rela.rodata.* .rela.gnu.linkonce.r.*)
 *(.rel.data .rel.data.* .rel.gnu.linkonce.d.*)
 *(.rela.data .rela.data.* .rela.gnu.linkonce.d.*)
 *(.rel.tdata .rel.tdata.* .rel.gnu.linkonce.td.*)
 *(.rela.tdata .rela.tdata.* .rela.gnu.linkonce.td.*)
 *(.rel.tbss .rel.tbss.* .rel.gnu.linkonce.tb.*)
 *(.rela.tbss .rela.tbss.* .rela.gnu.linkonce.tb.*)
 *(.rel.ctors)
 *(.rela.ctors)
 *(.rel.dtors)
 *(.rela.dtors)
 *(.rel.got)
 *(.rela.got)
 *(.rel.sdata .rel.sdata.* .rel.gnu.linkonce.s.*)
 *(.rela.sdata .rela.sdata.* .rela.gnu.linkonce.s.*)
 *(.rel.sbss .rel.sbss.* .rel.gnu.linkonce.sb.*)
 *(.rela.sbss .rela.sbss.* .rela.gnu.linkonce.sb.*)
 *(.rel.sdata2 .rel.sdata2.* .rel.gnu.linkonce.s2.*)
 *(.rela.sdata2 .rela.sdata2.* .rela.gnu.linkonce.s2.*)
 *(.rel.sbss2 .rel.sbss2.* .rel.gnu.linkonce.sb2.*)
 *(.rela.sbss2 .rela.sbss2.* .rela.gnu.linkonce.sb2.*)
 *(.rel.bss .rel.bss.* .rel.gnu.linkonce.b.*)
 *(.rela.bss .rela.bss.* .rela.gnu.linkonce.b.*)
 *(.rel.plt)
 *(.rela.plt)
 *(.rel.dyn)
 *(.init)
 *(.plt)
 *(.text .stub .text.* .gnu.linkonce.t.*)
 .text          0x000101b8       0x3c ../cpu4_bsp//obj/HAL/src/crt0.o
                0x000101b8                _start
 .text          0x000101f4      0x10c obj/default/FIFO.o
                0x000101f4                WRITE_FIFO
                0x00010258                READ_FIFO
                0x000102c0                FIFO_INIT
 .text          0x00010300      0x8b4 obj/default/quant.o
                0x00010300                delay
                0x00010340                DSP_Division
                0x000103d8                initialize_quantization_tables
                0x00010698                quantizationA
                0x0001080c                quantizationB
                0x00010980                quantizationC
                0x00010af4                main
 .text          0x00010bb4       0x28 f:/altera/nios2eds/bin/gnu/h-i686-mingw32/bin/../lib/gcc/nios2-elf/4.7.3/mno-hw-mul\libgcc.a(lib2-mul.o)
                0x00010bb4                __mulsi3
 .text          0x00010bdc      0x140 f:/altera/nios2eds/bin/gnu/h-i686-mingw32/bin/../lib/gcc/nios2-elf/4.7.3/../../../../../H-i686-mingw32/nios2-elf/lib/mno-hw-mul\libc.a(lib_a-memcpy.o)
                0x00010bdc                memcpy
 .text          0x00010d1c       0x98 f:/altera/nios2eds/bin/gnu/h-i686-mingw32/bin/../lib/gcc/nios2-elf/4.7.3/../../../../../H-i686-mingw32/nios2-elf/lib/mno-hw-mul\libc.a(lib_a-puts.o)
                0x00010d1c                _puts_r
                0x00010da0                puts
 .text          0x00010db4       0x8c f:/altera/nios2eds/bin/gnu/h-i686-mingw32/bin/../lib/gcc/nios2-elf/4.7.3/../../../../../H-i686-mingw32/nios2-elf/lib/mno-hw-mul\libc.a(lib_a-strlen.o)
                0x00010db4                strlen
 .text          0x00010e40      0x4e4 f:/altera/nios2eds/bin/gnu/h-i686-mingw32/bin/../lib/gcc/nios2-elf/4.7.3/../../../../../H-i686-mingw32/nios2-elf/lib/mno-hw-mul\libc.a(lib_a-fvwrite.o)
                0x00010e40                __sfvwrite_r
 .text          0x00011324        0x0 f:/altera/nios2eds/bin/gnu/h-i686-mingw32/bin/../lib/gcc/nios2-elf/4.7.3/../../../../../H-i686-mingw32/nios2-elf/lib/mno-hw-mul\libc.a(lib_a-impure.o)
 .text          0x00011324      0x784 f:/altera/nios2eds/bin/gnu/h-i686-mingw32/bin/../lib/gcc/nios2-elf/4.7.3/../../../../../H-i686-mingw32/nios2-elf/lib/mno-hw-mul\libc.a(lib_a-mallocr.o)
                0x00011324                _malloc_r
 .text          0x00011aa8       0xf8 f:/altera/nios2eds/bin/gnu/h-i686-mingw32/bin/../lib/gcc/nios2-elf/4.7.3/../../../../../H-i686-mingw32/nios2-elf/lib/mno-hw-mul\libc.a(lib_a-memchr.o)
                0x00011aa8                memchr
 .text          0x00011ba0      0x18c f:/altera/nios2eds/bin/gnu/h-i686-mingw32/bin/../lib/gcc/nios2-elf/4.7.3/../../../../../H-i686-mingw32/nios2-elf/lib/mno-hw-mul\libc.a(lib_a-memmove.o)
                0x00011ba0                memmove
 .text          0x00011d2c      0x5fc f:/altera/nios2eds/bin/gnu/h-i686-mingw32/bin/../lib/gcc/nios2-elf/4.7.3/../../../../../H-i686-mingw32/nios2-elf/lib/mno-hw-mul\libc.a(lib_a-reallocr.o)
                0x00011d2c                _realloc_r
 .text          0x00012328       0x64 f:/altera/nios2eds/bin/gnu/h-i686-mingw32/bin/../lib/gcc/nios2-elf/4.7.3/../../../../../H-i686-mingw32/nios2-elf/lib/mno-hw-mul\libc.a(lib_a-sbrkr.o)
                0x00012328                _sbrk_r
 .text          0x0001238c      0x174 f:/altera/nios2eds/bin/gnu/h-i686-mingw32/bin/../lib/gcc/nios2-elf/4.7.3/../../../../../H-i686-mingw32/nios2-elf/lib/mno-hw-mul\libc.a(lib_a-wsetup.o)
                0x0001238c                __swsetup_r
 .text          0x00012500      0x218 f:/altera/nios2eds/bin/gnu/h-i686-mingw32/bin/../lib/gcc/nios2-elf/4.7.3/../../../../../H-i686-mingw32/nios2-elf/lib/mno-hw-mul\libc.a(lib_a-fflush.o)
                0x00012500                _fflush_r
                0x000126e8                fflush
 .text          0x00012718      0x2ec f:/altera/nios2eds/bin/gnu/h-i686-mingw32/bin/../lib/gcc/nios2-elf/4.7.3/../../../../../H-i686-mingw32/nios2-elf/lib/mno-hw-mul\libc.a(lib_a-findfp.o)
                0x00012728                _cleanup_r
                0x00012734                __sfmoreglue
                0x000127ac                _cleanup
                0x000127bc                __sinit
                0x000128c8                __sfp
                0x000129c4                __sfp_lock_acquire
                0x000129c8                __sfp_lock_release
                0x000129cc                __sinit_lock_acquire
                0x000129d0                __sinit_lock_release
                0x000129d4                __fp_lock_all
                0x000129ec                __fp_unlock_all
 .text          0x00012a04      0x40c f:/altera/nios2eds/bin/gnu/h-i686-mingw32/bin/../lib/gcc/nios2-elf/4.7.3/../../../../../H-i686-mingw32/nios2-elf/lib/mno-hw-mul\libc.a(lib_a-freer.o)
                0x00012a04                _malloc_trim_r
                0x00012b40                _free_r
 .text          0x00012e10      0x160 f:/altera/nios2eds/bin/gnu/h-i686-mingw32/bin/../lib/gcc/nios2-elf/4.7.3/../../../../../H-i686-mingw32/nios2-elf/lib/mno-hw-mul\libc.a(lib_a-fwalk.o)
                0x00012e10                _fwalk
                0x00012eb8                _fwalk_reent
 .text          0x00012f70        0x0 f:/altera/nios2eds/bin/gnu/h-i686-mingw32/bin/../lib/gcc/nios2-elf/4.7.3/../../../../../H-i686-mingw32/nios2-elf/lib/mno-hw-mul\libc.a(lib_a-int_errno.o)
 .text          0x00012f70      0x1a8 f:/altera/nios2eds/bin/gnu/h-i686-mingw32/bin/../lib/gcc/nios2-elf/4.7.3/../../../../../H-i686-mingw32/nios2-elf/lib/mno-hw-mul\libc.a(lib_a-makebuf.o)
                0x00012f70                __smakebuf_r
 .text          0x00013118       0xdc f:/altera/nios2eds/bin/gnu/h-i686-mingw32/bin/../lib/gcc/nios2-elf/4.7.3/../../../../../H-i686-mingw32/nios2-elf/lib/mno-hw-mul\libc.a(lib_a-memset.o)
                0x00013118                memset
 .text          0x000131f4      0x140 f:/altera/nios2eds/bin/gnu/h-i686-mingw32/bin/../lib/gcc/nios2-elf/4.7.3/../../../../../H-i686-mingw32/nios2-elf/lib/mno-hw-mul\libc.a(lib_a-stdio.o)
                0x000131f4                __sread
                0x00013248                __swrite
                0x000132d0                __sseek
                0x0001332c                __sclose
 .text          0x00013334       0x6c f:/altera/nios2eds/bin/gnu/h-i686-mingw32/bin/../lib/gcc/nios2-elf/4.7.3/../../../../../H-i686-mingw32/nios2-elf/lib/mno-hw-mul\libc.a(lib_a-writer.o)
                0x00013334                _write_r
 .text          0x000133a0       0x64 f:/altera/nios2eds/bin/gnu/h-i686-mingw32/bin/../lib/gcc/nios2-elf/4.7.3/../../../../../H-i686-mingw32/nios2-elf/lib/mno-hw-mul\libc.a(lib_a-closer.o)
                0x000133a0                _close_r
 .text          0x00013404      0x150 f:/altera/nios2eds/bin/gnu/h-i686-mingw32/bin/../lib/gcc/nios2-elf/4.7.3/../../../../../H-i686-mingw32/nios2-elf/lib/mno-hw-mul\libc.a(lib_a-fclose.o)
                0x00013404                _fclose_r
                0x00013540                fclose
 .text          0x00013554       0x68 f:/altera/nios2eds/bin/gnu/h-i686-mingw32/bin/../lib/gcc/nios2-elf/4.7.3/../../../../../H-i686-mingw32/nios2-elf/lib/mno-hw-mul\libc.a(lib_a-fstatr.o)
                0x00013554                _fstat_r
 .text          0x000135bc       0x64 f:/altera/nios2eds/bin/gnu/h-i686-mingw32/bin/../lib/gcc/nios2-elf/4.7.3/../../../../../H-i686-mingw32/nios2-elf/lib/mno-hw-mul\libc.a(lib_a-isattyr.o)
                0x000135bc                _isatty_r
 .text          0x00013620       0x6c f:/altera/nios2eds/bin/gnu/h-i686-mingw32/bin/../lib/gcc/nios2-elf/4.7.3/../../../../../H-i686-mingw32/nios2-elf/lib/mno-hw-mul\libc.a(lib_a-lseekr.o)
                0x00013620                _lseek_r
 .text          0x0001368c       0x6c f:/altera/nios2eds/bin/gnu/h-i686-mingw32/bin/../lib/gcc/nios2-elf/4.7.3/../../../../../H-i686-mingw32/nios2-elf/lib/mno-hw-mul\libc.a(lib_a-readr.o)
                0x0001368c                _read_r
 .text          0x000136f8      0x11c ../cpu4_bsp/\libhal_bsp.a(alt_close.o)
                0x00013748                close
 .text          0x00013814       0x2c ../cpu4_bsp/\libhal_bsp.a(alt_dev.o)
 .text          0x00013840        0x0 ../cpu4_bsp/\libhal_bsp.a(alt_errno.o)
 .text          0x00013840      0x100 ../cpu4_bsp/\libhal_bsp.a(alt_fstat.o)
                0x00013890                fstat
 .text          0x00013940       0xf4 ../cpu4_bsp/\libhal_bsp.a(alt_isatty.o)
                0x00013990                isatty
 .text          0x00013a34       0xec ../cpu4_bsp/\libhal_bsp.a(alt_load.o)
                0x00013aa0                alt_load
 .text          0x00013b20      0x124 ../cpu4_bsp/\libhal_bsp.a(alt_lseek.o)
                0x00013b70                lseek
 .text          0x00013c44       0x78 ../cpu4_bsp/\libhal_bsp.a(alt_main.o)
                0x00013c44                alt_main
 .text          0x00013cbc       0x40 ../cpu4_bsp/\libhal_bsp.a(alt_malloc_lock.o)
                0x00013cbc                __malloc_lock
                0x00013cdc                __malloc_unlock
 .text          0x00013cfc      0x144 ../cpu4_bsp/\libhal_bsp.a(alt_read.o)
                0x00013d4c                read
 .text          0x00013e40       0x80 ../cpu4_bsp/\libhal_bsp.a(alt_release_fd.o)
                0x00013e40                alt_release_fd
 .text          0x00013ec0       0xb0 ../cpu4_bsp/\libhal_bsp.a(alt_sbrk.o)
                0x00013ec0                sbrk
 .text          0x00013f70      0x140 ../cpu4_bsp/\libhal_bsp.a(alt_write.o)
                0x00013fc0                write
 .text          0x000140b0       0xe0 ../cpu4_bsp/\libhal_bsp.a(alt_sys_init.o)
                0x000140e8                alt_irq_init
                0x0001411c                alt_sys_init
 .text          0x00014190      0x4f0 ../cpu4_bsp/\libhal_bsp.a(altera_avalon_fifo_util.o)
                0x00014190                altera_avalon_fifo_init
                0x00014228                altera_avalon_fifo_read_status
                0x00014264                altera_avalon_fifo_read_ienable
                0x000142a0                altera_avalon_fifo_read_almostfull
                0x000142cc                altera_avalon_fifo_read_almostempty
                0x000142f8                altera_avalon_fifo_read_event
                0x00014334                altera_avalon_fifo_read_level
                0x0001435c                altera_avalon_fifo_clear_event
                0x000143b8                altera_avalon_fifo_write_ienable
                0x00014410                altera_avalon_fifo_write_almostfull
                0x00014468                altera_avalon_fifo_write_almostempty
                0x000144c0                altera_avalon_fifo_write_fifo
                0x00014518                altera_avalon_read_fifo
                0x00014584                altera_avalon_fifo_read_fifo
                0x000145d0                altera_avalon_fifo_write_other_info
                0x0001462c                altera_avalon_fifo_read_other_info
                0x00014658                altera_avalon_fifo_read_backpressure
 .text          0x00014680      0x164 ../cpu4_bsp/\libhal_bsp.a(altera_avalon_jtag_uart_fd.o)
                0x00014680                altera_avalon_jtag_uart_read_fd
                0x000146e0                altera_avalon_jtag_uart_write_fd
                0x00014740                altera_avalon_jtag_uart_close_fd
                0x00014790                altera_avalon_jtag_uart_ioctl_fd
 .text          0x000147e4      0x3d0 ../cpu4_bsp/\libhal_bsp.a(altera_avalon_jtag_uart_init.o)
                0x000147e4                altera_avalon_jtag_uart_init
                0x00014b4c                altera_avalon_jtag_uart_close
 .text          0x00014bb4       0xf4 ../cpu4_bsp/\libhal_bsp.a(altera_avalon_jtag_uart_ioctl.o)
                0x00014bb4                altera_avalon_jtag_uart_ioctl
 .text          0x00014ca8      0x218 ../cpu4_bsp/\libhal_bsp.a(altera_avalon_jtag_uart_read.o)
                0x00014ca8                altera_avalon_jtag_uart_read
 .text          0x00014ec0      0x224 ../cpu4_bsp/\libhal_bsp.a(altera_avalon_jtag_uart_write.o)
                0x00014ec0                altera_avalon_jtag_uart_write
 .text          0x000150e4       0xfc ../cpu4_bsp/\libhal_bsp.a(altera_avalon_timer_sc.o)
                0x00015158                alt_avalon_timer_sc_init
 .text          0x000151e0      0x140 ../cpu4_bsp/\libhal_bsp.a(alt_alarm_start.o)
                0x000151e0                alt_alarm_start
 .text          0x00015320       0x1c ../cpu4_bsp/\libhal_bsp.a(alt_dcache_flush_all.o)
                0x00015320                alt_dcache_flush_all
 .text          0x0001533c       0xf0 ../cpu4_bsp/\libhal_bsp.a(alt_dev_llist_insert.o)
                0x0001538c                alt_dev_llist_insert
 .text          0x0001542c       0x5c ../cpu4_bsp/\libhal_bsp.a(alt_do_ctors.o)
                0x0001542c                _do_ctors
 .text          0x00015488       0x5c ../cpu4_bsp/\libhal_bsp.a(alt_do_dtors.o)
                0x00015488                _do_dtors
 .text          0x000154e4       0x1c ../cpu4_bsp/\libhal_bsp.a(alt_icache_flush_all.o)
                0x000154e4                alt_icache_flush_all
 .text          0x00015500      0x1d8 ../cpu4_bsp/\libhal_bsp.a(alt_iic.o)
                0x00015500                alt_ic_isr_register
                0x00015550                alt_ic_irq_enable
                0x000155ec                alt_ic_irq_disable
                0x0001568c                alt_ic_irq_enabled
 .text          0x000156d8       0xf0 ../cpu4_bsp/\libhal_bsp.a(alt_iic_isr_register.o)
                0x000156d8                alt_iic_isr_register
 .text          0x000157c8      0x158 ../cpu4_bsp/\libhal_bsp.a(alt_io_redirect.o)
                0x000158a8                alt_io_redirect
 .text          0x00015920        0x0 ../cpu4_bsp/\libhal_bsp.a(alt_irq_entry.o)
 .text          0x00015920        0x0 ../cpu4_bsp/\libhal_bsp.a(alt_irq_handler.o)
 .text          0x00015920        0x0 ../cpu4_bsp/\libhal_bsp.a(alt_irq_vars.o)
 .text          0x00015920      0x298 ../cpu4_bsp/\libhal_bsp.a(alt_open.o)
                0x00015a60                open
 .text          0x00015bb8      0x19c ../cpu4_bsp/\libhal_bsp.a(alt_tick.o)
                0x00015bb8                alt_alarm_stop
                0x00015c50                alt_tick
 .text          0x00015d54       0x20 ../cpu4_bsp/\libhal_bsp.a(altera_nios2_qsys_irq.o)
                0x00015d54                altera_nios2_qsys_irq_init
 .text          0x00015d74        0x0 ../cpu4_bsp/\libhal_bsp.a(alt_exception_entry.o)
 .text          0x00015d74       0x90 ../cpu4_bsp/\libhal_bsp.a(alt_find_dev.o)
                0x00015d74                alt_find_dev
 .text          0x00015e04      0x114 ../cpu4_bsp/\libhal_bsp.a(alt_find_file.o)
                0x00015e04                alt_find_file
 .text          0x00015f18       0xd4 ../cpu4_bsp/\libhal_bsp.a(alt_get_fd.o)
                0x00015f18                alt_get_fd
 .text          0x00015fec       0x14 f:/altera/nios2eds/bin/gnu/h-i686-mingw32/bin/../lib/gcc/nios2-elf/4.7.3/../../../../../H-i686-mingw32/nios2-elf/lib/mno-hw-mul\libc.a(lib_a-atexit.o)
                0x00015fec                atexit
 .text          0x00016000       0x38 f:/altera/nios2eds/bin/gnu/h-i686-mingw32/bin/../lib/gcc/nios2-elf/4.7.3/../../../../../H-i686-mingw32/nios2-elf/lib/mno-hw-mul\libc.a(lib_a-exit.o)
                0x00016000                exit
 .text          0x00016038       0x7c f:/altera/nios2eds/bin/gnu/h-i686-mingw32/bin/../lib/gcc/nios2-elf/4.7.3/../../../../../H-i686-mingw32/nios2-elf/lib/mno-hw-mul\libc.a(lib_a-memcmp.o)
                0x00016038                memcmp
 .text          0x000160b4      0x130 f:/altera/nios2eds/bin/gnu/h-i686-mingw32/bin/../lib/gcc/nios2-elf/4.7.3/../../../../../H-i686-mingw32/nios2-elf/lib/mno-hw-mul\libc.a(lib_a-__atexit.o)
                0x000160b4                __register_exitproc
 .text          0x000161e4      0x1a0 f:/altera/nios2eds/bin/gnu/h-i686-mingw32/bin/../lib/gcc/nios2-elf/4.7.3/../../../../../H-i686-mingw32/nios2-elf/lib/mno-hw-mul\libc.a(lib_a-__call_atexit.o)
                0x000161e4                __call_exitprocs
 .text          0x00016384       0x3c ../cpu4_bsp/\libhal_bsp.a(alt_exit.o)
                0x00016384                _exit
 *(.gnu.warning.*)
 *(.fini)
                0x000163c0                PROVIDE (__etext, ABSOLUTE (.))
                0x000163c0                PROVIDE (_etext, ABSOLUTE (.))
                0x000163c0                PROVIDE (etext, ABSOLUTE (.))
 *(.eh_frame_hdr)
                0x000163c0                . = ALIGN (0x4)
                0x000163c0                PROVIDE (__preinit_array_start, ABSOLUTE (.))
 *(.preinit_array)
                0x000163c0                PROVIDE (__preinit_array_end, ABSOLUTE (.))
                0x000163c0                PROVIDE (__init_array_start, ABSOLUTE (.))
 *(.init_array)
                0x000163c0                PROVIDE (__init_array_end, ABSOLUTE (.))
                0x000163c0                PROVIDE (__fini_array_start, ABSOLUTE (.))
 *(.fini_array)
                0x000163c0                PROVIDE (__fini_array_end, ABSOLUTE (.))
 *(.eh_frame)
 *(.gcc_except_table .gcc_except_table.*)
 *(.dynamic)
                0x000163c0                PROVIDE (__CTOR_LIST__, ABSOLUTE (.))
 *(.ctors)
 *(SORT(.ctors.*))
                0x000163c0                PROVIDE (__CTOR_END__, ABSOLUTE (.))
                0x000163c0                PROVIDE (__DTOR_LIST__, ABSOLUTE (.))
 *(.dtors)
 *(SORT(.dtors.*))
                0x000163c0                PROVIDE (__DTOR_END__, ABSOLUTE (.))
 *(.jcr)
                0x000163c0                . = ALIGN (0x4)

.rodata         0x000163c0      0x10c
                0x000163c0                PROVIDE (__ram_rodata_start, ABSOLUTE (.))
                0x000163c0                . = ALIGN (0x4)
 *(.rodata .rodata.* .gnu.linkonce.r.*)
 .rodata        0x000163c0       0xd8 obj/default/quant.o
 .rodata.str1.4
                0x00016498        0x2 f:/altera/nios2eds/bin/gnu/h-i686-mingw32/bin/../lib/gcc/nios2-elf/4.7.3/../../../../../H-i686-mingw32/nios2-elf/lib/mno-hw-mul\libc.a(lib_a-puts.o)
                                  0x4 (size before relaxing)
 *fill*         0x0001649a        0x2 
 .rodata.str1.4
                0x0001649c        0x4 f:/altera/nios2eds/bin/gnu/h-i686-mingw32/bin/../lib/gcc/nios2-elf/4.7.3/../../../../../H-i686-mingw32/nios2-elf/lib/mno-hw-mul\libc.a(lib_a-impure.o)
 .rodata        0x000164a0        0xc ../cpu4_bsp/\libhal_bsp.a(alt_dev.o)
 .rodata        0x000164ac       0x10 ../cpu4_bsp/\libhal_bsp.a(alt_main.o)
 .rodata        0x000164bc       0x10 ../cpu4_bsp/\libhal_bsp.a(alt_sys_init.o)
 *(.rodata1)
                0x000164cc                . = ALIGN (0x4)
                0x000164cc                PROVIDE (__ram_rodata_end, ABSOLUTE (.))
                0x000163c0                PROVIDE (__flash_rodata_start, LOADADDR (.rodata))

.rwdata         0x000164cc     0x1a88 load address 0x00017f54
                0x000164cc                PROVIDE (__ram_rwdata_start, ABSOLUTE (.))
                0x000164cc                . = ALIGN (0x4)
 *(.got.plt)
 *(.got)
 *(.data1)
 *(.data .data.* .gnu.linkonce.d.*)
 .data          0x000164cc        0x0 ../cpu4_bsp//obj/HAL/src/crt0.o
 .data          0x000164cc        0x0 obj/default/FIFO.o
 .data          0x000164cc       0x40 obj/default/quant.o
                0x000164cc                zigzag_table
 .data          0x0001650c        0x0 f:/altera/nios2eds/bin/gnu/h-i686-mingw32/bin/../lib/gcc/nios2-elf/4.7.3/mno-hw-mul\libgcc.a(lib2-mul.o)
 .data          0x0001650c        0x0 f:/altera/nios2eds/bin/gnu/h-i686-mingw32/bin/../lib/gcc/nios2-elf/4.7.3/../../../../../H-i686-mingw32/nios2-elf/lib/mno-hw-mul\libc.a(lib_a-memcpy.o)
 .data          0x0001650c        0x0 f:/altera/nios2eds/bin/gnu/h-i686-mingw32/bin/../lib/gcc/nios2-elf/4.7.3/../../../../../H-i686-mingw32/nios2-elf/lib/mno-hw-mul\libc.a(lib_a-puts.o)
 .data          0x0001650c        0x0 f:/altera/nios2eds/bin/gnu/h-i686-mingw32/bin/../lib/gcc/nios2-elf/4.7.3/../../../../../H-i686-mingw32/nios2-elf/lib/mno-hw-mul\libc.a(lib_a-strlen.o)
 .data          0x0001650c        0x0 f:/altera/nios2eds/bin/gnu/h-i686-mingw32/bin/../lib/gcc/nios2-elf/4.7.3/../../../../../H-i686-mingw32/nios2-elf/lib/mno-hw-mul\libc.a(lib_a-fvwrite.o)
 .data          0x0001650c      0x400 f:/altera/nios2eds/bin/gnu/h-i686-mingw32/bin/../lib/gcc/nios2-elf/4.7.3/../../../../../H-i686-mingw32/nios2-elf/lib/mno-hw-mul\libc.a(lib_a-impure.o)
 .data          0x0001690c      0x408 f:/altera/nios2eds/bin/gnu/h-i686-mingw32/bin/../lib/gcc/nios2-elf/4.7.3/../../../../../H-i686-mingw32/nios2-elf/lib/mno-hw-mul\libc.a(lib_a-mallocr.o)
                0x0001690c                __malloc_av_
 .data          0x00016d14        0x0 f:/altera/nios2eds/bin/gnu/h-i686-mingw32/bin/../lib/gcc/nios2-elf/4.7.3/../../../../../H-i686-mingw32/nios2-elf/lib/mno-hw-mul\libc.a(lib_a-memchr.o)
 .data          0x00016d14        0x0 f:/altera/nios2eds/bin/gnu/h-i686-mingw32/bin/../lib/gcc/nios2-elf/4.7.3/../../../../../H-i686-mingw32/nios2-elf/lib/mno-hw-mul\libc.a(lib_a-memmove.o)
 .data          0x00016d14        0x0 f:/altera/nios2eds/bin/gnu/h-i686-mingw32/bin/../lib/gcc/nios2-elf/4.7.3/../../../../../H-i686-mingw32/nios2-elf/lib/mno-hw-mul\libc.a(lib_a-reallocr.o)
 .data          0x00016d14        0x0 f:/altera/nios2eds/bin/gnu/h-i686-mingw32/bin/../lib/gcc/nios2-elf/4.7.3/../../../../../H-i686-mingw32/nios2-elf/lib/mno-hw-mul\libc.a(lib_a-sbrkr.o)
 .data          0x00016d14        0x0 f:/altera/nios2eds/bin/gnu/h-i686-mingw32/bin/../lib/gcc/nios2-elf/4.7.3/../../../../../H-i686-mingw32/nios2-elf/lib/mno-hw-mul\libc.a(lib_a-wsetup.o)
 .data          0x00016d14        0x0 f:/altera/nios2eds/bin/gnu/h-i686-mingw32/bin/../lib/gcc/nios2-elf/4.7.3/../../../../../H-i686-mingw32/nios2-elf/lib/mno-hw-mul\libc.a(lib_a-fflush.o)
 .data          0x00016d14        0x0 f:/altera/nios2eds/bin/gnu/h-i686-mingw32/bin/../lib/gcc/nios2-elf/4.7.3/../../../../../H-i686-mingw32/nios2-elf/lib/mno-hw-mul\libc.a(lib_a-findfp.o)
 .data          0x00016d14        0x0 f:/altera/nios2eds/bin/gnu/h-i686-mingw32/bin/../lib/gcc/nios2-elf/4.7.3/../../../../../H-i686-mingw32/nios2-elf/lib/mno-hw-mul\libc.a(lib_a-freer.o)
 .data          0x00016d14        0x0 f:/altera/nios2eds/bin/gnu/h-i686-mingw32/bin/../lib/gcc/nios2-elf/4.7.3/../../../../../H-i686-mingw32/nios2-elf/lib/mno-hw-mul\libc.a(lib_a-fwalk.o)
 .data          0x00016d14        0x0 f:/altera/nios2eds/bin/gnu/h-i686-mingw32/bin/../lib/gcc/nios2-elf/4.7.3/../../../../../H-i686-mingw32/nios2-elf/lib/mno-hw-mul\libc.a(lib_a-int_errno.o)
 .data          0x00016d14        0x0 f:/altera/nios2eds/bin/gnu/h-i686-mingw32/bin/../lib/gcc/nios2-elf/4.7.3/../../../../../H-i686-mingw32/nios2-elf/lib/mno-hw-mul\libc.a(lib_a-makebuf.o)
 .data          0x00016d14        0x0 f:/altera/nios2eds/bin/gnu/h-i686-mingw32/bin/../lib/gcc/nios2-elf/4.7.3/../../../../../H-i686-mingw32/nios2-elf/lib/mno-hw-mul\libc.a(lib_a-memset.o)
 .data          0x00016d14        0x0 f:/altera/nios2eds/bin/gnu/h-i686-mingw32/bin/../lib/gcc/nios2-elf/4.7.3/../../../../../H-i686-mingw32/nios2-elf/lib/mno-hw-mul\libc.a(lib_a-stdio.o)
 .data          0x00016d14        0x0 f:/altera/nios2eds/bin/gnu/h-i686-mingw32/bin/../lib/gcc/nios2-elf/4.7.3/../../../../../H-i686-mingw32/nios2-elf/lib/mno-hw-mul\libc.a(lib_a-writer.o)
 .data          0x00016d14        0x0 f:/altera/nios2eds/bin/gnu/h-i686-mingw32/bin/../lib/gcc/nios2-elf/4.7.3/../../../../../H-i686-mingw32/nios2-elf/lib/mno-hw-mul\libc.a(lib_a-closer.o)
 .data          0x00016d14        0x0 f:/altera/nios2eds/bin/gnu/h-i686-mingw32/bin/../lib/gcc/nios2-elf/4.7.3/../../../../../H-i686-mingw32/nios2-elf/lib/mno-hw-mul\libc.a(lib_a-fclose.o)
 .data          0x00016d14        0x0 f:/altera/nios2eds/bin/gnu/h-i686-mingw32/bin/../lib/gcc/nios2-elf/4.7.3/../../../../../H-i686-mingw32/nios2-elf/lib/mno-hw-mul\libc.a(lib_a-fstatr.o)
 .data          0x00016d14        0x0 f:/altera/nios2eds/bin/gnu/h-i686-mingw32/bin/../lib/gcc/nios2-elf/4.7.3/../../../../../H-i686-mingw32/nios2-elf/lib/mno-hw-mul\libc.a(lib_a-isattyr.o)
 .data          0x00016d14        0x0 f:/altera/nios2eds/bin/gnu/h-i686-mingw32/bin/../lib/gcc/nios2-elf/4.7.3/../../../../../H-i686-mingw32/nios2-elf/lib/mno-hw-mul\libc.a(lib_a-lseekr.o)
 .data          0x00016d14        0x0 f:/altera/nios2eds/bin/gnu/h-i686-mingw32/bin/../lib/gcc/nios2-elf/4.7.3/../../../../../H-i686-mingw32/nios2-elf/lib/mno-hw-mul\libc.a(lib_a-readr.o)
 .data          0x00016d14        0x0 ../cpu4_bsp/\libhal_bsp.a(alt_close.o)
 .data          0x00016d14      0x1a8 ../cpu4_bsp/\libhal_bsp.a(alt_dev.o)
                0x00016d14                alt_dev_null
                0x00016d3c                alt_fd_list
 .data          0x00016ebc        0x0 ../cpu4_bsp/\libhal_bsp.a(alt_errno.o)
 .data          0x00016ebc        0x0 ../cpu4_bsp/\libhal_bsp.a(alt_fstat.o)
 .data          0x00016ebc        0x0 ../cpu4_bsp/\libhal_bsp.a(alt_isatty.o)
 .data          0x00016ebc        0x0 ../cpu4_bsp/\libhal_bsp.a(alt_load.o)
 .data          0x00016ebc        0x0 ../cpu4_bsp/\libhal_bsp.a(alt_lseek.o)
 .data          0x00016ebc        0x0 ../cpu4_bsp/\libhal_bsp.a(alt_main.o)
 .data          0x00016ebc        0x0 ../cpu4_bsp/\libhal_bsp.a(alt_malloc_lock.o)
 .data          0x00016ebc        0x0 ../cpu4_bsp/\libhal_bsp.a(alt_read.o)
 .data          0x00016ebc        0x0 ../cpu4_bsp/\libhal_bsp.a(alt_release_fd.o)
 .data          0x00016ebc        0x0 ../cpu4_bsp/\libhal_bsp.a(alt_sbrk.o)
 .data          0x00016ebc        0x0 ../cpu4_bsp/\libhal_bsp.a(alt_write.o)
 .data          0x00016ebc     0x1060 ../cpu4_bsp/\libhal_bsp.a(alt_sys_init.o)
 .data          0x00017f1c        0x0 ../cpu4_bsp/\libhal_bsp.a(altera_avalon_fifo_util.o)
 .data          0x00017f1c        0x0 ../cpu4_bsp/\libhal_bsp.a(altera_avalon_jtag_uart_fd.o)
 .data          0x00017f1c        0x0 ../cpu4_bsp/\libhal_bsp.a(altera_avalon_jtag_uart_init.o)
 .data          0x00017f1c        0x0 ../cpu4_bsp/\libhal_bsp.a(altera_avalon_jtag_uart_ioctl.o)
 .data          0x00017f1c        0x0 ../cpu4_bsp/\libhal_bsp.a(altera_avalon_jtag_uart_read.o)
 .data          0x00017f1c        0x0 ../cpu4_bsp/\libhal_bsp.a(altera_avalon_jtag_uart_write.o)
 .data          0x00017f1c        0x0 ../cpu4_bsp/\libhal_bsp.a(altera_avalon_timer_sc.o)
 .data          0x00017f1c        0x0 ../cpu4_bsp/\libhal_bsp.a(alt_alarm_start.o)
 .data          0x00017f1c        0x0 ../cpu4_bsp/\libhal_bsp.a(alt_dcache_flush_all.o)
 .data          0x00017f1c        0x0 ../cpu4_bsp/\libhal_bsp.a(alt_dev_llist_insert.o)
 .data          0x00017f1c        0x0 ../cpu4_bsp/\libhal_bsp.a(alt_do_ctors.o)
 .data          0x00017f1c        0x0 ../cpu4_bsp/\libhal_bsp.a(alt_do_dtors.o)
 .data          0x00017f1c        0x0 ../cpu4_bsp/\libhal_bsp.a(alt_icache_flush_all.o)
 .data          0x00017f1c        0x0 ../cpu4_bsp/\libhal_bsp.a(alt_iic.o)
 .data          0x00017f1c        0x0 ../cpu4_bsp/\libhal_bsp.a(alt_iic_isr_register.o)
 .data          0x00017f1c        0x0 ../cpu4_bsp/\libhal_bsp.a(alt_io_redirect.o)
 .data          0x00017f1c        0x0 ../cpu4_bsp/\libhal_bsp.a(alt_irq_entry.o)
 .data          0x00017f1c        0x0 ../cpu4_bsp/\libhal_bsp.a(alt_irq_handler.o)
 .data          0x00017f1c        0x0 ../cpu4_bsp/\libhal_bsp.a(alt_irq_vars.o)
 .data          0x00017f1c        0x0 ../cpu4_bsp/\libhal_bsp.a(alt_open.o)
 .data          0x00017f1c        0x0 ../cpu4_bsp/\libhal_bsp.a(alt_tick.o)
 .data          0x00017f1c        0x0 ../cpu4_bsp/\libhal_bsp.a(altera_nios2_qsys_irq.o)
 .data          0x00017f1c        0x0 ../cpu4_bsp/\libhal_bsp.a(alt_exception_entry.o)
 .data          0x00017f1c        0x0 ../cpu4_bsp/\libhal_bsp.a(alt_find_dev.o)
 .data          0x00017f1c        0x0 ../cpu4_bsp/\libhal_bsp.a(alt_find_file.o)
 .data          0x00017f1c        0x0 ../cpu4_bsp/\libhal_bsp.a(alt_get_fd.o)
 .data          0x00017f1c        0x0 f:/altera/nios2eds/bin/gnu/h-i686-mingw32/bin/../lib/gcc/nios2-elf/4.7.3/../../../../../H-i686-mingw32/nios2-elf/lib/mno-hw-mul\libc.a(lib_a-atexit.o)
 .data          0x00017f1c        0x0 f:/altera/nios2eds/bin/gnu/h-i686-mingw32/bin/../lib/gcc/nios2-elf/4.7.3/../../../../../H-i686-mingw32/nios2-elf/lib/mno-hw-mul\libc.a(lib_a-exit.o)
 .data          0x00017f1c        0x0 f:/altera/nios2eds/bin/gnu/h-i686-mingw32/bin/../lib/gcc/nios2-elf/4.7.3/../../../../../H-i686-mingw32/nios2-elf/lib/mno-hw-mul\libc.a(lib_a-memcmp.o)
 .data          0x00017f1c        0x0 f:/altera/nios2eds/bin/gnu/h-i686-mingw32/bin/../lib/gcc/nios2-elf/4.7.3/../../../../../H-i686-mingw32/nios2-elf/lib/mno-hw-mul\libc.a(lib_a-__atexit.o)
 .data          0x00017f1c        0x0 f:/altera/nios2eds/bin/gnu/h-i686-mingw32/bin/../lib/gcc/nios2-elf/4.7.3/../../../../../H-i686-mingw32/nios2-elf/lib/mno-hw-mul\libc.a(lib_a-__call_atexit.o)
 .data          0x00017f1c        0x0 ../cpu4_bsp/\libhal_bsp.a(alt_exit.o)
                0x0001ff1c                _gp = ABSOLUTE ((. + 0x8000))
                0x0001ff1c                PROVIDE (gp, _gp)
 *(.rwdata .rwdata.*)
 *(.sdata .sdata.* .gnu.linkonce.s.*)
 .sdata         0x00017f1c        0x8 f:/altera/nios2eds/bin/gnu/h-i686-mingw32/bin/../lib/gcc/nios2-elf/4.7.3/../../../../../H-i686-mingw32/nios2-elf/lib/mno-hw-mul\libc.a(lib_a-impure.o)
                0x00017f1c                _global_impure_ptr
                0x00017f20                _impure_ptr
 .sdata         0x00017f24        0x8 f:/altera/nios2eds/bin/gnu/h-i686-mingw32/bin/../lib/gcc/nios2-elf/4.7.3/../../../../../H-i686-mingw32/nios2-elf/lib/mno-hw-mul\libc.a(lib_a-mallocr.o)
                0x00017f24                __malloc_sbrk_base
                0x00017f28                __malloc_trim_threshold
 .sdata         0x00017f2c       0x14 ../cpu4_bsp/\libhal_bsp.a(alt_dev.o)
                0x00017f2c                alt_fs_list
                0x00017f34                alt_dev_list
                0x00017f3c                alt_max_fd
 .sdata         0x00017f40        0x4 ../cpu4_bsp/\libhal_bsp.a(alt_errno.o)
                0x00017f40                alt_errno
 .sdata         0x00017f44        0x4 ../cpu4_bsp/\libhal_bsp.a(alt_sbrk.o)
 .sdata         0x00017f48        0x4 ../cpu4_bsp/\libhal_bsp.a(alt_irq_vars.o)
                0x00017f48                alt_priority_mask
 .sdata         0x00017f4c        0x8 ../cpu4_bsp/\libhal_bsp.a(alt_tick.o)
                0x00017f4c                alt_alarm_list
 *(.sdata2 .sdata2.* .gnu.linkonce.s2.*)
                0x00017f54                . = ALIGN (0x4)
                0x00017f54                _edata = ABSOLUTE (.)
                0x00017f54                PROVIDE (edata, ABSOLUTE (.))
                0x00017f54                PROVIDE (__ram_rwdata_end, ABSOLUTE (.))
                0x00017f54                PROVIDE (__flash_rwdata_start, LOADADDR (.rwdata))

.bss            0x000199dc      0x4e0
                0x000199dc                __bss_start = ABSOLUTE (.)
                0x000199dc                PROVIDE (__sbss_start, ABSOLUTE (.))
                0x000199dc                PROVIDE (___sbss_start, ABSOLUTE (.))
 *(.dynsbss)
 *(.sbss .sbss.* .gnu.linkonce.sb.*)
 .sbss          0x000199dc        0xc f:/altera/nios2eds/bin/gnu/h-i686-mingw32/bin/../lib/gcc/nios2-elf/4.7.3/../../../../../H-i686-mingw32/nios2-elf/lib/mno-hw-mul\libc.a(lib_a-mallocr.o)
                0x000199dc                __malloc_max_total_mem
                0x000199e0                __malloc_max_sbrked_mem
                0x000199e4                __malloc_top_pad
 .sbss          0x000199e8        0x4 f:/altera/nios2eds/bin/gnu/h-i686-mingw32/bin/../lib/gcc/nios2-elf/4.7.3/../../../../../H-i686-mingw32/nios2-elf/lib/mno-hw-mul\libc.a(lib_a-int_errno.o)
                0x000199e8                errno
 .sbss          0x000199ec        0xc ../cpu4_bsp/\libhal_bsp.a(alt_main.o)
                0x000199ec                alt_argc
                0x000199f0                alt_argv
                0x000199f4                alt_envp
 .sbss          0x000199f8        0x4 ../cpu4_bsp/\libhal_bsp.a(alt_irq_vars.o)
                0x000199f8                alt_irq_active
 .sbss          0x000199fc        0x8 ../cpu4_bsp/\libhal_bsp.a(alt_tick.o)
                0x000199fc                _alt_tick_rate
                0x00019a00                _alt_nticks
 *(.sbss2 .sbss2.* .gnu.linkonce.sb2.*)
 *(.scommon)
                0x00019a04                PROVIDE (__sbss_end, ABSOLUTE (.))
                0x00019a04                PROVIDE (___sbss_end, ABSOLUTE (.))
 *(.dynbss)
 *(.bss .bss.* .gnu.linkonce.b.*)
 .bss           0x00019a04        0x0 ../cpu4_bsp//obj/HAL/src/crt0.o
 .bss           0x00019a04        0x0 obj/default/FIFO.o
 .bss           0x00019a04        0x0 obj/default/quant.o
 .bss           0x00019a04        0x0 f:/altera/nios2eds/bin/gnu/h-i686-mingw32/bin/../lib/gcc/nios2-elf/4.7.3/mno-hw-mul\libgcc.a(lib2-mul.o)
 .bss           0x00019a04        0x0 f:/altera/nios2eds/bin/gnu/h-i686-mingw32/bin/../lib/gcc/nios2-elf/4.7.3/../../../../../H-i686-mingw32/nios2-elf/lib/mno-hw-mul\libc.a(lib_a-memcpy.o)
 .bss           0x00019a04        0x0 f:/altera/nios2eds/bin/gnu/h-i686-mingw32/bin/../lib/gcc/nios2-elf/4.7.3/../../../../../H-i686-mingw32/nios2-elf/lib/mno-hw-mul\libc.a(lib_a-puts.o)
 .bss           0x00019a04        0x0 f:/altera/nios2eds/bin/gnu/h-i686-mingw32/bin/../lib/gcc/nios2-elf/4.7.3/../../../../../H-i686-mingw32/nios2-elf/lib/mno-hw-mul\libc.a(lib_a-strlen.o)
 .bss           0x00019a04        0x0 f:/altera/nios2eds/bin/gnu/h-i686-mingw32/bin/../lib/gcc/nios2-elf/4.7.3/../../../../../H-i686-mingw32/nios2-elf/lib/mno-hw-mul\libc.a(lib_a-fvwrite.o)
 .bss           0x00019a04        0x0 f:/altera/nios2eds/bin/gnu/h-i686-mingw32/bin/../lib/gcc/nios2-elf/4.7.3/../../../../../H-i686-mingw32/nios2-elf/lib/mno-hw-mul\libc.a(lib_a-impure.o)
 .bss           0x00019a04       0x28 f:/altera/nios2eds/bin/gnu/h-i686-mingw32/bin/../lib/gcc/nios2-elf/4.7.3/../../../../../H-i686-mingw32/nios2-elf/lib/mno-hw-mul\libc.a(lib_a-mallocr.o)
                0x00019a04                __malloc_current_mallinfo
 .bss           0x00019a2c        0x0 f:/altera/nios2eds/bin/gnu/h-i686-mingw32/bin/../lib/gcc/nios2-elf/4.7.3/../../../../../H-i686-mingw32/nios2-elf/lib/mno-hw-mul\libc.a(lib_a-memchr.o)
 .bss           0x00019a2c        0x0 f:/altera/nios2eds/bin/gnu/h-i686-mingw32/bin/../lib/gcc/nios2-elf/4.7.3/../../../../../H-i686-mingw32/nios2-elf/lib/mno-hw-mul\libc.a(lib_a-memmove.o)
 .bss           0x00019a2c        0x0 f:/altera/nios2eds/bin/gnu/h-i686-mingw32/bin/../lib/gcc/nios2-elf/4.7.3/../../../../../H-i686-mingw32/nios2-elf/lib/mno-hw-mul\libc.a(lib_a-reallocr.o)
 .bss           0x00019a2c        0x0 f:/altera/nios2eds/bin/gnu/h-i686-mingw32/bin/../lib/gcc/nios2-elf/4.7.3/../../../../../H-i686-mingw32/nios2-elf/lib/mno-hw-mul\libc.a(lib_a-sbrkr.o)
 .bss           0x00019a2c        0x0 f:/altera/nios2eds/bin/gnu/h-i686-mingw32/bin/../lib/gcc/nios2-elf/4.7.3/../../../../../H-i686-mingw32/nios2-elf/lib/mno-hw-mul\libc.a(lib_a-wsetup.o)
 .bss           0x00019a2c        0x0 f:/altera/nios2eds/bin/gnu/h-i686-mingw32/bin/../lib/gcc/nios2-elf/4.7.3/../../../../../H-i686-mingw32/nios2-elf/lib/mno-hw-mul\libc.a(lib_a-fflush.o)
 .bss           0x00019a2c        0x0 f:/altera/nios2eds/bin/gnu/h-i686-mingw32/bin/../lib/gcc/nios2-elf/4.7.3/../../../../../H-i686-mingw32/nios2-elf/lib/mno-hw-mul\libc.a(lib_a-findfp.o)
 .bss           0x00019a2c        0x0 f:/altera/nios2eds/bin/gnu/h-i686-mingw32/bin/../lib/gcc/nios2-elf/4.7.3/../../../../../H-i686-mingw32/nios2-elf/lib/mno-hw-mul\libc.a(lib_a-freer.o)
 .bss           0x00019a2c        0x0 f:/altera/nios2eds/bin/gnu/h-i686-mingw32/bin/../lib/gcc/nios2-elf/4.7.3/../../../../../H-i686-mingw32/nios2-elf/lib/mno-hw-mul\libc.a(lib_a-fwalk.o)
 .bss           0x00019a2c        0x0 f:/altera/nios2eds/bin/gnu/h-i686-mingw32/bin/../lib/gcc/nios2-elf/4.7.3/../../../../../H-i686-mingw32/nios2-elf/lib/mno-hw-mul\libc.a(lib_a-int_errno.o)
 .bss           0x00019a2c        0x0 f:/altera/nios2eds/bin/gnu/h-i686-mingw32/bin/../lib/gcc/nios2-elf/4.7.3/../../../../../H-i686-mingw32/nios2-elf/lib/mno-hw-mul\libc.a(lib_a-makebuf.o)
 .bss           0x00019a2c        0x0 f:/altera/nios2eds/bin/gnu/h-i686-mingw32/bin/../lib/gcc/nios2-elf/4.7.3/../../../../../H-i686-mingw32/nios2-elf/lib/mno-hw-mul\libc.a(lib_a-memset.o)
 .bss           0x00019a2c        0x0 f:/altera/nios2eds/bin/gnu/h-i686-mingw32/bin/../lib/gcc/nios2-elf/4.7.3/../../../../../H-i686-mingw32/nios2-elf/lib/mno-hw-mul\libc.a(lib_a-stdio.o)
 .bss           0x00019a2c        0x0 f:/altera/nios2eds/bin/gnu/h-i686-mingw32/bin/../lib/gcc/nios2-elf/4.7.3/../../../../../H-i686-mingw32/nios2-elf/lib/mno-hw-mul\libc.a(lib_a-writer.o)
 .bss           0x00019a2c        0x0 f:/altera/nios2eds/bin/gnu/h-i686-mingw32/bin/../lib/gcc/nios2-elf/4.7.3/../../../../../H-i686-mingw32/nios2-elf/lib/mno-hw-mul\libc.a(lib_a-closer.o)
 .bss           0x00019a2c        0x0 f:/altera/nios2eds/bin/gnu/h-i686-mingw32/bin/../lib/gcc/nios2-elf/4.7.3/../../../../../H-i686-mingw32/nios2-elf/lib/mno-hw-mul\libc.a(lib_a-fclose.o)
 .bss           0x00019a2c        0x0 f:/altera/nios2eds/bin/gnu/h-i686-mingw32/bin/../lib/gcc/nios2-elf/4.7.3/../../../../../H-i686-mingw32/nios2-elf/lib/mno-hw-mul\libc.a(lib_a-fstatr.o)
 .bss           0x00019a2c        0x0 f:/altera/nios2eds/bin/gnu/h-i686-mingw32/bin/../lib/gcc/nios2-elf/4.7.3/../../../../../H-i686-mingw32/nios2-elf/lib/mno-hw-mul\libc.a(lib_a-isattyr.o)
 .bss           0x00019a2c        0x0 f:/altera/nios2eds/bin/gnu/h-i686-mingw32/bin/../lib/gcc/nios2-elf/4.7.3/../../../../../H-i686-mingw32/nios2-elf/lib/mno-hw-mul\libc.a(lib_a-lseekr.o)
 .bss           0x00019a2c        0x0 f:/altera/nios2eds/bin/gnu/h-i686-mingw32/bin/../lib/gcc/nios2-elf/4.7.3/../../../../../H-i686-mingw32/nios2-elf/lib/mno-hw-mul\libc.a(lib_a-readr.o)
 .bss           0x00019a2c        0x0 ../cpu4_bsp/\libhal_bsp.a(alt_close.o)
 .bss           0x00019a2c        0x0 ../cpu4_bsp/\libhal_bsp.a(alt_dev.o)
 .bss           0x00019a2c        0x0 ../cpu4_bsp/\libhal_bsp.a(alt_errno.o)
 .bss           0x00019a2c        0x0 ../cpu4_bsp/\libhal_bsp.a(alt_fstat.o)
 .bss           0x00019a2c        0x0 ../cpu4_bsp/\libhal_bsp.a(alt_isatty.o)
 .bss           0x00019a2c        0x0 ../cpu4_bsp/\libhal_bsp.a(alt_load.o)
 .bss           0x00019a2c        0x0 ../cpu4_bsp/\libhal_bsp.a(alt_lseek.o)
 .bss           0x00019a2c        0x0 ../cpu4_bsp/\libhal_bsp.a(alt_main.o)
 .bss           0x00019a2c        0x0 ../cpu4_bsp/\libhal_bsp.a(alt_malloc_lock.o)
 .bss           0x00019a2c        0x0 ../cpu4_bsp/\libhal_bsp.a(alt_read.o)
 .bss           0x00019a2c        0x0 ../cpu4_bsp/\libhal_bsp.a(alt_release_fd.o)
 .bss           0x00019a2c        0x0 ../cpu4_bsp/\libhal_bsp.a(alt_sbrk.o)
 .bss           0x00019a2c        0x0 ../cpu4_bsp/\libhal_bsp.a(alt_write.o)
 .bss           0x00019a2c        0x0 ../cpu4_bsp/\libhal_bsp.a(alt_sys_init.o)
 .bss           0x00019a2c        0x0 ../cpu4_bsp/\libhal_bsp.a(altera_avalon_fifo_util.o)
 .bss           0x00019a2c        0x0 ../cpu4_bsp/\libhal_bsp.a(altera_avalon_jtag_uart_fd.o)
 .bss           0x00019a2c        0x0 ../cpu4_bsp/\libhal_bsp.a(altera_avalon_jtag_uart_init.o)
 .bss           0x00019a2c        0x0 ../cpu4_bsp/\libhal_bsp.a(altera_avalon_jtag_uart_ioctl.o)
 .bss           0x00019a2c        0x0 ../cpu4_bsp/\libhal_bsp.a(altera_avalon_jtag_uart_read.o)
 .bss           0x00019a2c        0x0 ../cpu4_bsp/\libhal_bsp.a(altera_avalon_jtag_uart_write.o)
 .bss           0x00019a2c        0x0 ../cpu4_bsp/\libhal_bsp.a(altera_avalon_timer_sc.o)
 .bss           0x00019a2c        0x0 ../cpu4_bsp/\libhal_bsp.a(alt_alarm_start.o)
 .bss           0x00019a2c        0x0 ../cpu4_bsp/\libhal_bsp.a(alt_dcache_flush_all.o)
 .bss           0x00019a2c        0x0 ../cpu4_bsp/\libhal_bsp.a(alt_dev_llist_insert.o)
 .bss           0x00019a2c        0x0 ../cpu4_bsp/\libhal_bsp.a(alt_do_ctors.o)
 .bss           0x00019a2c        0x0 ../cpu4_bsp/\libhal_bsp.a(alt_do_dtors.o)
 .bss           0x00019a2c        0x0 ../cpu4_bsp/\libhal_bsp.a(alt_icache_flush_all.o)
 .bss           0x00019a2c        0x0 ../cpu4_bsp/\libhal_bsp.a(alt_iic.o)
 .bss           0x00019a2c        0x0 ../cpu4_bsp/\libhal_bsp.a(alt_iic_isr_register.o)
 .bss           0x00019a2c        0x0 ../cpu4_bsp/\libhal_bsp.a(alt_io_redirect.o)
 .bss           0x00019a2c        0x0 ../cpu4_bsp/\libhal_bsp.a(alt_irq_entry.o)
 .bss           0x00019a2c        0x0 ../cpu4_bsp/\libhal_bsp.a(alt_irq_handler.o)
 .bss           0x00019a2c        0x0 ../cpu4_bsp/\libhal_bsp.a(alt_irq_vars.o)
 .bss           0x00019a2c        0x0 ../cpu4_bsp/\libhal_bsp.a(alt_open.o)
 .bss           0x00019a2c        0x0 ../cpu4_bsp/\libhal_bsp.a(alt_tick.o)
 .bss           0x00019a2c        0x0 ../cpu4_bsp/\libhal_bsp.a(altera_nios2_qsys_irq.o)
 .bss           0x00019a2c        0x0 ../cpu4_bsp/\libhal_bsp.a(alt_exception_entry.o)
 .bss           0x00019a2c        0x0 ../cpu4_bsp/\libhal_bsp.a(alt_find_dev.o)
 .bss           0x00019a2c        0x0 ../cpu4_bsp/\libhal_bsp.a(alt_find_file.o)
 .bss           0x00019a2c        0x0 ../cpu4_bsp/\libhal_bsp.a(alt_get_fd.o)
 .bss           0x00019a2c        0x0 f:/altera/nios2eds/bin/gnu/h-i686-mingw32/bin/../lib/gcc/nios2-elf/4.7.3/../../../../../H-i686-mingw32/nios2-elf/lib/mno-hw-mul\libc.a(lib_a-atexit.o)
 .bss           0x00019a2c        0x0 f:/altera/nios2eds/bin/gnu/h-i686-mingw32/bin/../lib/gcc/nios2-elf/4.7.3/../../../../../H-i686-mingw32/nios2-elf/lib/mno-hw-mul\libc.a(lib_a-exit.o)
 .bss           0x00019a2c        0x0 f:/altera/nios2eds/bin/gnu/h-i686-mingw32/bin/../lib/gcc/nios2-elf/4.7.3/../../../../../H-i686-mingw32/nios2-elf/lib/mno-hw-mul\libc.a(lib_a-memcmp.o)
 .bss           0x00019a2c        0x0 f:/altera/nios2eds/bin/gnu/h-i686-mingw32/bin/../lib/gcc/nios2-elf/4.7.3/../../../../../H-i686-mingw32/nios2-elf/lib/mno-hw-mul\libc.a(lib_a-__atexit.o)
 .bss           0x00019a2c        0x0 f:/altera/nios2eds/bin/gnu/h-i686-mingw32/bin/../lib/gcc/nios2-elf/4.7.3/../../../../../H-i686-mingw32/nios2-elf/lib/mno-hw-mul\libc.a(lib_a-__call_atexit.o)
 .bss           0x00019a2c        0x0 ../cpu4_bsp/\libhal_bsp.a(alt_exit.o)
 *(COMMON)
 COMMON         0x00019a2c      0x200 obj/default/quant.o
                0x00019a2c                Temp
                0x00019aac                Lqt
                0x00019aec                ILqt
                0x00019b6c                Cqt
                0x00019bac                ICqt
 COMMON         0x00019c2c      0x100 ../cpu4_bsp/\libhal_bsp.a(alt_irq_handler.o)
                0x00019c2c                alt_irq
 COMMON         0x00019d2c      0x190 f:/altera/nios2eds/bin/gnu/h-i686-mingw32/bin/../lib/gcc/nios2-elf/4.7.3/../../../../../H-i686-mingw32/nios2-elf/lib/mno-hw-mul\libc.a(lib_a-atexit.o)
                0x00019d2c                _atexit0
                0x00019ebc                . = ALIGN (0x4)
                0x00019ebc                __bss_end = ABSOLUTE (.)

.mem4           0x00019ebc        0x0
                0x00019ebc                PROVIDE (_alt_partition_mem4_start, ABSOLUTE (.))
 *(.mem4 .mem4. mem4.*)
                0x00019ebc                . = ALIGN (0x4)
                0x00019ebc                PROVIDE (_alt_partition_mem4_end, ABSOLUTE (.))
                0x00019ebc                _end = ABSOLUTE (.)
                0x00019ebc                end = ABSOLUTE (.)
                0x00019ebc                __alt_stack_base = ABSOLUTE (.)
                0x00019ebc                PROVIDE (_alt_partition_mem4_load_addr, LOADADDR (.mem4))

.stab
 *(.stab)

.stabstr
 *(.stabstr)

.stab.excl
 *(.stab.excl)

.stab.exclstr
 *(.stab.exclstr)

.stab.index
 *(.stab.index)

.stab.indexstr
 *(.stab.indexstr)

.comment        0x00000000       0x23
 *(.comment)
 .comment       0x00000000       0x23 obj/default/FIFO.o
                                 0x24 (size before relaxing)
 .comment       0x00000000       0x24 obj/default/quant.o
 .comment       0x00000000       0x24 f:/altera/nios2eds/bin/gnu/h-i686-mingw32/bin/../lib/gcc/nios2-elf/4.7.3/mno-hw-mul\libgcc.a(lib2-mul.o)
 .comment       0x00000000       0x24 f:/altera/nios2eds/bin/gnu/h-i686-mingw32/bin/../lib/gcc/nios2-elf/4.7.3/../../../../../H-i686-mingw32/nios2-elf/lib/mno-hw-mul\libc.a(lib_a-memcpy.o)
 .comment       0x00000000       0x24 f:/altera/nios2eds/bin/gnu/h-i686-mingw32/bin/../lib/gcc/nios2-elf/4.7.3/../../../../../H-i686-mingw32/nios2-elf/lib/mno-hw-mul\libc.a(lib_a-puts.o)
 .comment       0x00000000       0x24 f:/altera/nios2eds/bin/gnu/h-i686-mingw32/bin/../lib/gcc/nios2-elf/4.7.3/../../../../../H-i686-mingw32/nios2-elf/lib/mno-hw-mul\libc.a(lib_a-strlen.o)
 .comment       0x00000000       0x24 f:/altera/nios2eds/bin/gnu/h-i686-mingw32/bin/../lib/gcc/nios2-elf/4.7.3/../../../../../H-i686-mingw32/nios2-elf/lib/mno-hw-mul\libc.a(lib_a-fvwrite.o)
 .comment       0x00000000       0x24 f:/altera/nios2eds/bin/gnu/h-i686-mingw32/bin/../lib/gcc/nios2-elf/4.7.3/../../../../../H-i686-mingw32/nios2-elf/lib/mno-hw-mul\libc.a(lib_a-impure.o)
 .comment       0x00000000       0x24 f:/altera/nios2eds/bin/gnu/h-i686-mingw32/bin/../lib/gcc/nios2-elf/4.7.3/../../../../../H-i686-mingw32/nios2-elf/lib/mno-hw-mul\libc.a(lib_a-mallocr.o)
 .comment       0x00000000       0x24 f:/altera/nios2eds/bin/gnu/h-i686-mingw32/bin/../lib/gcc/nios2-elf/4.7.3/../../../../../H-i686-mingw32/nios2-elf/lib/mno-hw-mul\libc.a(lib_a-memchr.o)
 .comment       0x00000000       0x24 f:/altera/nios2eds/bin/gnu/h-i686-mingw32/bin/../lib/gcc/nios2-elf/4.7.3/../../../../../H-i686-mingw32/nios2-elf/lib/mno-hw-mul\libc.a(lib_a-memmove.o)
 .comment       0x00000000       0x24 f:/altera/nios2eds/bin/gnu/h-i686-mingw32/bin/../lib/gcc/nios2-elf/4.7.3/../../../../../H-i686-mingw32/nios2-elf/lib/mno-hw-mul\libc.a(lib_a-reallocr.o)
 .comment       0x00000000       0x24 f:/altera/nios2eds/bin/gnu/h-i686-mingw32/bin/../lib/gcc/nios2-elf/4.7.3/../../../../../H-i686-mingw32/nios2-elf/lib/mno-hw-mul\libc.a(lib_a-sbrkr.o)
 .comment       0x00000000       0x24 f:/altera/nios2eds/bin/gnu/h-i686-mingw32/bin/../lib/gcc/nios2-elf/4.7.3/../../../../../H-i686-mingw32/nios2-elf/lib/mno-hw-mul\libc.a(lib_a-wsetup.o)
 .comment       0x00000000       0x24 f:/altera/nios2eds/bin/gnu/h-i686-mingw32/bin/../lib/gcc/nios2-elf/4.7.3/../../../../../H-i686-mingw32/nios2-elf/lib/mno-hw-mul\libc.a(lib_a-fflush.o)
 .comment       0x00000000       0x24 f:/altera/nios2eds/bin/gnu/h-i686-mingw32/bin/../lib/gcc/nios2-elf/4.7.3/../../../../../H-i686-mingw32/nios2-elf/lib/mno-hw-mul\libc.a(lib_a-findfp.o)
 .comment       0x00000000       0x24 f:/altera/nios2eds/bin/gnu/h-i686-mingw32/bin/../lib/gcc/nios2-elf/4.7.3/../../../../../H-i686-mingw32/nios2-elf/lib/mno-hw-mul\libc.a(lib_a-freer.o)
 .comment       0x00000000       0x24 f:/altera/nios2eds/bin/gnu/h-i686-mingw32/bin/../lib/gcc/nios2-elf/4.7.3/../../../../../H-i686-mingw32/nios2-elf/lib/mno-hw-mul\libc.a(lib_a-fwalk.o)
 .comment       0x00000000       0x24 f:/altera/nios2eds/bin/gnu/h-i686-mingw32/bin/../lib/gcc/nios2-elf/4.7.3/../../../../../H-i686-mingw32/nios2-elf/lib/mno-hw-mul\libc.a(lib_a-int_errno.o)
 .comment       0x00000000       0x24 f:/altera/nios2eds/bin/gnu/h-i686-mingw32/bin/../lib/gcc/nios2-elf/4.7.3/../../../../../H-i686-mingw32/nios2-elf/lib/mno-hw-mul\libc.a(lib_a-makebuf.o)
 .comment       0x00000000       0x24 f:/altera/nios2eds/bin/gnu/h-i686-mingw32/bin/../lib/gcc/nios2-elf/4.7.3/../../../../../H-i686-mingw32/nios2-elf/lib/mno-hw-mul\libc.a(lib_a-memset.o)
 .comment       0x00000000       0x24 f:/altera/nios2eds/bin/gnu/h-i686-mingw32/bin/../lib/gcc/nios2-elf/4.7.3/../../../../../H-i686-mingw32/nios2-elf/lib/mno-hw-mul\libc.a(lib_a-stdio.o)
 .comment       0x00000000       0x24 f:/altera/nios2eds/bin/gnu/h-i686-mingw32/bin/../lib/gcc/nios2-elf/4.7.3/../../../../../H-i686-mingw32/nios2-elf/lib/mno-hw-mul\libc.a(lib_a-writer.o)
 .comment       0x00000000       0x24 f:/altera/nios2eds/bin/gnu/h-i686-mingw32/bin/../lib/gcc/nios2-elf/4.7.3/../../../../../H-i686-mingw32/nios2-elf/lib/mno-hw-mul\libc.a(lib_a-closer.o)
 .comment       0x00000000       0x24 f:/altera/nios2eds/bin/gnu/h-i686-mingw32/bin/../lib/gcc/nios2-elf/4.7.3/../../../../../H-i686-mingw32/nios2-elf/lib/mno-hw-mul\libc.a(lib_a-fclose.o)
 .comment       0x00000000       0x24 f:/altera/nios2eds/bin/gnu/h-i686-mingw32/bin/../lib/gcc/nios2-elf/4.7.3/../../../../../H-i686-mingw32/nios2-elf/lib/mno-hw-mul\libc.a(lib_a-fstatr.o)
 .comment       0x00000000       0x24 f:/altera/nios2eds/bin/gnu/h-i686-mingw32/bin/../lib/gcc/nios2-elf/4.7.3/../../../../../H-i686-mingw32/nios2-elf/lib/mno-hw-mul\libc.a(lib_a-isattyr.o)
 .comment       0x00000000       0x24 f:/altera/nios2eds/bin/gnu/h-i686-mingw32/bin/../lib/gcc/nios2-elf/4.7.3/../../../../../H-i686-mingw32/nios2-elf/lib/mno-hw-mul\libc.a(lib_a-lseekr.o)
 .comment       0x00000000       0x24 f:/altera/nios2eds/bin/gnu/h-i686-mingw32/bin/../lib/gcc/nios2-elf/4.7.3/../../../../../H-i686-mingw32/nios2-elf/lib/mno-hw-mul\libc.a(lib_a-readr.o)
 .comment       0x00000000       0x24 ../cpu4_bsp/\libhal_bsp.a(alt_close.o)
 .comment       0x00000000       0x24 ../cpu4_bsp/\libhal_bsp.a(alt_dev.o)
 .comment       0x00000000       0x24 ../cpu4_bsp/\libhal_bsp.a(alt_errno.o)
 .comment       0x00000000       0x24 ../cpu4_bsp/\libhal_bsp.a(alt_fstat.o)
 .comment       0x00000000       0x24 ../cpu4_bsp/\libhal_bsp.a(alt_isatty.o)
 .comment       0x00000000       0x24 ../cpu4_bsp/\libhal_bsp.a(alt_load.o)
 .comment       0x00000000       0x24 ../cpu4_bsp/\libhal_bsp.a(alt_lseek.o)
 .comment       0x00000000       0x24 ../cpu4_bsp/\libhal_bsp.a(alt_main.o)
 .comment       0x00000000       0x24 ../cpu4_bsp/\libhal_bsp.a(alt_malloc_lock.o)
 .comment       0x00000000       0x24 ../cpu4_bsp/\libhal_bsp.a(alt_read.o)
 .comment       0x00000000       0x24 ../cpu4_bsp/\libhal_bsp.a(alt_release_fd.o)
 .comment       0x00000000       0x24 ../cpu4_bsp/\libhal_bsp.a(alt_sbrk.o)
 .comment       0x00000000       0x24 ../cpu4_bsp/\libhal_bsp.a(alt_write.o)
 .comment       0x00000000       0x24 ../cpu4_bsp/\libhal_bsp.a(alt_sys_init.o)
 .comment       0x00000000       0x24 ../cpu4_bsp/\libhal_bsp.a(altera_avalon_fifo_util.o)
 .comment       0x00000000       0x24 ../cpu4_bsp/\libhal_bsp.a(altera_avalon_jtag_uart_fd.o)
 .comment       0x00000000       0x24 ../cpu4_bsp/\libhal_bsp.a(altera_avalon_jtag_uart_init.o)
 .comment       0x00000000       0x24 ../cpu4_bsp/\libhal_bsp.a(altera_avalon_jtag_uart_ioctl.o)
 .comment       0x00000000       0x24 ../cpu4_bsp/\libhal_bsp.a(altera_avalon_jtag_uart_read.o)
 .comment       0x00000000       0x24 ../cpu4_bsp/\libhal_bsp.a(altera_avalon_jtag_uart_write.o)
 .comment       0x00000000       0x24 ../cpu4_bsp/\libhal_bsp.a(altera_avalon_timer_sc.o)
 .comment       0x00000000       0x24 ../cpu4_bsp/\libhal_bsp.a(alt_alarm_start.o)
 .comment       0x00000000       0x24 ../cpu4_bsp/\libhal_bsp.a(alt_dcache_flush_all.o)
 .comment       0x00000000       0x24 ../cpu4_bsp/\libhal_bsp.a(alt_dev_llist_insert.o)
 .comment       0x00000000       0x24 ../cpu4_bsp/\libhal_bsp.a(alt_do_ctors.o)
 .comment       0x00000000       0x24 ../cpu4_bsp/\libhal_bsp.a(alt_do_dtors.o)
 .comment       0x00000000       0x24 ../cpu4_bsp/\libhal_bsp.a(alt_icache_flush_all.o)
 .comment       0x00000000       0x24 ../cpu4_bsp/\libhal_bsp.a(alt_iic.o)
 .comment       0x00000000       0x24 ../cpu4_bsp/\libhal_bsp.a(alt_iic_isr_register.o)
 .comment       0x00000000       0x24 ../cpu4_bsp/\libhal_bsp.a(alt_io_redirect.o)
 .comment       0x00000000       0x24 ../cpu4_bsp/\libhal_bsp.a(alt_irq_handler.o)
 .comment       0x00000000       0x24 ../cpu4_bsp/\libhal_bsp.a(alt_irq_vars.o)
 .comment       0x00000000       0x24 ../cpu4_bsp/\libhal_bsp.a(alt_open.o)
 .comment       0x00000000       0x24 ../cpu4_bsp/\libhal_bsp.a(alt_tick.o)
 .comment       0x00000000       0x24 ../cpu4_bsp/\libhal_bsp.a(altera_nios2_qsys_irq.o)
 .comment       0x00000000       0x24 ../cpu4_bsp/\libhal_bsp.a(alt_find_dev.o)
 .comment       0x00000000       0x24 ../cpu4_bsp/\libhal_bsp.a(alt_find_file.o)
 .comment       0x00000000       0x24 ../cpu4_bsp/\libhal_bsp.a(alt_get_fd.o)
 .comment       0x00000000       0x24 f:/altera/nios2eds/bin/gnu/h-i686-mingw32/bin/../lib/gcc/nios2-elf/4.7.3/../../../../../H-i686-mingw32/nios2-elf/lib/mno-hw-mul\libc.a(lib_a-atexit.o)
 .comment       0x00000000       0x24 f:/altera/nios2eds/bin/gnu/h-i686-mingw32/bin/../lib/gcc/nios2-elf/4.7.3/../../../../../H-i686-mingw32/nios2-elf/lib/mno-hw-mul\libc.a(lib_a-exit.o)
 .comment       0x00000000       0x24 f:/altera/nios2eds/bin/gnu/h-i686-mingw32/bin/../lib/gcc/nios2-elf/4.7.3/../../../../../H-i686-mingw32/nios2-elf/lib/mno-hw-mul\libc.a(lib_a-memcmp.o)
 .comment       0x00000000       0x24 f:/altera/nios2eds/bin/gnu/h-i686-mingw32/bin/../lib/gcc/nios2-elf/4.7.3/../../../../../H-i686-mingw32/nios2-elf/lib/mno-hw-mul\libc.a(lib_a-__atexit.o)
 .comment       0x00000000       0x24 f:/altera/nios2eds/bin/gnu/h-i686-mingw32/bin/../lib/gcc/nios2-elf/4.7.3/../../../../../H-i686-mingw32/nios2-elf/lib/mno-hw-mul\libc.a(lib_a-__call_atexit.o)
 .comment       0x00000000       0x24 ../cpu4_bsp/\libhal_bsp.a(alt_exit.o)

.debug
 *(.debug)

.line
 *(.line)

.debug_srcinfo
 *(.debug_srcinfo)

.debug_sfnames
 *(.debug_sfnames)

.debug_aranges  0x00000000      0x990
 *(.debug_aranges)
 .debug_aranges
                0x00000000       0x28 ../cpu4_bsp//obj/HAL/src/crt0.o
 .debug_aranges
                0x00000028       0x20 obj/default/FIFO.o
 .debug_aranges
                0x00000048       0x20 obj/default/quant.o
 .debug_aranges
                0x00000068       0x20 f:/altera/nios2eds/bin/gnu/h-i686-mingw32/bin/../lib/gcc/nios2-elf/4.7.3/mno-hw-mul\libgcc.a(lib2-mul.o)
 .debug_aranges
                0x00000088       0x20 f:/altera/nios2eds/bin/gnu/h-i686-mingw32/bin/../lib/gcc/nios2-elf/4.7.3/../../../../../H-i686-mingw32/nios2-elf/lib/mno-hw-mul\libc.a(lib_a-memcpy.o)
 .debug_aranges
                0x000000a8       0x20 f:/altera/nios2eds/bin/gnu/h-i686-mingw32/bin/../lib/gcc/nios2-elf/4.7.3/../../../../../H-i686-mingw32/nios2-elf/lib/mno-hw-mul\libc.a(lib_a-puts.o)
 .debug_aranges
                0x000000c8       0x20 f:/altera/nios2eds/bin/gnu/h-i686-mingw32/bin/../lib/gcc/nios2-elf/4.7.3/../../../../../H-i686-mingw32/nios2-elf/lib/mno-hw-mul\libc.a(lib_a-strlen.o)
 .debug_aranges
                0x000000e8       0x20 f:/altera/nios2eds/bin/gnu/h-i686-mingw32/bin/../lib/gcc/nios2-elf/4.7.3/../../../../../H-i686-mingw32/nios2-elf/lib/mno-hw-mul\libc.a(lib_a-fvwrite.o)
 .debug_aranges
                0x00000108       0x18 f:/altera/nios2eds/bin/gnu/h-i686-mingw32/bin/../lib/gcc/nios2-elf/4.7.3/../../../../../H-i686-mingw32/nios2-elf/lib/mno-hw-mul\libc.a(lib_a-impure.o)
 .debug_aranges
                0x00000120       0x20 f:/altera/nios2eds/bin/gnu/h-i686-mingw32/bin/../lib/gcc/nios2-elf/4.7.3/../../../../../H-i686-mingw32/nios2-elf/lib/mno-hw-mul\libc.a(lib_a-mallocr.o)
 .debug_aranges
                0x00000140       0x20 f:/altera/nios2eds/bin/gnu/h-i686-mingw32/bin/../lib/gcc/nios2-elf/4.7.3/../../../../../H-i686-mingw32/nios2-elf/lib/mno-hw-mul\libc.a(lib_a-memchr.o)
 .debug_aranges
                0x00000160       0x20 f:/altera/nios2eds/bin/gnu/h-i686-mingw32/bin/../lib/gcc/nios2-elf/4.7.3/../../../../../H-i686-mingw32/nios2-elf/lib/mno-hw-mul\libc.a(lib_a-memmove.o)
 .debug_aranges
                0x00000180       0x20 f:/altera/nios2eds/bin/gnu/h-i686-mingw32/bin/../lib/gcc/nios2-elf/4.7.3/../../../../../H-i686-mingw32/nios2-elf/lib/mno-hw-mul\libc.a(lib_a-reallocr.o)
 .debug_aranges
                0x000001a0       0x20 f:/altera/nios2eds/bin/gnu/h-i686-mingw32/bin/../lib/gcc/nios2-elf/4.7.3/../../../../../H-i686-mingw32/nios2-elf/lib/mno-hw-mul\libc.a(lib_a-sbrkr.o)
 .debug_aranges
                0x000001c0       0x20 f:/altera/nios2eds/bin/gnu/h-i686-mingw32/bin/../lib/gcc/nios2-elf/4.7.3/../../../../../H-i686-mingw32/nios2-elf/lib/mno-hw-mul\libc.a(lib_a-wsetup.o)
 .debug_aranges
                0x000001e0       0x20 f:/altera/nios2eds/bin/gnu/h-i686-mingw32/bin/../lib/gcc/nios2-elf/4.7.3/../../../../../H-i686-mingw32/nios2-elf/lib/mno-hw-mul\libc.a(lib_a-fflush.o)
 .debug_aranges
                0x00000200       0x20 f:/altera/nios2eds/bin/gnu/h-i686-mingw32/bin/../lib/gcc/nios2-elf/4.7.3/../../../../../H-i686-mingw32/nios2-elf/lib/mno-hw-mul\libc.a(lib_a-findfp.o)
 .debug_aranges
                0x00000220       0x20 f:/altera/nios2eds/bin/gnu/h-i686-mingw32/bin/../lib/gcc/nios2-elf/4.7.3/../../../../../H-i686-mingw32/nios2-elf/lib/mno-hw-mul\libc.a(lib_a-freer.o)
 .debug_aranges
                0x00000240       0x20 f:/altera/nios2eds/bin/gnu/h-i686-mingw32/bin/../lib/gcc/nios2-elf/4.7.3/../../../../../H-i686-mingw32/nios2-elf/lib/mno-hw-mul\libc.a(lib_a-fwalk.o)
 .debug_aranges
                0x00000260       0x18 f:/altera/nios2eds/bin/gnu/h-i686-mingw32/bin/../lib/gcc/nios2-elf/4.7.3/../../../../../H-i686-mingw32/nios2-elf/lib/mno-hw-mul\libc.a(lib_a-int_errno.o)
 .debug_aranges
                0x00000278       0x20 f:/altera/nios2eds/bin/gnu/h-i686-mingw32/bin/../lib/gcc/nios2-elf/4.7.3/../../../../../H-i686-mingw32/nios2-elf/lib/mno-hw-mul\libc.a(lib_a-makebuf.o)
 .debug_aranges
                0x00000298       0x20 f:/altera/nios2eds/bin/gnu/h-i686-mingw32/bin/../lib/gcc/nios2-elf/4.7.3/../../../../../H-i686-mingw32/nios2-elf/lib/mno-hw-mul\libc.a(lib_a-memset.o)
 .debug_aranges
                0x000002b8       0x20 f:/altera/nios2eds/bin/gnu/h-i686-mingw32/bin/../lib/gcc/nios2-elf/4.7.3/../../../../../H-i686-mingw32/nios2-elf/lib/mno-hw-mul\libc.a(lib_a-stdio.o)
 .debug_aranges
                0x000002d8       0x20 f:/altera/nios2eds/bin/gnu/h-i686-mingw32/bin/../lib/gcc/nios2-elf/4.7.3/../../../../../H-i686-mingw32/nios2-elf/lib/mno-hw-mul\libc.a(lib_a-writer.o)
 .debug_aranges
                0x000002f8       0x20 f:/altera/nios2eds/bin/gnu/h-i686-mingw32/bin/../lib/gcc/nios2-elf/4.7.3/../../../../../H-i686-mingw32/nios2-elf/lib/mno-hw-mul\libc.a(lib_a-closer.o)
 .debug_aranges
                0x00000318       0x20 f:/altera/nios2eds/bin/gnu/h-i686-mingw32/bin/../lib/gcc/nios2-elf/4.7.3/../../../../../H-i686-mingw32/nios2-elf/lib/mno-hw-mul\libc.a(lib_a-fclose.o)
 .debug_aranges
                0x00000338       0x20 f:/altera/nios2eds/bin/gnu/h-i686-mingw32/bin/../lib/gcc/nios2-elf/4.7.3/../../../../../H-i686-mingw32/nios2-elf/lib/mno-hw-mul\libc.a(lib_a-fstatr.o)
 .debug_aranges
                0x00000358       0x20 f:/altera/nios2eds/bin/gnu/h-i686-mingw32/bin/../lib/gcc/nios2-elf/4.7.3/../../../../../H-i686-mingw32/nios2-elf/lib/mno-hw-mul\libc.a(lib_a-isattyr.o)
 .debug_aranges
                0x00000378       0x20 f:/altera/nios2eds/bin/gnu/h-i686-mingw32/bin/../lib/gcc/nios2-elf/4.7.3/../../../../../H-i686-mingw32/nios2-elf/lib/mno-hw-mul\libc.a(lib_a-lseekr.o)
 .debug_aranges
                0x00000398       0x20 f:/altera/nios2eds/bin/gnu/h-i686-mingw32/bin/../lib/gcc/nios2-elf/4.7.3/../../../../../H-i686-mingw32/nios2-elf/lib/mno-hw-mul\libc.a(lib_a-readr.o)
 .debug_aranges
                0x000003b8       0x20 ../cpu4_bsp/\libhal_bsp.a(alt_close.o)
 .debug_aranges
                0x000003d8       0x20 ../cpu4_bsp/\libhal_bsp.a(alt_dev.o)
 .debug_aranges
                0x000003f8       0x18 ../cpu4_bsp/\libhal_bsp.a(alt_errno.o)
 .debug_aranges
                0x00000410       0x20 ../cpu4_bsp/\libhal_bsp.a(alt_fstat.o)
 .debug_aranges
                0x00000430       0x20 ../cpu4_bsp/\libhal_bsp.a(alt_isatty.o)
 .debug_aranges
                0x00000450       0x20 ../cpu4_bsp/\libhal_bsp.a(alt_load.o)
 .debug_aranges
                0x00000470       0x20 ../cpu4_bsp/\libhal_bsp.a(alt_lseek.o)
 .debug_aranges
                0x00000490       0x20 ../cpu4_bsp/\libhal_bsp.a(alt_main.o)
 .debug_aranges
                0x000004b0       0x20 ../cpu4_bsp/\libhal_bsp.a(alt_malloc_lock.o)
 .debug_aranges
                0x000004d0       0x20 ../cpu4_bsp/\libhal_bsp.a(alt_read.o)
 .debug_aranges
                0x000004f0       0x20 ../cpu4_bsp/\libhal_bsp.a(alt_release_fd.o)
 .debug_aranges
                0x00000510       0x20 ../cpu4_bsp/\libhal_bsp.a(alt_sbrk.o)
 .debug_aranges
                0x00000530       0x20 ../cpu4_bsp/\libhal_bsp.a(alt_write.o)
 .debug_aranges
                0x00000550       0x20 ../cpu4_bsp/\libhal_bsp.a(alt_sys_init.o)
 .debug_aranges
                0x00000570       0x20 ../cpu4_bsp/\libhal_bsp.a(altera_avalon_fifo_util.o)
 .debug_aranges
                0x00000590       0x20 ../cpu4_bsp/\libhal_bsp.a(altera_avalon_jtag_uart_fd.o)
 .debug_aranges
                0x000005b0       0x20 ../cpu4_bsp/\libhal_bsp.a(altera_avalon_jtag_uart_init.o)
 .debug_aranges
                0x000005d0       0x20 ../cpu4_bsp/\libhal_bsp.a(altera_avalon_jtag_uart_ioctl.o)
 .debug_aranges
                0x000005f0       0x20 ../cpu4_bsp/\libhal_bsp.a(altera_avalon_jtag_uart_read.o)
 .debug_aranges
                0x00000610       0x20 ../cpu4_bsp/\libhal_bsp.a(altera_avalon_jtag_uart_write.o)
 .debug_aranges
                0x00000630       0x20 ../cpu4_bsp/\libhal_bsp.a(altera_avalon_timer_sc.o)
 .debug_aranges
                0x00000650       0x20 ../cpu4_bsp/\libhal_bsp.a(alt_alarm_start.o)
 .debug_aranges
                0x00000670       0x20 ../cpu4_bsp/\libhal_bsp.a(alt_dcache_flush_all.o)
 .debug_aranges
                0x00000690       0x20 ../cpu4_bsp/\libhal_bsp.a(alt_dev_llist_insert.o)
 .debug_aranges
                0x000006b0       0x20 ../cpu4_bsp/\libhal_bsp.a(alt_do_ctors.o)
 .debug_aranges
                0x000006d0       0x20 ../cpu4_bsp/\libhal_bsp.a(alt_do_dtors.o)
 .debug_aranges
                0x000006f0       0x20 ../cpu4_bsp/\libhal_bsp.a(alt_icache_flush_all.o)
 .debug_aranges
                0x00000710       0x20 ../cpu4_bsp/\libhal_bsp.a(alt_iic.o)
 .debug_aranges
                0x00000730       0x20 ../cpu4_bsp/\libhal_bsp.a(alt_iic_isr_register.o)
 .debug_aranges
                0x00000750       0x20 ../cpu4_bsp/\libhal_bsp.a(alt_io_redirect.o)
 .debug_aranges
                0x00000770       0x30 ../cpu4_bsp/\libhal_bsp.a(alt_irq_entry.o)
 .debug_aranges
                0x000007a0       0x20 ../cpu4_bsp/\libhal_bsp.a(alt_irq_handler.o)
 .debug_aranges
                0x000007c0       0x18 ../cpu4_bsp/\libhal_bsp.a(alt_irq_vars.o)
 .debug_aranges
                0x000007d8       0x20 ../cpu4_bsp/\libhal_bsp.a(alt_open.o)
 .debug_aranges
                0x000007f8       0x20 ../cpu4_bsp/\libhal_bsp.a(alt_tick.o)
 .debug_aranges
                0x00000818       0x20 ../cpu4_bsp/\libhal_bsp.a(altera_nios2_qsys_irq.o)
 .debug_aranges
                0x00000838       0x38 ../cpu4_bsp/\libhal_bsp.a(alt_exception_entry.o)
 .debug_aranges
                0x00000870       0x20 ../cpu4_bsp/\libhal_bsp.a(alt_find_dev.o)
 .debug_aranges
                0x00000890       0x20 ../cpu4_bsp/\libhal_bsp.a(alt_find_file.o)
 .debug_aranges
                0x000008b0       0x20 ../cpu4_bsp/\libhal_bsp.a(alt_get_fd.o)
 .debug_aranges
                0x000008d0       0x20 f:/altera/nios2eds/bin/gnu/h-i686-mingw32/bin/../lib/gcc/nios2-elf/4.7.3/../../../../../H-i686-mingw32/nios2-elf/lib/mno-hw-mul\libc.a(lib_a-atexit.o)
 .debug_aranges
                0x000008f0       0x20 f:/altera/nios2eds/bin/gnu/h-i686-mingw32/bin/../lib/gcc/nios2-elf/4.7.3/../../../../../H-i686-mingw32/nios2-elf/lib/mno-hw-mul\libc.a(lib_a-exit.o)
 .debug_aranges
                0x00000910       0x20 f:/altera/nios2eds/bin/gnu/h-i686-mingw32/bin/../lib/gcc/nios2-elf/4.7.3/../../../../../H-i686-mingw32/nios2-elf/lib/mno-hw-mul\libc.a(lib_a-memcmp.o)
 .debug_aranges
                0x00000930       0x20 f:/altera/nios2eds/bin/gnu/h-i686-mingw32/bin/../lib/gcc/nios2-elf/4.7.3/../../../../../H-i686-mingw32/nios2-elf/lib/mno-hw-mul\libc.a(lib_a-__atexit.o)
 .debug_aranges
                0x00000950       0x20 f:/altera/nios2eds/bin/gnu/h-i686-mingw32/bin/../lib/gcc/nios2-elf/4.7.3/../../../../../H-i686-mingw32/nios2-elf/lib/mno-hw-mul\libc.a(lib_a-__call_atexit.o)
 .debug_aranges
                0x00000970       0x20 ../cpu4_bsp/\libhal_bsp.a(alt_exit.o)

.debug_pubnames
 *(.debug_pubnames)

.debug_info     0x00000000    0x18118
 *(.debug_info .gnu.linkonce.wi.*)
 .debug_info    0x00000000       0x99 ../cpu4_bsp//obj/HAL/src/crt0.o
 .debug_info    0x00000099      0x133 obj/default/FIFO.o
 .debug_info    0x000001cc      0x3c8 obj/default/quant.o
 .debug_info    0x00000594       0xb8 f:/altera/nios2eds/bin/gnu/h-i686-mingw32/bin/../lib/gcc/nios2-elf/4.7.3/mno-hw-mul\libgcc.a(lib2-mul.o)
 .debug_info    0x0000064c      0x10f f:/altera/nios2eds/bin/gnu/h-i686-mingw32/bin/../lib/gcc/nios2-elf/4.7.3/../../../../../H-i686-mingw32/nios2-elf/lib/mno-hw-mul\libc.a(lib_a-memcpy.o)
 .debug_info    0x0000075b      0xab7 f:/altera/nios2eds/bin/gnu/h-i686-mingw32/bin/../lib/gcc/nios2-elf/4.7.3/../../../../../H-i686-mingw32/nios2-elf/lib/mno-hw-mul\libc.a(lib_a-puts.o)
 .debug_info    0x00001212       0xdf f:/altera/nios2eds/bin/gnu/h-i686-mingw32/bin/../lib/gcc/nios2-elf/4.7.3/../../../../../H-i686-mingw32/nios2-elf/lib/mno-hw-mul\libc.a(lib_a-strlen.o)
 .debug_info    0x000012f1      0xd05 f:/altera/nios2eds/bin/gnu/h-i686-mingw32/bin/../lib/gcc/nios2-elf/4.7.3/../../../../../H-i686-mingw32/nios2-elf/lib/mno-hw-mul\libc.a(lib_a-fvwrite.o)
 .debug_info    0x00001ff6      0x938 f:/altera/nios2eds/bin/gnu/h-i686-mingw32/bin/../lib/gcc/nios2-elf/4.7.3/../../../../../H-i686-mingw32/nios2-elf/lib/mno-hw-mul\libc.a(lib_a-impure.o)
 .debug_info    0x0000292e      0xe44 f:/altera/nios2eds/bin/gnu/h-i686-mingw32/bin/../lib/gcc/nios2-elf/4.7.3/../../../../../H-i686-mingw32/nios2-elf/lib/mno-hw-mul\libc.a(lib_a-mallocr.o)
 .debug_info    0x00003772      0x13e f:/altera/nios2eds/bin/gnu/h-i686-mingw32/bin/../lib/gcc/nios2-elf/4.7.3/../../../../../H-i686-mingw32/nios2-elf/lib/mno-hw-mul\libc.a(lib_a-memchr.o)
 .debug_info    0x000038b0      0x147 f:/altera/nios2eds/bin/gnu/h-i686-mingw32/bin/../lib/gcc/nios2-elf/4.7.3/../../../../../H-i686-mingw32/nios2-elf/lib/mno-hw-mul\libc.a(lib_a-memmove.o)
 .debug_info    0x000039f7      0xd8e f:/altera/nios2eds/bin/gnu/h-i686-mingw32/bin/../lib/gcc/nios2-elf/4.7.3/../../../../../H-i686-mingw32/nios2-elf/lib/mno-hw-mul\libc.a(lib_a-reallocr.o)
 .debug_info    0x00004785      0x9a3 f:/altera/nios2eds/bin/gnu/h-i686-mingw32/bin/../lib/gcc/nios2-elf/4.7.3/../../../../../H-i686-mingw32/nios2-elf/lib/mno-hw-mul\libc.a(lib_a-sbrkr.o)
 .debug_info    0x00005128      0x9d4 f:/altera/nios2eds/bin/gnu/h-i686-mingw32/bin/../lib/gcc/nios2-elf/4.7.3/../../../../../H-i686-mingw32/nios2-elf/lib/mno-hw-mul\libc.a(lib_a-wsetup.o)
 .debug_info    0x00005afc      0xad0 f:/altera/nios2eds/bin/gnu/h-i686-mingw32/bin/../lib/gcc/nios2-elf/4.7.3/../../../../../H-i686-mingw32/nios2-elf/lib/mno-hw-mul\libc.a(lib_a-fflush.o)
 .debug_info    0x000065cc      0xd6e f:/altera/nios2eds/bin/gnu/h-i686-mingw32/bin/../lib/gcc/nios2-elf/4.7.3/../../../../../H-i686-mingw32/nios2-elf/lib/mno-hw-mul\libc.a(lib_a-findfp.o)
 .debug_info    0x0000733a      0xcf9 f:/altera/nios2eds/bin/gnu/h-i686-mingw32/bin/../lib/gcc/nios2-elf/4.7.3/../../../../../H-i686-mingw32/nios2-elf/lib/mno-hw-mul\libc.a(lib_a-freer.o)
 .debug_info    0x00008033      0xb72 f:/altera/nios2eds/bin/gnu/h-i686-mingw32/bin/../lib/gcc/nios2-elf/4.7.3/../../../../../H-i686-mingw32/nios2-elf/lib/mno-hw-mul\libc.a(lib_a-fwalk.o)
 .debug_info    0x00008ba5       0x84 f:/altera/nios2eds/bin/gnu/h-i686-mingw32/bin/../lib/gcc/nios2-elf/4.7.3/../../../../../H-i686-mingw32/nios2-elf/lib/mno-hw-mul\libc.a(lib_a-int_errno.o)
 .debug_info    0x00008c29      0xbc2 f:/altera/nios2eds/bin/gnu/h-i686-mingw32/bin/../lib/gcc/nios2-elf/4.7.3/../../../../../H-i686-mingw32/nios2-elf/lib/mno-hw-mul\libc.a(lib_a-makebuf.o)
 .debug_info    0x000097eb      0x117 f:/altera/nios2eds/bin/gnu/h-i686-mingw32/bin/../lib/gcc/nios2-elf/4.7.3/../../../../../H-i686-mingw32/nios2-elf/lib/mno-hw-mul\libc.a(lib_a-memset.o)
 .debug_info    0x00009902      0xbfd f:/altera/nios2eds/bin/gnu/h-i686-mingw32/bin/../lib/gcc/nios2-elf/4.7.3/../../../../../H-i686-mingw32/nios2-elf/lib/mno-hw-mul\libc.a(lib_a-stdio.o)
 .debug_info    0x0000a4ff      0x9d2 f:/altera/nios2eds/bin/gnu/h-i686-mingw32/bin/../lib/gcc/nios2-elf/4.7.3/../../../../../H-i686-mingw32/nios2-elf/lib/mno-hw-mul\libc.a(lib_a-writer.o)
 .debug_info    0x0000aed1      0x97f f:/altera/nios2eds/bin/gnu/h-i686-mingw32/bin/../lib/gcc/nios2-elf/4.7.3/../../../../../H-i686-mingw32/nios2-elf/lib/mno-hw-mul\libc.a(lib_a-closer.o)
 .debug_info    0x0000b850      0xa97 f:/altera/nios2eds/bin/gnu/h-i686-mingw32/bin/../lib/gcc/nios2-elf/4.7.3/../../../../../H-i686-mingw32/nios2-elf/lib/mno-hw-mul\libc.a(lib_a-fclose.o)
 .debug_info    0x0000c2e7      0xb2f f:/altera/nios2eds/bin/gnu/h-i686-mingw32/bin/../lib/gcc/nios2-elf/4.7.3/../../../../../H-i686-mingw32/nios2-elf/lib/mno-hw-mul\libc.a(lib_a-fstatr.o)
 .debug_info    0x0000ce16      0x97f f:/altera/nios2eds/bin/gnu/h-i686-mingw32/bin/../lib/gcc/nios2-elf/4.7.3/../../../../../H-i686-mingw32/nios2-elf/lib/mno-hw-mul\libc.a(lib_a-isattyr.o)
 .debug_info    0x0000d795      0x9cb f:/altera/nios2eds/bin/gnu/h-i686-mingw32/bin/../lib/gcc/nios2-elf/4.7.3/../../../../../H-i686-mingw32/nios2-elf/lib/mno-hw-mul\libc.a(lib_a-lseekr.o)
 .debug_info    0x0000e160      0x9cb f:/altera/nios2eds/bin/gnu/h-i686-mingw32/bin/../lib/gcc/nios2-elf/4.7.3/../../../../../H-i686-mingw32/nios2-elf/lib/mno-hw-mul\libc.a(lib_a-readr.o)
 .debug_info    0x0000eb2b      0x350 ../cpu4_bsp/\libhal_bsp.a(alt_close.o)
 .debug_info    0x0000ee7b      0x4e3 ../cpu4_bsp/\libhal_bsp.a(alt_dev.o)
 .debug_info    0x0000f35e       0xa3 ../cpu4_bsp/\libhal_bsp.a(alt_errno.o)
 .debug_info    0x0000f401      0x4d8 ../cpu4_bsp/\libhal_bsp.a(alt_fstat.o)
 .debug_info    0x0000f8d9      0x4db ../cpu4_bsp/\libhal_bsp.a(alt_isatty.o)
 .debug_info    0x0000fdb4      0x135 ../cpu4_bsp/\libhal_bsp.a(alt_load.o)
 .debug_info    0x0000fee9      0x381 ../cpu4_bsp/\libhal_bsp.a(alt_lseek.o)
 .debug_info    0x0001026a      0x139 ../cpu4_bsp/\libhal_bsp.a(alt_main.o)
 .debug_info    0x000103a3      0x950 ../cpu4_bsp/\libhal_bsp.a(alt_malloc_lock.o)
 .debug_info    0x00010cf3      0x500 ../cpu4_bsp/\libhal_bsp.a(alt_read.o)
 .debug_info    0x000111f3      0x2dd ../cpu4_bsp/\libhal_bsp.a(alt_release_fd.o)
 .debug_info    0x000114d0      0x1b2 ../cpu4_bsp/\libhal_bsp.a(alt_sbrk.o)
 .debug_info    0x00011682      0x507 ../cpu4_bsp/\libhal_bsp.a(alt_write.o)
 .debug_info    0x00011b89      0x539 ../cpu4_bsp/\libhal_bsp.a(alt_sys_init.o)
 .debug_info    0x000120c2      0x4b5 ../cpu4_bsp/\libhal_bsp.a(altera_avalon_fifo_util.o)
 .debug_info    0x00012577      0x58a ../cpu4_bsp/\libhal_bsp.a(altera_avalon_jtag_uart_fd.o)
 .debug_info    0x00012b01      0x3d8 ../cpu4_bsp/\libhal_bsp.a(altera_avalon_jtag_uart_init.o)
 .debug_info    0x00012ed9      0x2a9 ../cpu4_bsp/\libhal_bsp.a(altera_avalon_jtag_uart_ioctl.o)
 .debug_info    0x00013182      0x371 ../cpu4_bsp/\libhal_bsp.a(altera_avalon_jtag_uart_read.o)
 .debug_info    0x000134f3      0x36c ../cpu4_bsp/\libhal_bsp.a(altera_avalon_jtag_uart_write.o)
 .debug_info    0x0001385f      0x235 ../cpu4_bsp/\libhal_bsp.a(altera_avalon_timer_sc.o)
 .debug_info    0x00013a94      0x2e4 ../cpu4_bsp/\libhal_bsp.a(alt_alarm_start.o)
 .debug_info    0x00013d78       0x90 ../cpu4_bsp/\libhal_bsp.a(alt_dcache_flush_all.o)
 .debug_info    0x00013e08      0x1b9 ../cpu4_bsp/\libhal_bsp.a(alt_dev_llist_insert.o)
 .debug_info    0x00013fc1       0x8d ../cpu4_bsp/\libhal_bsp.a(alt_do_ctors.o)
 .debug_info    0x0001404e       0x8d ../cpu4_bsp/\libhal_bsp.a(alt_do_dtors.o)
 .debug_info    0x000140db       0x90 ../cpu4_bsp/\libhal_bsp.a(alt_icache_flush_all.o)
 .debug_info    0x0001416b      0x364 ../cpu4_bsp/\libhal_bsp.a(alt_iic.o)
 .debug_info    0x000144cf      0x1f6 ../cpu4_bsp/\libhal_bsp.a(alt_iic_isr_register.o)
 .debug_info    0x000146c5      0x4f0 ../cpu4_bsp/\libhal_bsp.a(alt_io_redirect.o)
 .debug_info    0x00014bb5       0xa2 ../cpu4_bsp/\libhal_bsp.a(alt_irq_entry.o)
 .debug_info    0x00014c57      0x190 ../cpu4_bsp/\libhal_bsp.a(alt_irq_handler.o)
 .debug_info    0x00014de7       0x8a ../cpu4_bsp/\libhal_bsp.a(alt_irq_vars.o)
 .debug_info    0x00014e71      0x3f0 ../cpu4_bsp/\libhal_bsp.a(alt_open.o)
 .debug_info    0x00015261      0x2b1 ../cpu4_bsp/\libhal_bsp.a(alt_tick.o)
 .debug_info    0x00015512       0x90 ../cpu4_bsp/\libhal_bsp.a(altera_nios2_qsys_irq.o)
 .debug_info    0x000155a2       0xa8 ../cpu4_bsp/\libhal_bsp.a(alt_exception_entry.o)
 .debug_info    0x0001564a      0x30d ../cpu4_bsp/\libhal_bsp.a(alt_find_dev.o)
 .debug_info    0x00015957      0x30c ../cpu4_bsp/\libhal_bsp.a(alt_find_file.o)
 .debug_info    0x00015c63      0x339 ../cpu4_bsp/\libhal_bsp.a(alt_get_fd.o)
 .debug_info    0x00015f9c      0x1e6 f:/altera/nios2eds/bin/gnu/h-i686-mingw32/bin/../lib/gcc/nios2-elf/4.7.3/../../../../../H-i686-mingw32/nios2-elf/lib/mno-hw-mul\libc.a(lib_a-atexit.o)
 .debug_info    0x00016182      0x993 f:/altera/nios2eds/bin/gnu/h-i686-mingw32/bin/../lib/gcc/nios2-elf/4.7.3/../../../../../H-i686-mingw32/nios2-elf/lib/mno-hw-mul\libc.a(lib_a-exit.o)
 .debug_info    0x00016b15      0x117 f:/altera/nios2eds/bin/gnu/h-i686-mingw32/bin/../lib/gcc/nios2-elf/4.7.3/../../../../../H-i686-mingw32/nios2-elf/lib/mno-hw-mul\libc.a(lib_a-memcmp.o)
 .debug_info    0x00016c2c      0x9f9 f:/altera/nios2eds/bin/gnu/h-i686-mingw32/bin/../lib/gcc/nios2-elf/4.7.3/../../../../../H-i686-mingw32/nios2-elf/lib/mno-hw-mul\libc.a(lib_a-__atexit.o)
 .debug_info    0x00017625      0xa07 f:/altera/nios2eds/bin/gnu/h-i686-mingw32/bin/../lib/gcc/nios2-elf/4.7.3/../../../../../H-i686-mingw32/nios2-elf/lib/mno-hw-mul\libc.a(lib_a-__call_atexit.o)
 .debug_info    0x0001802c       0xec ../cpu4_bsp/\libhal_bsp.a(alt_exit.o)

.debug_abbrev   0x00000000     0x5d11
 *(.debug_abbrev)
 .debug_abbrev  0x00000000       0x12 ../cpu4_bsp//obj/HAL/src/crt0.o
 .debug_abbrev  0x00000012       0x90 obj/default/FIFO.o
 .debug_abbrev  0x000000a2      0x13b obj/default/quant.o
 .debug_abbrev  0x000001dd       0x6f f:/altera/nios2eds/bin/gnu/h-i686-mingw32/bin/../lib/gcc/nios2-elf/4.7.3/mno-hw-mul\libgcc.a(lib2-mul.o)
 .debug_abbrev  0x0000024c       0x9c f:/altera/nios2eds/bin/gnu/h-i686-mingw32/bin/../lib/gcc/nios2-elf/4.7.3/../../../../../H-i686-mingw32/nios2-elf/lib/mno-hw-mul\libc.a(lib_a-memcpy.o)
 .debug_abbrev  0x000002e8      0x208 f:/altera/nios2eds/bin/gnu/h-i686-mingw32/bin/../lib/gcc/nios2-elf/4.7.3/../../../../../H-i686-mingw32/nios2-elf/lib/mno-hw-mul\libc.a(lib_a-puts.o)
 .debug_abbrev  0x000004f0       0x90 f:/altera/nios2eds/bin/gnu/h-i686-mingw32/bin/../lib/gcc/nios2-elf/4.7.3/../../../../../H-i686-mingw32/nios2-elf/lib/mno-hw-mul\libc.a(lib_a-strlen.o)
 .debug_abbrev  0x00000580      0x234 f:/altera/nios2eds/bin/gnu/h-i686-mingw32/bin/../lib/gcc/nios2-elf/4.7.3/../../../../../H-i686-mingw32/nios2-elf/lib/mno-hw-mul\libc.a(lib_a-fvwrite.o)
 .debug_abbrev  0x000007b4      0x162 f:/altera/nios2eds/bin/gnu/h-i686-mingw32/bin/../lib/gcc/nios2-elf/4.7.3/../../../../../H-i686-mingw32/nios2-elf/lib/mno-hw-mul\libc.a(lib_a-impure.o)
 .debug_abbrev  0x00000916      0x284 f:/altera/nios2eds/bin/gnu/h-i686-mingw32/bin/../lib/gcc/nios2-elf/4.7.3/../../../../../H-i686-mingw32/nios2-elf/lib/mno-hw-mul\libc.a(lib_a-mallocr.o)
 .debug_abbrev  0x00000b9a       0xab f:/altera/nios2eds/bin/gnu/h-i686-mingw32/bin/../lib/gcc/nios2-elf/4.7.3/../../../../../H-i686-mingw32/nios2-elf/lib/mno-hw-mul\libc.a(lib_a-memchr.o)
 .debug_abbrev  0x00000c45       0x9c f:/altera/nios2eds/bin/gnu/h-i686-mingw32/bin/../lib/gcc/nios2-elf/4.7.3/../../../../../H-i686-mingw32/nios2-elf/lib/mno-hw-mul\libc.a(lib_a-memmove.o)
 .debug_abbrev  0x00000ce1      0x242 f:/altera/nios2eds/bin/gnu/h-i686-mingw32/bin/../lib/gcc/nios2-elf/4.7.3/../../../../../H-i686-mingw32/nios2-elf/lib/mno-hw-mul\libc.a(lib_a-reallocr.o)
 .debug_abbrev  0x00000f23      0x1df f:/altera/nios2eds/bin/gnu/h-i686-mingw32/bin/../lib/gcc/nios2-elf/4.7.3/../../../../../H-i686-mingw32/nios2-elf/lib/mno-hw-mul\libc.a(lib_a-sbrkr.o)
 .debug_abbrev  0x00001102      0x1d5 f:/altera/nios2eds/bin/gnu/h-i686-mingw32/bin/../lib/gcc/nios2-elf/4.7.3/../../../../../H-i686-mingw32/nios2-elf/lib/mno-hw-mul\libc.a(lib_a-wsetup.o)
 .debug_abbrev  0x000012d7      0x259 f:/altera/nios2eds/bin/gnu/h-i686-mingw32/bin/../lib/gcc/nios2-elf/4.7.3/../../../../../H-i686-mingw32/nios2-elf/lib/mno-hw-mul\libc.a(lib_a-fflush.o)
 .debug_abbrev  0x00001530      0x333 f:/altera/nios2eds/bin/gnu/h-i686-mingw32/bin/../lib/gcc/nios2-elf/4.7.3/../../../../../H-i686-mingw32/nios2-elf/lib/mno-hw-mul\libc.a(lib_a-findfp.o)
 .debug_abbrev  0x00001863      0x25d f:/altera/nios2eds/bin/gnu/h-i686-mingw32/bin/../lib/gcc/nios2-elf/4.7.3/../../../../../H-i686-mingw32/nios2-elf/lib/mno-hw-mul\libc.a(lib_a-freer.o)
 .debug_abbrev  0x00001ac0      0x224 f:/altera/nios2eds/bin/gnu/h-i686-mingw32/bin/../lib/gcc/nios2-elf/4.7.3/../../../../../H-i686-mingw32/nios2-elf/lib/mno-hw-mul\libc.a(lib_a-fwalk.o)
 .debug_abbrev  0x00001ce4       0x37 f:/altera/nios2eds/bin/gnu/h-i686-mingw32/bin/../lib/gcc/nios2-elf/4.7.3/../../../../../H-i686-mingw32/nios2-elf/lib/mno-hw-mul\libc.a(lib_a-int_errno.o)
 .debug_abbrev  0x00001d1b      0x1e8 f:/altera/nios2eds/bin/gnu/h-i686-mingw32/bin/../lib/gcc/nios2-elf/4.7.3/../../../../../H-i686-mingw32/nios2-elf/lib/mno-hw-mul\libc.a(lib_a-makebuf.o)
 .debug_abbrev  0x00001f03       0xac f:/altera/nios2eds/bin/gnu/h-i686-mingw32/bin/../lib/gcc/nios2-elf/4.7.3/../../../../../H-i686-mingw32/nios2-elf/lib/mno-hw-mul\libc.a(lib_a-memset.o)
 .debug_abbrev  0x00001faf      0x226 f:/altera/nios2eds/bin/gnu/h-i686-mingw32/bin/../lib/gcc/nios2-elf/4.7.3/../../../../../H-i686-mingw32/nios2-elf/lib/mno-hw-mul\libc.a(lib_a-stdio.o)
 .debug_abbrev  0x000021d5      0x1c0 f:/altera/nios2eds/bin/gnu/h-i686-mingw32/bin/../lib/gcc/nios2-elf/4.7.3/../../../../../H-i686-mingw32/nios2-elf/lib/mno-hw-mul\libc.a(lib_a-writer.o)
 .debug_abbrev  0x00002395      0x1bb f:/altera/nios2eds/bin/gnu/h-i686-mingw32/bin/../lib/gcc/nios2-elf/4.7.3/../../../../../H-i686-mingw32/nios2-elf/lib/mno-hw-mul\libc.a(lib_a-closer.o)
 .debug_abbrev  0x00002550      0x24e f:/altera/nios2eds/bin/gnu/h-i686-mingw32/bin/../lib/gcc/nios2-elf/4.7.3/../../../../../H-i686-mingw32/nios2-elf/lib/mno-hw-mul\libc.a(lib_a-fclose.o)
 .debug_abbrev  0x0000279e      0x1ca f:/altera/nios2eds/bin/gnu/h-i686-mingw32/bin/../lib/gcc/nios2-elf/4.7.3/../../../../../H-i686-mingw32/nios2-elf/lib/mno-hw-mul\libc.a(lib_a-fstatr.o)
 .debug_abbrev  0x00002968      0x1bb f:/altera/nios2eds/bin/gnu/h-i686-mingw32/bin/../lib/gcc/nios2-elf/4.7.3/../../../../../H-i686-mingw32/nios2-elf/lib/mno-hw-mul\libc.a(lib_a-isattyr.o)
 .debug_abbrev  0x00002b23      0x1ca f:/altera/nios2eds/bin/gnu/h-i686-mingw32/bin/../lib/gcc/nios2-elf/4.7.3/../../../../../H-i686-mingw32/nios2-elf/lib/mno-hw-mul\libc.a(lib_a-lseekr.o)
 .debug_abbrev  0x00002ced      0x1bb f:/altera/nios2eds/bin/gnu/h-i686-mingw32/bin/../lib/gcc/nios2-elf/4.7.3/../../../../../H-i686-mingw32/nios2-elf/lib/mno-hw-mul\libc.a(lib_a-readr.o)
 .debug_abbrev  0x00002ea8      0x11f ../cpu4_bsp/\libhal_bsp.a(alt_close.o)
 .debug_abbrev  0x00002fc7       0xd9 ../cpu4_bsp/\libhal_bsp.a(alt_dev.o)
 .debug_abbrev  0x000030a0       0x5a ../cpu4_bsp/\libhal_bsp.a(alt_errno.o)
 .debug_abbrev  0x000030fa      0x11f ../cpu4_bsp/\libhal_bsp.a(alt_fstat.o)
 .debug_abbrev  0x00003219      0x11f ../cpu4_bsp/\libhal_bsp.a(alt_isatty.o)
 .debug_abbrev  0x00003338       0x9d ../cpu4_bsp/\libhal_bsp.a(alt_load.o)
 .debug_abbrev  0x000033d5      0x11f ../cpu4_bsp/\libhal_bsp.a(alt_lseek.o)
 .debug_abbrev  0x000034f4       0xba ../cpu4_bsp/\libhal_bsp.a(alt_main.o)
 .debug_abbrev  0x000035ae      0x187 ../cpu4_bsp/\libhal_bsp.a(alt_malloc_lock.o)
 .debug_abbrev  0x00003735      0x12e ../cpu4_bsp/\libhal_bsp.a(alt_read.o)
 .debug_abbrev  0x00003863       0xde ../cpu4_bsp/\libhal_bsp.a(alt_release_fd.o)
 .debug_abbrev  0x00003941      0x112 ../cpu4_bsp/\libhal_bsp.a(alt_sbrk.o)
 .debug_abbrev  0x00003a53      0x133 ../cpu4_bsp/\libhal_bsp.a(alt_write.o)
 .debug_abbrev  0x00003b86      0x176 ../cpu4_bsp/\libhal_bsp.a(alt_sys_init.o)
 .debug_abbrev  0x00003cfc       0xb0 ../cpu4_bsp/\libhal_bsp.a(altera_avalon_fifo_util.o)
 .debug_abbrev  0x00003dac      0x118 ../cpu4_bsp/\libhal_bsp.a(altera_avalon_jtag_uart_fd.o)
 .debug_abbrev  0x00003ec4      0x18f ../cpu4_bsp/\libhal_bsp.a(altera_avalon_jtag_uart_init.o)
 .debug_abbrev  0x00004053      0x102 ../cpu4_bsp/\libhal_bsp.a(altera_avalon_jtag_uart_ioctl.o)
 .debug_abbrev  0x00004155      0x19b ../cpu4_bsp/\libhal_bsp.a(altera_avalon_jtag_uart_read.o)
 .debug_abbrev  0x000042f0      0x199 ../cpu4_bsp/\libhal_bsp.a(altera_avalon_jtag_uart_write.o)
 .debug_abbrev  0x00004489      0x155 ../cpu4_bsp/\libhal_bsp.a(altera_avalon_timer_sc.o)
 .debug_abbrev  0x000045de      0x162 ../cpu4_bsp/\libhal_bsp.a(alt_alarm_start.o)
 .debug_abbrev  0x00004740       0x42 ../cpu4_bsp/\libhal_bsp.a(alt_dcache_flush_all.o)
 .debug_abbrev  0x00004782      0x114 ../cpu4_bsp/\libhal_bsp.a(alt_dev_llist_insert.o)
 .debug_abbrev  0x00004896       0x79 ../cpu4_bsp/\libhal_bsp.a(alt_do_ctors.o)
 .debug_abbrev  0x0000490f       0x79 ../cpu4_bsp/\libhal_bsp.a(alt_do_dtors.o)
 .debug_abbrev  0x00004988       0x42 ../cpu4_bsp/\libhal_bsp.a(alt_icache_flush_all.o)
 .debug_abbrev  0x000049ca      0x16a ../cpu4_bsp/\libhal_bsp.a(alt_iic.o)
 .debug_abbrev  0x00004b34      0x169 ../cpu4_bsp/\libhal_bsp.a(alt_iic_isr_register.o)
 .debug_abbrev  0x00004c9d      0x114 ../cpu4_bsp/\libhal_bsp.a(alt_io_redirect.o)
 .debug_abbrev  0x00004db1       0x12 ../cpu4_bsp/\libhal_bsp.a(alt_irq_entry.o)
 .debug_abbrev  0x00004dc3      0x124 ../cpu4_bsp/\libhal_bsp.a(alt_irq_handler.o)
 .debug_abbrev  0x00004ee7       0x40 ../cpu4_bsp/\libhal_bsp.a(alt_irq_vars.o)
 .debug_abbrev  0x00004f27      0x148 ../cpu4_bsp/\libhal_bsp.a(alt_open.o)
 .debug_abbrev  0x0000506f      0x15a ../cpu4_bsp/\libhal_bsp.a(alt_tick.o)
 .debug_abbrev  0x000051c9       0x42 ../cpu4_bsp/\libhal_bsp.a(altera_nios2_qsys_irq.o)
 .debug_abbrev  0x0000520b       0x12 ../cpu4_bsp/\libhal_bsp.a(alt_exception_entry.o)
 .debug_abbrev  0x0000521d       0xf0 ../cpu4_bsp/\libhal_bsp.a(alt_find_dev.o)
 .debug_abbrev  0x0000530d       0xf0 ../cpu4_bsp/\libhal_bsp.a(alt_find_file.o)
 .debug_abbrev  0x000053fd      0x10d ../cpu4_bsp/\libhal_bsp.a(alt_get_fd.o)
 .debug_abbrev  0x0000550a      0x106 f:/altera/nios2eds/bin/gnu/h-i686-mingw32/bin/../lib/gcc/nios2-elf/4.7.3/../../../../../H-i686-mingw32/nios2-elf/lib/mno-hw-mul\libc.a(lib_a-atexit.o)
 .debug_abbrev  0x00005610      0x1c8 f:/altera/nios2eds/bin/gnu/h-i686-mingw32/bin/../lib/gcc/nios2-elf/4.7.3/../../../../../H-i686-mingw32/nios2-elf/lib/mno-hw-mul\libc.a(lib_a-exit.o)
 .debug_abbrev  0x000057d8       0x7f f:/altera/nios2eds/bin/gnu/h-i686-mingw32/bin/../lib/gcc/nios2-elf/4.7.3/../../../../../H-i686-mingw32/nios2-elf/lib/mno-hw-mul\libc.a(lib_a-memcmp.o)
 .debug_abbrev  0x00005857      0x211 f:/altera/nios2eds/bin/gnu/h-i686-mingw32/bin/../lib/gcc/nios2-elf/4.7.3/../../../../../H-i686-mingw32/nios2-elf/lib/mno-hw-mul\libc.a(lib_a-__atexit.o)
 .debug_abbrev  0x00005a68      0x203 f:/altera/nios2eds/bin/gnu/h-i686-mingw32/bin/../lib/gcc/nios2-elf/4.7.3/../../../../../H-i686-mingw32/nios2-elf/lib/mno-hw-mul\libc.a(lib_a-__call_atexit.o)
 .debug_abbrev  0x00005c6b       0xa6 ../cpu4_bsp/\libhal_bsp.a(alt_exit.o)

.debug_line     0x00000000     0x6eee
 *(.debug_line)
 .debug_line    0x00000000       0x66 ../cpu4_bsp//obj/HAL/src/crt0.o
 .debug_line    0x00000066       0x58 obj/default/FIFO.o
 .debug_line    0x000000be      0x1f0 obj/default/quant.o
 .debug_line    0x000002ae       0x80 f:/altera/nios2eds/bin/gnu/h-i686-mingw32/bin/../lib/gcc/nios2-elf/4.7.3/mno-hw-mul\libgcc.a(lib2-mul.o)
 .debug_line    0x0000032e      0x144 f:/altera/nios2eds/bin/gnu/h-i686-mingw32/bin/../lib/gcc/nios2-elf/4.7.3/../../../../../H-i686-mingw32/nios2-elf/lib/mno-hw-mul\libc.a(lib_a-memcpy.o)
 .debug_line    0x00000472      0x238 f:/altera/nios2eds/bin/gnu/h-i686-mingw32/bin/../lib/gcc/nios2-elf/4.7.3/../../../../../H-i686-mingw32/nios2-elf/lib/mno-hw-mul\libc.a(lib_a-puts.o)
 .debug_line    0x000006aa      0x185 f:/altera/nios2eds/bin/gnu/h-i686-mingw32/bin/../lib/gcc/nios2-elf/4.7.3/../../../../../H-i686-mingw32/nios2-elf/lib/mno-hw-mul\libc.a(lib_a-strlen.o)
 .debug_line    0x0000082f      0x363 f:/altera/nios2eds/bin/gnu/h-i686-mingw32/bin/../lib/gcc/nios2-elf/4.7.3/../../../../../H-i686-mingw32/nios2-elf/lib/mno-hw-mul\libc.a(lib_a-fvwrite.o)
 .debug_line    0x00000b92      0x176 f:/altera/nios2eds/bin/gnu/h-i686-mingw32/bin/../lib/gcc/nios2-elf/4.7.3/../../../../../H-i686-mingw32/nios2-elf/lib/mno-hw-mul\libc.a(lib_a-impure.o)
 .debug_line    0x00000d08      0x424 f:/altera/nios2eds/bin/gnu/h-i686-mingw32/bin/../lib/gcc/nios2-elf/4.7.3/../../../../../H-i686-mingw32/nios2-elf/lib/mno-hw-mul\libc.a(lib_a-mallocr.o)
 .debug_line    0x0000112c      0x1f4 f:/altera/nios2eds/bin/gnu/h-i686-mingw32/bin/../lib/gcc/nios2-elf/4.7.3/../../../../../H-i686-mingw32/nios2-elf/lib/mno-hw-mul\libc.a(lib_a-memchr.o)
 .debug_line    0x00001320      0x1f9 f:/altera/nios2eds/bin/gnu/h-i686-mingw32/bin/../lib/gcc/nios2-elf/4.7.3/../../../../../H-i686-mingw32/nios2-elf/lib/mno-hw-mul\libc.a(lib_a-memmove.o)
 .debug_line    0x00001519      0x333 f:/altera/nios2eds/bin/gnu/h-i686-mingw32/bin/../lib/gcc/nios2-elf/4.7.3/../../../../../H-i686-mingw32/nios2-elf/lib/mno-hw-mul\libc.a(lib_a-reallocr.o)
 .debug_line    0x0000184c      0x215 f:/altera/nios2eds/bin/gnu/h-i686-mingw32/bin/../lib/gcc/nios2-elf/4.7.3/../../../../../H-i686-mingw32/nios2-elf/lib/mno-hw-mul\libc.a(lib_a-sbrkr.o)
 .debug_line    0x00001a61      0x26e f:/altera/nios2eds/bin/gnu/h-i686-mingw32/bin/../lib/gcc/nios2-elf/4.7.3/../../../../../H-i686-mingw32/nios2-elf/lib/mno-hw-mul\libc.a(lib_a-wsetup.o)
 .debug_line    0x00001ccf      0x29f f:/altera/nios2eds/bin/gnu/h-i686-mingw32/bin/../lib/gcc/nios2-elf/4.7.3/../../../../../H-i686-mingw32/nios2-elf/lib/mno-hw-mul\libc.a(lib_a-fflush.o)
 .debug_line    0x00001f6e      0x2ea f:/altera/nios2eds/bin/gnu/h-i686-mingw32/bin/../lib/gcc/nios2-elf/4.7.3/../../../../../H-i686-mingw32/nios2-elf/lib/mno-hw-mul\libc.a(lib_a-findfp.o)
 .debug_line    0x00002258      0x314 f:/altera/nios2eds/bin/gnu/h-i686-mingw32/bin/../lib/gcc/nios2-elf/4.7.3/../../../../../H-i686-mingw32/nios2-elf/lib/mno-hw-mul\libc.a(lib_a-freer.o)
 .debug_line    0x0000256c      0x25c f:/altera/nios2eds/bin/gnu/h-i686-mingw32/bin/../lib/gcc/nios2-elf/4.7.3/../../../../../H-i686-mingw32/nios2-elf/lib/mno-hw-mul\libc.a(lib_a-fwalk.o)
 .debug_line    0x000027c8       0x60 f:/altera/nios2eds/bin/gnu/h-i686-mingw32/bin/../lib/gcc/nios2-elf/4.7.3/../../../../../H-i686-mingw32/nios2-elf/lib/mno-hw-mul\libc.a(lib_a-int_errno.o)
 .debug_line    0x00002828      0x296 f:/altera/nios2eds/bin/gnu/h-i686-mingw32/bin/../lib/gcc/nios2-elf/4.7.3/../../../../../H-i686-mingw32/nios2-elf/lib/mno-hw-mul\libc.a(lib_a-makebuf.o)
 .debug_line    0x00002abe      0x1f4 f:/altera/nios2eds/bin/gnu/h-i686-mingw32/bin/../lib/gcc/nios2-elf/4.7.3/../../../../../H-i686-mingw32/nios2-elf/lib/mno-hw-mul\libc.a(lib_a-memset.o)
 .debug_line    0x00002cb2      0x248 f:/altera/nios2eds/bin/gnu/h-i686-mingw32/bin/../lib/gcc/nios2-elf/4.7.3/../../../../../H-i686-mingw32/nios2-elf/lib/mno-hw-mul\libc.a(lib_a-stdio.o)
 .debug_line    0x00002efa      0x216 f:/altera/nios2eds/bin/gnu/h-i686-mingw32/bin/../lib/gcc/nios2-elf/4.7.3/../../../../../H-i686-mingw32/nios2-elf/lib/mno-hw-mul\libc.a(lib_a-writer.o)
 .debug_line    0x00003110      0x216 f:/altera/nios2eds/bin/gnu/h-i686-mingw32/bin/../lib/gcc/nios2-elf/4.7.3/../../../../../H-i686-mingw32/nios2-elf/lib/mno-hw-mul\libc.a(lib_a-closer.o)
 .debug_line    0x00003326      0x269 f:/altera/nios2eds/bin/gnu/h-i686-mingw32/bin/../lib/gcc/nios2-elf/4.7.3/../../../../../H-i686-mingw32/nios2-elf/lib/mno-hw-mul\libc.a(lib_a-fclose.o)
 .debug_line    0x0000358f      0x21f f:/altera/nios2eds/bin/gnu/h-i686-mingw32/bin/../lib/gcc/nios2-elf/4.7.3/../../../../../H-i686-mingw32/nios2-elf/lib/mno-hw-mul\libc.a(lib_a-fstatr.o)
 .debug_line    0x000037ae      0x217 f:/altera/nios2eds/bin/gnu/h-i686-mingw32/bin/../lib/gcc/nios2-elf/4.7.3/../../../../../H-i686-mingw32/nios2-elf/lib/mno-hw-mul\libc.a(lib_a-isattyr.o)
 .debug_line    0x000039c5      0x221 f:/altera/nios2eds/bin/gnu/h-i686-mingw32/bin/../lib/gcc/nios2-elf/4.7.3/../../../../../H-i686-mingw32/nios2-elf/lib/mno-hw-mul\libc.a(lib_a-lseekr.o)
 .debug_line    0x00003be6      0x215 f:/altera/nios2eds/bin/gnu/h-i686-mingw32/bin/../lib/gcc/nios2-elf/4.7.3/../../../../../H-i686-mingw32/nios2-elf/lib/mno-hw-mul\libc.a(lib_a-readr.o)
 .debug_line    0x00003dfb      0x181 ../cpu4_bsp/\libhal_bsp.a(alt_close.o)
 .debug_line    0x00003f7c      0x114 ../cpu4_bsp/\libhal_bsp.a(alt_dev.o)
 .debug_line    0x00004090       0x51 ../cpu4_bsp/\libhal_bsp.a(alt_errno.o)
 .debug_line    0x000040e1      0x17b ../cpu4_bsp/\libhal_bsp.a(alt_fstat.o)
 .debug_line    0x0000425c      0x17b ../cpu4_bsp/\libhal_bsp.a(alt_isatty.o)